Archive member included to satisfy reference by file (symbol)

C:/ST/STM32CubeCLT_1.17.0/GNU-tools-for-STM32/bin/../lib/gcc/arm-none-eabi/12.3.1/../../../../arm-none-eabi/lib/thumb/v7e-m+fp/hard\libc.a(libc_a-exit.o)
                              C:/ST/STM32CubeCLT_1.17.0/GNU-tools-for-STM32/bin/../lib/gcc/arm-none-eabi/12.3.1/../../../../arm-none-eabi/lib/thumb/v7e-m+fp/hard/crt0.o (exit)
C:/ST/STM32CubeCLT_1.17.0/GNU-tools-for-STM32/bin/../lib/gcc/arm-none-eabi/12.3.1/../../../../arm-none-eabi/lib/thumb/v7e-m+fp/hard\libc.a(libc_a-findfp.o)
                              C:/ST/STM32CubeCLT_1.17.0/GNU-tools-for-STM32/bin/../lib/gcc/arm-none-eabi/12.3.1/../../../../arm-none-eabi/lib/thumb/v7e-m+fp/hard\libc.a(libc_a-exit.o) (__stdio_exit_handler)
C:/ST/STM32CubeCLT_1.17.0/GNU-tools-for-STM32/bin/../lib/gcc/arm-none-eabi/12.3.1/../../../../arm-none-eabi/lib/thumb/v7e-m+fp/hard\libc.a(libc_a-fwalk.o)
                              C:/ST/STM32CubeCLT_1.17.0/GNU-tools-for-STM32/bin/../lib/gcc/arm-none-eabi/12.3.1/../../../../arm-none-eabi/lib/thumb/v7e-m+fp/hard\libc.a(libc_a-findfp.o) (_fwalk_sglue)
C:/ST/STM32CubeCLT_1.17.0/GNU-tools-for-STM32/bin/../lib/gcc/arm-none-eabi/12.3.1/../../../../arm-none-eabi/lib/thumb/v7e-m+fp/hard\libc.a(libc_a-stdio.o)
                              C:/ST/STM32CubeCLT_1.17.0/GNU-tools-for-STM32/bin/../lib/gcc/arm-none-eabi/12.3.1/../../../../arm-none-eabi/lib/thumb/v7e-m+fp/hard\libc.a(libc_a-findfp.o) (__sread)
C:/ST/STM32CubeCLT_1.17.0/GNU-tools-for-STM32/bin/../lib/gcc/arm-none-eabi/12.3.1/../../../../arm-none-eabi/lib/thumb/v7e-m+fp/hard\libc.a(libc_a-memset.o)
                              C:/ST/STM32CubeCLT_1.17.0/GNU-tools-for-STM32/bin/../lib/gcc/arm-none-eabi/12.3.1/../../../../arm-none-eabi/lib/thumb/v7e-m+fp/hard/crt0.o (memset)
C:/ST/STM32CubeCLT_1.17.0/GNU-tools-for-STM32/bin/../lib/gcc/arm-none-eabi/12.3.1/../../../../arm-none-eabi/lib/thumb/v7e-m+fp/hard\libc.a(libc_a-closer.o)
                              C:/ST/STM32CubeCLT_1.17.0/GNU-tools-for-STM32/bin/../lib/gcc/arm-none-eabi/12.3.1/../../../../arm-none-eabi/lib/thumb/v7e-m+fp/hard\libc.a(libc_a-stdio.o) (_close_r)
C:/ST/STM32CubeCLT_1.17.0/GNU-tools-for-STM32/bin/../lib/gcc/arm-none-eabi/12.3.1/../../../../arm-none-eabi/lib/thumb/v7e-m+fp/hard\libc.a(libc_a-reent.o)
                              C:/ST/STM32CubeCLT_1.17.0/GNU-tools-for-STM32/bin/../lib/gcc/arm-none-eabi/12.3.1/../../../../arm-none-eabi/lib/thumb/v7e-m+fp/hard\libc.a(libc_a-closer.o) (errno)
C:/ST/STM32CubeCLT_1.17.0/GNU-tools-for-STM32/bin/../lib/gcc/arm-none-eabi/12.3.1/../../../../arm-none-eabi/lib/thumb/v7e-m+fp/hard\libc.a(libc_a-impure.o)
                              C:/ST/STM32CubeCLT_1.17.0/GNU-tools-for-STM32/bin/../lib/gcc/arm-none-eabi/12.3.1/../../../../arm-none-eabi/lib/thumb/v7e-m+fp/hard\libc.a(libc_a-reent.o) (_impure_ptr)
C:/ST/STM32CubeCLT_1.17.0/GNU-tools-for-STM32/bin/../lib/gcc/arm-none-eabi/12.3.1/../../../../arm-none-eabi/lib/thumb/v7e-m+fp/hard\libc.a(libc_a-lseekr.o)
                              C:/ST/STM32CubeCLT_1.17.0/GNU-tools-for-STM32/bin/../lib/gcc/arm-none-eabi/12.3.1/../../../../arm-none-eabi/lib/thumb/v7e-m+fp/hard\libc.a(libc_a-stdio.o) (_lseek_r)
C:/ST/STM32CubeCLT_1.17.0/GNU-tools-for-STM32/bin/../lib/gcc/arm-none-eabi/12.3.1/../../../../arm-none-eabi/lib/thumb/v7e-m+fp/hard\libc.a(libc_a-readr.o)
                              C:/ST/STM32CubeCLT_1.17.0/GNU-tools-for-STM32/bin/../lib/gcc/arm-none-eabi/12.3.1/../../../../arm-none-eabi/lib/thumb/v7e-m+fp/hard\libc.a(libc_a-stdio.o) (_read_r)
C:/ST/STM32CubeCLT_1.17.0/GNU-tools-for-STM32/bin/../lib/gcc/arm-none-eabi/12.3.1/../../../../arm-none-eabi/lib/thumb/v7e-m+fp/hard\libc.a(libc_a-writer.o)
                              C:/ST/STM32CubeCLT_1.17.0/GNU-tools-for-STM32/bin/../lib/gcc/arm-none-eabi/12.3.1/../../../../arm-none-eabi/lib/thumb/v7e-m+fp/hard\libc.a(libc_a-stdio.o) (_write_r)
C:/ST/STM32CubeCLT_1.17.0/GNU-tools-for-STM32/bin/../lib/gcc/arm-none-eabi/12.3.1/../../../../arm-none-eabi/lib/thumb/v7e-m+fp/hard\libc.a(libc_a-init.o)
                              C:/ST/STM32CubeCLT_1.17.0/GNU-tools-for-STM32/bin/../lib/gcc/arm-none-eabi/12.3.1/../../../../arm-none-eabi/lib/thumb/v7e-m+fp/hard/crt0.o (__libc_init_array)
C:/ST/STM32CubeCLT_1.17.0/GNU-tools-for-STM32/bin/../lib/gcc/arm-none-eabi/12.3.1/../../../../arm-none-eabi/lib/thumb/v7e-m+fp/hard\libc.a(libc_a-lock.o)
                              C:/ST/STM32CubeCLT_1.17.0/GNU-tools-for-STM32/bin/../lib/gcc/arm-none-eabi/12.3.1/../../../../arm-none-eabi/lib/thumb/v7e-m+fp/hard\libc.a(libc_a-findfp.o) (__retarget_lock_init_recursive)
C:/ST/STM32CubeCLT_1.17.0/GNU-tools-for-STM32/bin/../lib/gcc/arm-none-eabi/12.3.1/../../../../arm-none-eabi/lib/thumb/v7e-m+fp/hard\libc.a(libc_a-__call_atexit.o)
                              C:/ST/STM32CubeCLT_1.17.0/GNU-tools-for-STM32/bin/../lib/gcc/arm-none-eabi/12.3.1/../../../../arm-none-eabi/lib/thumb/v7e-m+fp/hard\libc.a(libc_a-exit.o) (__call_exitprocs)
[...]
Memory Configuration

Name             Origin             Length             Attributes
CCMRAM           0x10000000         0x00010000         xrw
RAM              0x20000000         0x00020000         xrw
FLASH            0x08000000         0x00100000         xr
*default*        0x00000000         0xffffffff

Linker script and memory map

LOAD C:/ST/STM32CubeCLT_1.17.0/GNU-tools-for-STM32/bin/../lib/gcc/arm-none-eabi/12.3.1/thumb/v7e-m+fp/hard/crti.o
LOAD C:/ST/STM32CubeCLT_1.17.0/GNU-tools-for-STM32/bin/../lib/gcc/arm-none-eabi/12.3.1/thumb/v7e-m+fp/hard/crtbegin.o
LOAD C:/ST/STM32CubeCLT_1.17.0/GNU-tools-for-STM32/bin/../lib/gcc/arm-none-eabi/12.3.1/../../../../arm-none-eabi/lib/thumb/v7e-m+fp/hard/crt0.o
START GROUP
LOAD C:/ST/STM32CubeCLT_1.17.0/GNU-tools-for-STM32/bin/../lib/gcc/arm-none-eabi/12.3.1/../../../../arm-none-eabi/lib/thumb/v7e-m+fp/hard\libc.a
LOAD C:/ST/STM32CubeCLT_1.17.0/GNU-tools-for-STM32/bin/../lib/gcc/arm-none-eabi/12.3.1/../../../../arm-none-eabi/lib/thumb/v7e-m+fp/hard\libm.a
LOAD C:/ST/STM32CubeCLT_1.17.0/GNU-tools-for-STM32/bin/../lib/gcc/arm-none-eabi/12.3.1/../../../../arm-none-eabi/lib/thumb/v7e-m+fp/hard\libstdc++.a
LOAD C:/ST/STM32CubeCLT_1.17.0/GNU-tools-for-STM32/bin/../lib/gcc/arm-none-eabi/12.3.1/../../../../arm-none-eabi/lib/thumb/v7e-m+fp/hard\libsupc++.a
END GROUP
LOAD CMakeFiles/05_LCD.dir/Driver/Src/flash_driver.c.obj
LOAD CMakeFiles/05_LCD.dir/Driver/Src/gpio_driver.c.obj
LOAD CMakeFiles/05_LCD.dir/Driver/Src/i2c_driver.c.obj
LOAD CMakeFiles/05_LCD.dir/Driver/Src/rcc_driver.c.obj
LOAD CMakeFiles/05_LCD.dir/Driver/Src/timer_driver.c.obj
LOAD CMakeFiles/05_LCD.dir/Src/Init.c.obj
LOAD CMakeFiles/05_LCD.dir/Src/lcd_com.c.obj
LOAD CMakeFiles/05_LCD.dir/Src/main.c.obj
LOAD CMakeFiles/05_LCD.dir/Src/syscall.c.obj
LOAD CMakeFiles/05_LCD.dir/Src/sysmem.c.obj
LOAD CMakeFiles/05_LCD.dir/Src/util.c.obj
LOAD CMakeFiles/05_LCD.dir/Startup/startup_stm32f407vgtx.s.obj
START GROUP
LOAD C:/ST/STM32CubeCLT_1.17.0/GNU-tools-for-STM32/bin/../lib/gcc/arm-none-eabi/12.3.1/thumb/v7e-m+fp/hard\libgcc.a
LOAD C:/ST/STM32CubeCLT_1.17.0/GNU-tools-for-STM32/bin/../lib/gcc/arm-none-eabi/12.3.1/../../../../arm-none-eabi/lib/thumb/v7e-m+fp/hard\libg.a
LOAD C:/ST/STM32CubeCLT_1.17.0/GNU-tools-for-STM32/bin/../lib/gcc/arm-none-eabi/12.3.1/../../../../arm-none-eabi/lib/thumb/v7e-m+fp/hard\libc.a
END GROUP
START GROUP
LOAD C:/ST/STM32CubeCLT_1.17.0/GNU-tools-for-STM32/bin/../lib/gcc/arm-none-eabi/12.3.1/thumb/v7e-m+fp/hard\libgcc.a
LOAD C:/ST/STM32CubeCLT_1.17.0/GNU-tools-for-STM32/bin/../lib/gcc/arm-none-eabi/12.3.1/../../../../arm-none-eabi/lib/thumb/v7e-m+fp/hard\libc.a
LOAD C:/ST/STM32CubeCLT_1.17.0/GNU-tools-for-STM32/bin/../lib/gcc/arm-none-eabi/12.3.1/../../../../arm-none-eabi/lib/thumb/v7e-m+fp/hard\libnosys.a
END GROUP
LOAD C:/ST/STM32CubeCLT_1.17.0/GNU-tools-for-STM32/bin/../lib/gcc/arm-none-eabi/12.3.1/thumb/v7e-m+fp/hard/crtend.o
LOAD C:/ST/STM32CubeCLT_1.17.0/GNU-tools-for-STM32/bin/../lib/gcc/arm-none-eabi/12.3.1/thumb/v7e-m+fp/hard/crtn.o
                0x20020000                        _estack = (ORIGIN (RAM) + LENGTH (RAM))
                0x00000200                        _Min_Heap_Size = 0x200
                0x00000400                        _Min_Stack_Size = 0x400

.isr_vector     0x08000000      0x188
                0x08000000                        . = ALIGN (0x4)
 *(.isr_vector)
 .isr_vector    0x08000000      0x188 CMakeFiles/05_LCD.dir/Startup/startup_stm32f407vgtx.s.obj
                0x08000000                g_pfnVectors
                0x08000188                        . = ALIGN (0x4)

.text           0x08000188      0x98c
                0x08000188                        . = ALIGN (0x4)
 *(.text)
 .text          0x08000188       0x40 C:/ST/STM32CubeCLT_1.17.0/GNU-tools-for-STM32/bin/../lib/gcc/arm-none-eabi/12.3.1/thumb/v7e-m+fp/hard/crtbegin.o
 *(.text*)
 .text.__libc_init_array
                0x080001c8       0x48 C:/ST/STM32CubeCLT_1.17.0/GNU-tools-for-STM32/bin/../lib/gcc/arm-none-eabi/12.3.1/../../../../arm-none-eabi/lib/thumb/v7e-m+fp/hard\libc.a(libc_a-init.o)
                0x080001c8                __libc_init_array
 .text.__retarget_lock_acquire_recursive
                0x08000210        0x2 C:/ST/STM32CubeCLT_1.17.0/GNU-tools-for-STM32/bin/../lib/gcc/arm-none-eabi/12.3.1/../../../../arm-none-eabi/lib/thumb/v7e-m+fp/hard\libc.a(libc_a-lock.o)
                0x08000210                __retarget_lock_acquire_recursive
 .text.__retarget_lock_release_recursive
                0x08000212        0x2 C:/ST/STM32CubeCLT_1.17.0/GNU-tools-for-STM32/bin/../lib/gcc/arm-none-eabi/12.3.1/../../../../arm-none-eabi/lib/thumb/v7e-m+fp/hard\libc.a(libc_a-lock.o)
                0x08000212                __retarget_lock_release_recursive
 .text.startup.register_fini
                0x08000214       0x14 C:/ST/STM32CubeCLT_1.17.0/GNU-tools-for-STM32/bin/../lib/gcc/arm-none-eabi/12.3.1/../../../../arm-none-eabi/lib/thumb/v7e-m+fp/hard\libc.a(libc_a-__call_atexit.o)
 .text.atexit   0x08000228        0xc C:/ST/STM32CubeCLT_1.17.0/GNU-tools-for-STM32/bin/../lib/gcc/arm-none-eabi/12.3.1/../../../../arm-none-eabi/lib/thumb/v7e-m+fp/hard\libc.a(libc_a-atexit.o)
                0x08000228                atexit
 .text.__libc_fini_array
                0x08000234       0x28 C:/ST/STM32CubeCLT_1.17.0/GNU-tools-for-STM32/bin/../lib/gcc/arm-none-eabi/12.3.1/../../../../arm-none-eabi/lib/thumb/v7e-m+fp/hard\libc.a(libc_a-fini.o)
                0x08000234                __libc_fini_array
 .text.__register_exitproc
                0x0800025c       0x80 C:/ST/STM32CubeCLT_1.17.0/GNU-tools-for-STM32/bin/../lib/gcc/arm-none-eabi/12.3.1/../../../../arm-none-eabi/lib/thumb/v7e-m+fp/hard\libc.a(libc_a-__atexit.o)
                0x0800025c                __register_exitproc
 .text.Set_Flash_Latency
                0x080002dc       0x10 CMakeFiles/05_LCD.dir/Driver/Src/flash_driver.c.obj
                0x080002dc                Set_Flash_Latency
 .text.Set_GPIO_Mode
                0x080002ec        0xc CMakeFiles/05_LCD.dir/Driver/Src/gpio_driver.c.obj
                0x080002ec                Set_GPIO_Mode
 .text.Set_GPIO_Output_Type
                0x080002f8        0xa CMakeFiles/05_LCD.dir/Driver/Src/gpio_driver.c.obj
                0x080002f8                Set_GPIO_Output_Type
 .text.Set_GPIO_Output_Speed
                0x08000302        0xc CMakeFiles/05_LCD.dir/Driver/Src/gpio_driver.c.obj
                0x08000302                Set_GPIO_Output_Speed
 .text.Set_GPIO_PUPD
                0x0800030e        0xc CMakeFiles/05_LCD.dir/Driver/Src/gpio_driver.c.obj
                0x0800030e                Set_GPIO_PUPD
 .text.Set_GPIO_Output
                0x0800031a       0x20 CMakeFiles/05_LCD.dir/Driver/Src/gpio_driver.c.obj
                0x0800031a                Set_GPIO_Output
 .text.GPIO_Set_AFR
                0x0800033a       0x20 CMakeFiles/05_LCD.dir/Driver/Src/gpio_driver.c.obj
                0x0800033a                GPIO_Set_AFR
 .text.Set_GPIO_Init_Config
                0x0800035a       0x48 CMakeFiles/05_LCD.dir/Driver/Src/gpio_driver.c.obj
                0x0800035a                Set_GPIO_Init_Config
 .text.I2C_Set_Peri_Enable
                0x080003a2       0x18 CMakeFiles/05_LCD.dir/Driver/Src/i2c_driver.c.obj
                0x080003a2                I2C_Set_Peri_Enable
 .text.I2C_Set_Peri_Clk
                0x080003ba       0x16 CMakeFiles/05_LCD.dir/Driver/Src/i2c_driver.c.obj
                0x080003ba                I2C_Set_Peri_Clk
 .text.I2C_Set_SCL_Clk
                0x080003d0       0x1e CMakeFiles/05_LCD.dir/Driver/Src/i2c_driver.c.obj
                0x080003d0                I2C_Set_SCL_Clk
 .text.I2C_Send_One_Data_Master_To_Slave
                0x080003ee       0x46 CMakeFiles/05_LCD.dir/Driver/Src/i2c_driver.c.obj
                0x080003ee                I2C_Send_One_Data_Master_To_Slave
 .text.Enable_Sysclk_Input
                0x08000434       0x3c CMakeFiles/05_LCD.dir/Driver/Src/rcc_driver.c.obj
                0x08000434                Enable_Sysclk_Input
 .text.Wait_Sysclk_Ready
                0x08000470       0x3c CMakeFiles/05_LCD.dir/Driver/Src/rcc_driver.c.obj
                0x08000470                Wait_Sysclk_Ready
 .text.Set_Sysclk_Input
                0x080004ac       0x1c CMakeFiles/05_LCD.dir/Driver/Src/rcc_driver.c.obj
                0x080004ac                Set_Sysclk_Input
 .text.Enable_AHB1_Peri_Clk
                0x080004c8       0x2c CMakeFiles/05_LCD.dir/Driver/Src/rcc_driver.c.obj
                0x080004c8                Enable_AHB1_Peri_Clk
 .text.Enable_APB1_Peri_Clk
                0x080004f4       0x2c CMakeFiles/05_LCD.dir/Driver/Src/rcc_driver.c.obj
                0x080004f4                Enable_APB1_Peri_Clk
 .text.Set_PLLClk
                0x08000520       0x34 CMakeFiles/05_LCD.dir/Driver/Src/rcc_driver.c.obj
                0x08000520                Set_PLLClk
 .text.Set_RCC_BUS_Frequency
                0x08000554       0x1c CMakeFiles/05_LCD.dir/Driver/Src/rcc_driver.c.obj
                0x08000554                Set_RCC_BUS_Frequency
 .text.Start_Timer
                0x08000570        0xe CMakeFiles/05_LCD.dir/Driver/Src/timer_driver.c.obj
                0x08000570                Start_Timer
 .text.Stop_Timer
                0x0800057e        0xa CMakeFiles/05_LCD.dir/Driver/Src/timer_driver.c.obj
                0x0800057e                Stop_Timer
 .text.Set_Timer_Prescaler
                0x08000588        0x4 CMakeFiles/05_LCD.dir/Driver/Src/timer_driver.c.obj
                0x08000588                Set_Timer_Prescaler
 .text.Set_Timer_Auto_Reload
                0x0800058c        0x4 CMakeFiles/05_LCD.dir/Driver/Src/timer_driver.c.obj
                0x0800058c                Set_Timer_Auto_Reload
 .text.delay_ms
                0x08000590       0x38 CMakeFiles/05_LCD.dir/Driver/Src/timer_driver.c.obj
                0x08000590                delay_ms
 .text.Init_PeriClk_Enable
                0x080005c8       0x2c CMakeFiles/05_LCD.dir/Src/Init.c.obj
                0x080005c8                Init_PeriClk_Enable
 .text.Init_Bus_Clock_Prescale
                0x080005f4        0x8 CMakeFiles/05_LCD.dir/Src/Init.c.obj
                0x080005f4                Init_Bus_Clock_Prescale
 .text.Init_Sysclk
                0x080005fc       0x3c CMakeFiles/05_LCD.dir/Src/Init.c.obj
                0x080005fc                Init_Sysclk
 .text.Init_GPIO
                0x08000638       0x88 CMakeFiles/05_LCD.dir/Src/Init.c.obj
                0x08000638                Init_GPIO
 .text.Init_Timer
                0x080006c0       0x1c CMakeFiles/05_LCD.dir/Src/Init.c.obj
                0x080006c0                Init_Timer
 .text.Init_I2C
                0x080006dc       0x24 CMakeFiles/05_LCD.dir/Src/Init.c.obj
                0x080006dc                Init_I2C
 .text.Init     0x08000700       0x14 CMakeFiles/05_LCD.dir/Src/Init.c.obj
                0x08000700                Init
 .text.LCD_Write_One_Data_Master_To_LCD
                0x08000714       0x28 CMakeFiles/05_LCD.dir/Src/lcd_com.c.obj
                0x08000714                LCD_Write_One_Data_Master_To_LCD
 .text.LCD_Write_Multiple_Data_Master_To_LCD
                0x0800073c       0x42 CMakeFiles/05_LCD.dir/Src/lcd_com.c.obj
                0x0800073c                LCD_Write_Multiple_Data_Master_To_LCD
 *fill*         0x0800077e        0x2 
 .text.LCD_Init_4Bit_Interface
                0x08000780      0x1b0 CMakeFiles/05_LCD.dir/Src/lcd_com.c.obj
                0x08000780                LCD_Init_4Bit_Interface
 .text.Cal_SDcard_Usage
                0x08000930       0xa0 CMakeFiles/05_LCD.dir/Src/lcd_com.c.obj
                0x08000930                Cal_SDcard_Usage
 .text.main     0x080009d0       0x4c CMakeFiles/05_LCD.dir/Src/main.c.obj
                0x080009d0                main
 .text.LED_Blink
                0x08000a1c       0x8c CMakeFiles/05_LCD.dir/Src/util.c.obj
                0x08000a1c                LED_Blink
 .text.Reset_Handler
                0x08000aa8       0x50 CMakeFiles/05_LCD.dir/Startup/startup_stm32f407vgtx.s.obj
                0x08000aa8                Reset_Handler
 .text.Default_Handler
                0x08000af8        0x2 CMakeFiles/05_LCD.dir/Startup/startup_stm32f407vgtx.s.obj
                0x08000af8                RTC_Alarm_IRQHandler
                0x08000af8                HASH_RNG_IRQHandler
                0x08000af8                EXTI2_IRQHandler
                0x08000af8                TIM8_CC_IRQHandler
                0x08000af8                TIM1_CC_IRQHandler
                0x08000af8                DMA2_Stream5_IRQHandler
                0x08000af8                HardFault_Handler
                0x08000af8                DMA1_Stream5_IRQHandler
                0x08000af8                SysTick_Handler
                0x08000af8                PVD_IRQHandler
                0x08000af8                SDIO_IRQHandler
                0x08000af8                TAMP_STAMP_IRQHandler
                0x08000af8                PendSV_Handler
                0x08000af8                NMI_Handler
                0x08000af8                CAN2_RX1_IRQHandler
                0x08000af8                EXTI3_IRQHandler
                0x08000af8                TIM8_TRG_COM_TIM14_IRQHandler
                0x08000af8                TIM1_UP_TIM10_IRQHandler
                0x08000af8                TIM8_UP_TIM13_IRQHandler
                0x08000af8                I2C3_ER_IRQHandler
                0x08000af8                EXTI0_IRQHandler
                0x08000af8                I2C2_EV_IRQHandler
                0x08000af8                DMA1_Stream2_IRQHandler
                0x08000af8                CAN1_RX0_IRQHandler
                0x08000af8                FPU_IRQHandler
                0x08000af8                OTG_HS_WKUP_IRQHandler
                0x08000af8                UsageFault_Handler
                0x08000af8                CAN2_SCE_IRQHandler
                0x08000af8                DMA2_Stream2_IRQHandler
                0x08000af8                SPI1_IRQHandler
                0x08000af8                TIM6_DAC_IRQHandler
                0x08000af8                TIM1_BRK_TIM9_IRQHandler
                0x08000af8                DCMI_IRQHandler
                0x08000af8                CAN2_RX0_IRQHandler
                0x08000af8                DMA2_Stream3_IRQHandler
                0x08000af8                USART6_IRQHandler
                0x08000af8                USART3_IRQHandler
                0x08000af8                CRYP_IRQHandler
                0x08000af8                CAN1_RX1_IRQHandler
                0x08000af8                UART5_IRQHandler
                0x08000af8                DMA2_Stream0_IRQHandler
                0x08000af8                TIM4_IRQHandler
                0x08000af8                I2C1_EV_IRQHandler
                0x08000af8                DMA1_Stream6_IRQHandler
                0x08000af8                DMA1_Stream1_IRQHandler
                0x08000af8                UART4_IRQHandler
                0x08000af8                TIM3_IRQHandler
                0x08000af8                RCC_IRQHandler
                0x08000af8                TIM8_BRK_TIM12_IRQHandler
                0x08000af8                Default_Handler
                0x08000af8                EXTI15_10_IRQHandler
                0x08000af8                ADC_IRQHandler
                0x08000af8                DMA1_Stream7_IRQHandler
                0x08000af8                TIM7_IRQHandler
                0x08000af8                CAN2_TX_IRQHandler
                0x08000af8                TIM5_IRQHandler
                0x08000af8                DMA2_Stream7_IRQHandler
                0x08000af8                I2C3_EV_IRQHandler
                0x08000af8                EXTI9_5_IRQHandler
                0x08000af8                RTC_WKUP_IRQHandler
                0x08000af8                ETH_WKUP_IRQHandler
                0x08000af8                SPI2_IRQHandler
                0x08000af8                OTG_HS_EP1_IN_IRQHandler
                0x08000af8                MemManage_Handler
                0x08000af8                DMA1_Stream0_IRQHandler
                0x08000af8                CAN1_TX_IRQHandler
                0x08000af8                SVC_Handler
                0x08000af8                EXTI4_IRQHandler
                0x08000af8                FSMC_IRQHandler
                0x08000af8                ETH_IRQHandler
                0x08000af8                OTG_HS_EP1_OUT_IRQHandler
                0x08000af8                WWDG_IRQHandler
                0x08000af8                TIM2_IRQHandler
                0x08000af8                OTG_FS_WKUP_IRQHandler
                0x08000af8                TIM1_TRG_COM_TIM11_IRQHandler
                0x08000af8                OTG_HS_IRQHandler
                0x08000af8                EXTI1_IRQHandler
                0x08000af8                USART2_IRQHandler
                0x08000af8                I2C2_ER_IRQHandler
                0x08000af8                DMA2_Stream1_IRQHandler
                0x08000af8                CAN1_SCE_IRQHandler
                0x08000af8                DMA2_Stream4_IRQHandler
                0x08000af8                BusFault_Handler
                0x08000af8                USART1_IRQHandler
                0x08000af8                OTG_FS_IRQHandler
                0x08000af8                SPI3_IRQHandler
                0x08000af8                DMA1_Stream4_IRQHandler
                0x08000af8                I2C1_ER_IRQHandler
                0x08000af8                DMA2_Stream6_IRQHandler
                0x08000af8                DMA1_Stream3_IRQHandler
 *(.glue_7)
 .glue_7        0x08000afa        0x0 linker stubs
 *(.glue_7t)
 .glue_7t       0x08000afa        0x0 linker stubs
 *(.eh_frame)
 *fill*         0x08000afa        0x2 
 .eh_frame      0x08000afc        0x0 C:/ST/STM32CubeCLT_1.17.0/GNU-tools-for-STM32/bin/../lib/gcc/arm-none-eabi/12.3.1/thumb/v7e-m+fp/hard/crtbegin.o
 *(.init)
 .init          0x08000afc        0x4 C:/ST/STM32CubeCLT_1.17.0/GNU-tools-for-STM32/bin/../lib/gcc/arm-none-eabi/12.3.1/thumb/v7e-m+fp/hard/crti.o
                0x08000afc                _init
 .init          0x08000b00        0x8 C:/ST/STM32CubeCLT_1.17.0/GNU-tools-for-STM32/bin/../lib/gcc/arm-none-eabi/12.3.1/thumb/v7e-m+fp/hard/crtn.o
 *(.fini)
 .fini          0x08000b08        0x4 C:/ST/STM32CubeCLT_1.17.0/GNU-tools-for-STM32/bin/../lib/gcc/arm-none-eabi/12.3.1/thumb/v7e-m+fp/hard/crti.o
                0x08000b08                _fini
 .fini          0x08000b0c        0x8 C:/ST/STM32CubeCLT_1.17.0/GNU-tools-for-STM32/bin/../lib/gcc/arm-none-eabi/12.3.1/thumb/v7e-m+fp/hard/crtn.o
                0x08000b14                        . = ALIGN (0x4)
                0x08000b14                        _etext = .

.vfp11_veneer   0x08000b14        0x0
 .vfp11_veneer  0x08000b14        0x0 linker stubs

.v4_bx          0x08000b14        0x0
 .v4_bx         0x08000b14        0x0 linker stubs

.iplt           0x08000b14        0x0
 .iplt          0x08000b14        0x0 C:/ST/STM32CubeCLT_1.17.0/GNU-tools-for-STM32/bin/../lib/gcc/arm-none-eabi/12.3.1/thumb/v7e-m+fp/hard/crtbegin.o

.rodata         0x08000b14       0x30
                0x08000b14                        . = ALIGN (0x4)
 *(.rodata)
 .rodata        0x08000b14       0x30 CMakeFiles/05_LCD.dir/Src/lcd_com.c.obj
 *(.rodata*)
                0x08000b44                        . = ALIGN (0x4)

.ARM.extab      0x08000b44        0x0
                0x08000b44                        . = ALIGN (0x4)
 *(.ARM.extab* .gnu.linkonce.armextab.*)
                0x08000b44                        . = ALIGN (0x4)

.ARM            0x08000b44        0x0
                0x08000b44                        . = ALIGN (0x4)
                0x08000b44                        __exidx_start = .
 *(.ARM.exidx*)
                0x08000b44                        __exidx_end = .
                0x08000b44                        . = ALIGN (0x4)

.preinit_array  0x08000b44        0x0
                0x08000b44                        . = ALIGN (0x4)
                0x08000b44                        PROVIDE (__preinit_array_start = .)
 *(.preinit_array*)
                0x08000b44                        PROVIDE (__preinit_array_end = .)
                0x08000b44                        . = ALIGN (0x4)

.init_array     0x08000b44        0x8
                0x08000b44                        . = ALIGN (0x4)
                0x08000b44                        PROVIDE (__init_array_start = .)
 *(SORT_BY_NAME(.init_array.*))
 .init_array.00000
                0x08000b44        0x4 C:/ST/STM32CubeCLT_1.17.0/GNU-tools-for-STM32/bin/../lib/gcc/arm-none-eabi/12.3.1/../../../../arm-none-eabi/lib/thumb/v7e-m+fp/hard\libc.a(libc_a-__call_atexit.o)
 *(.init_array*)
 .init_array    0x08000b48        0x4 C:/ST/STM32CubeCLT_1.17.0/GNU-tools-for-STM32/bin/../lib/gcc/arm-none-eabi/12.3.1/thumb/v7e-m+fp/hard/crtbegin.o
                0x08000b4c                        PROVIDE (__init_array_end = .)
                0x08000b4c                        . = ALIGN (0x4)

.fini_array     0x08000b4c        0x4
                0x08000b4c                        . = ALIGN (0x4)
                0x08000b4c                        PROVIDE (__fini_array_start = .)
 *(SORT_BY_NAME(.fini_array.*))
 *(.fini_array*)
 .fini_array    0x08000b4c        0x4 C:/ST/STM32CubeCLT_1.17.0/GNU-tools-for-STM32/bin/../lib/gcc/arm-none-eabi/12.3.1/thumb/v7e-m+fp/hard/crtbegin.o
                0x08000b50                        PROVIDE (__fini_array_end = .)
                0x08000b50                        . = ALIGN (0x4)
                0x08000b50                        _sidata = LOADADDR (.data)

.rel.dyn        0x08000b50        0x0
 .rel.iplt      0x08000b50        0x0 C:/ST/STM32CubeCLT_1.17.0/GNU-tools-for-STM32/bin/../lib/gcc/arm-none-eabi/12.3.1/thumb/v7e-m+fp/hard/crtbegin.o

.data           0x20000000       0x5c load address 0x08000b50
                0x20000000                        . = ALIGN (0x4)
                0x20000000                        _sdata = .
 *(.data)
 *(.data*)
 .data.__atexit_recursive_mutex
                0x20000000        0x4 C:/ST/STM32CubeCLT_1.17.0/GNU-tools-for-STM32/bin/../lib/gcc/arm-none-eabi/12.3.1/../../../../arm-none-eabi/lib/thumb/v7e-m+fp/hard\libc.a(libc_a-__call_atexit.o)
                0x20000000                __atexit_recursive_mutex
 .data.pFLASH   0x20000004        0x4 CMakeFiles/05_LCD.dir/Driver/Src/flash_driver.c.obj
                0x20000004                pFLASH
 .data.pRCC     0x20000008        0x4 CMakeFiles/05_LCD.dir/Driver/Src/rcc_driver.c.obj
                0x20000008                pRCC
 .data.pTIM6    0x2000000c        0x4 CMakeFiles/05_LCD.dir/Driver/Src/timer_driver.c.obj
                0x2000000c                pTIM6
 .data.LCD_r    0x20000010        0x2 CMakeFiles/05_LCD.dir/Src/lcd_com.c.obj
                0x20000010                LCD_r
 *fill*         0x20000012        0x2 
 .data.LCD_d    0x20000014        0x2 CMakeFiles/05_LCD.dir/Src/lcd_com.c.obj
                0x20000014                LCD_d
 *fill*         0x20000016        0x2 
 .data.LCD_c    0x20000018        0x2 CMakeFiles/05_LCD.dir/Src/lcd_com.c.obj
                0x20000018                LCD_c
 *fill*         0x2000001a        0x2 
 .data.LCD_a    0x2000001c        0x2 CMakeFiles/05_LCD.dir/Src/lcd_com.c.obj
                0x2000001c                LCD_a
 *fill*         0x2000001e        0x2 
 .data.LCD_S    0x20000020        0x2 CMakeFiles/05_LCD.dir/Src/lcd_com.c.obj
                0x20000020                LCD_S
 *fill*         0x20000022        0x2 
 .data.LCD_D    0x20000024        0x2 CMakeFiles/05_LCD.dir/Src/lcd_com.c.obj
                0x20000024                LCD_D
 *fill*         0x20000026        0x2 
 .data.LCD_9    0x20000028        0x2 CMakeFiles/05_LCD.dir/Src/lcd_com.c.obj
                0x20000028                LCD_9
 *fill*         0x2000002a        0x2 
 .data.LCD_8    0x2000002c        0x2 CMakeFiles/05_LCD.dir/Src/lcd_com.c.obj
                0x2000002c                LCD_8
 *fill*         0x2000002e        0x2 
 .data.LCD_7    0x20000030        0x2 CMakeFiles/05_LCD.dir/Src/lcd_com.c.obj
                0x20000030                LCD_7
 *fill*         0x20000032        0x2 
 .data.LCD_6    0x20000034        0x2 CMakeFiles/05_LCD.dir/Src/lcd_com.c.obj
                0x20000034                LCD_6
 *fill*         0x20000036        0x2 
 .data.LCD_5    0x20000038        0x2 CMakeFiles/05_LCD.dir/Src/lcd_com.c.obj
                0x20000038                LCD_5
 *fill*         0x2000003a        0x2 
 .data.LCD_4    0x2000003c        0x2 CMakeFiles/05_LCD.dir/Src/lcd_com.c.obj
                0x2000003c                LCD_4
 *fill*         0x2000003e        0x2 
 .data.LCD_3    0x20000040        0x2 CMakeFiles/05_LCD.dir/Src/lcd_com.c.obj
                0x20000040                LCD_3
 *fill*         0x20000042        0x2 
 .data.LCD_2    0x20000044        0x2 CMakeFiles/05_LCD.dir/Src/lcd_com.c.obj
                0x20000044                LCD_2
 *fill*         0x20000046        0x2 
 .data.LCD_1    0x20000048        0x2 CMakeFiles/05_LCD.dir/Src/lcd_com.c.obj
                0x20000048                LCD_1
 *fill*         0x2000004a        0x2 
 .data.LCD_0    0x2000004c        0x2 CMakeFiles/05_LCD.dir/Src/lcd_com.c.obj
                0x2000004c                LCD_0
 *fill*         0x2000004e        0x2 
 .data.LCD_PERCENTAGE
                0x20000050        0x2 CMakeFiles/05_LCD.dir/Src/lcd_com.c.obj
                0x20000050                LCD_PERCENTAGE
 *fill*         0x20000052        0x2 
 .data.LCD_DiVIDE
                0x20000054        0x2 CMakeFiles/05_LCD.dir/Src/lcd_com.c.obj
                0x20000054                LCD_DiVIDE
 *fill*         0x20000056        0x2 
 .data.LCD_SPACE
                0x20000058        0x2 CMakeFiles/05_LCD.dir/Src/lcd_com.c.obj
                0x20000058                LCD_SPACE
 *(.RamFunc)
 *(.RamFunc*)
                0x2000005c                        . = ALIGN (0x4)
 *fill*         0x2000005a        0x2 
                0x2000005c                        _edata = .
                0x08000bac                        _siccmram = LOADADDR (.ccmram)

.igot.plt       0x2000005c        0x0 load address 0x08000bac
 .igot.plt      0x2000005c        0x0 C:/ST/STM32CubeCLT_1.17.0/GNU-tools-for-STM32/bin/../lib/gcc/arm-none-eabi/12.3.1/thumb/v7e-m+fp/hard/crtbegin.o

.ccmram         0x10000000        0x0 load address 0x08000bac
                0x10000000                        . = ALIGN (0x4)
                0x10000000                        _sccmram = .
 *(.ccmram)
 *(.ccmram*)
                0x10000000                        . = ALIGN (0x4)
                0x10000000                        _eccmram = .
                0x10000000                        . = ALIGN (0x4)

.bss            0x2000005c      0x1b8
                0x2000005c                        _sbss = .
                0x2000005c                        __bss_start__ = _sbss
 *(.bss)
 .bss           0x2000005c       0x1c C:/ST/STM32CubeCLT_1.17.0/GNU-tools-for-STM32/bin/../lib/gcc/arm-none-eabi/12.3.1/thumb/v7e-m+fp/hard/crtbegin.o
 *(.bss*)
 .bss.__lock___atexit_recursive_mutex
                0x20000078        0x1 C:/ST/STM32CubeCLT_1.17.0/GNU-tools-for-STM32/bin/../lib/gcc/arm-none-eabi/12.3.1/../../../../arm-none-eabi/lib/thumb/v7e-m+fp/hard\libc.a(libc_a-lock.o)
                0x20000078                __lock___atexit_recursive_mutex
 *fill*         0x20000079        0x3 
 .bss.__atexit  0x2000007c        0x4 C:/ST/STM32CubeCLT_1.17.0/GNU-tools-for-STM32/bin/../lib/gcc/arm-none-eabi/12.3.1/../../../../arm-none-eabi/lib/thumb/v7e-m+fp/hard\libc.a(libc_a-__call_atexit.o)
                0x2000007c                __atexit
 .bss.__atexit0
                0x20000080      0x190 C:/ST/STM32CubeCLT_1.17.0/GNU-tools-for-STM32/bin/../lib/gcc/arm-none-eabi/12.3.1/../../../../arm-none-eabi/lib/thumb/v7e-m+fp/hard\libc.a(libc_a-__atexit.o)
                0x20000080                __atexit0
 .bss.cnt       0x20000210        0x1 CMakeFiles/05_LCD.dir/Src/main.c.obj
                0x20000210                cnt
 *(COMMON)
                0x20000214                        . = ALIGN (0x4)
 *fill*         0x20000211        0x3 
                0x20000214                        _ebss = .
                0x20000214                        __bss_end__ = _ebss

._user_heap_stack
                0x20000214      0x604
                0x20000218                        . = ALIGN (0x8)
 *fill*         0x20000214        0x4 
                [!provide]                        PROVIDE (end = .)
                0x20000218                        PROVIDE (_end = .)
                0x20000418                        . = (. + _Min_Heap_Size)
 *fill*         0x20000218      0x200 
                0x20000818                        . = (. + _Min_Stack_Size)
 *fill*         0x20000418      0x400 
                0x20000818                        . = ALIGN (0x8)

/DISCARD/
 libc.a(*)
 libm.a(*)
 libgcc.a(*)

.ARM.attributes
                0x00000000       0x30
 *(.ARM.attributes)
 .ARM.attributes
                0x00000000       0x22 C:/ST/STM32CubeCLT_1.17.0/GNU-tools-for-STM32/bin/../lib/gcc/arm-none-eabi/12.3.1/thumb/v7e-m+fp/hard/crti.o
 .ARM.attributes
                0x00000022       0x34 C:/ST/STM32CubeCLT_1.17.0/GNU-tools-for-STM32/bin/../lib/gcc/arm-none-eabi/12.3.1/thumb/v7e-m+fp/hard/crtbegin.o
 .ARM.attributes
                0x00000056       0x34 C:/ST/STM32CubeCLT_1.17.0/GNU-tools-for-STM32/bin/../lib/gcc/arm-none-eabi/12.3.1/../../../../arm-none-eabi/lib/thumb/v7e-m+fp/hard\libc.a(libc_a-init.o)
 .ARM.attributes
                0x0000008a       0x34 C:/ST/STM32CubeCLT_1.17.0/GNU-tools-for-STM32/bin/../lib/gcc/arm-none-eabi/12.3.1/../../../../arm-none-eabi/lib/thumb/v7e-m+fp/hard\libc.a(libc_a-lock.o)
 .ARM.attributes
                0x000000be       0x34 C:/ST/STM32CubeCLT_1.17.0/GNU-tools-for-STM32/bin/../lib/gcc/arm-none-eabi/12.3.1/../../../../arm-none-eabi/lib/thumb/v7e-m+fp/hard\libc.a(libc_a-__call_atexit.o)
 .ARM.attributes
                0x000000f2       0x34 C:/ST/STM32CubeCLT_1.17.0/GNU-tools-for-STM32/bin/../lib/gcc/arm-none-eabi/12.3.1/../../../../arm-none-eabi/lib/thumb/v7e-m+fp/hard\libc.a(libc_a-atexit.o)
 .ARM.attributes
                0x00000126       0x34 C:/ST/STM32CubeCLT_1.17.0/GNU-tools-for-STM32/bin/../lib/gcc/arm-none-eabi/12.3.1/../../../../arm-none-eabi/lib/thumb/v7e-m+fp/hard\libc.a(libc_a-fini.o)
 .ARM.attributes
                0x0000015a       0x34 C:/ST/STM32CubeCLT_1.17.0/GNU-tools-for-STM32/bin/../lib/gcc/arm-none-eabi/12.3.1/../../../../arm-none-eabi/lib/thumb/v7e-m+fp/hard\libc.a(libc_a-__atexit.o)
 .ARM.attributes
                0x0000018e       0x34 CMakeFiles/05_LCD.dir/Driver/Src/flash_driver.c.obj
 .ARM.attributes
                0x000001c2       0x34 CMakeFiles/05_LCD.dir/Driver/Src/gpio_driver.c.obj
 .ARM.attributes
                0x000001f6       0x34 CMakeFiles/05_LCD.dir/Driver/Src/i2c_driver.c.obj
 .ARM.attributes
                0x0000022a       0x34 CMakeFiles/05_LCD.dir/Driver/Src/rcc_driver.c.obj
 .ARM.attributes
                0x0000025e       0x34 CMakeFiles/05_LCD.dir/Driver/Src/timer_driver.c.obj
 .ARM.attributes
                0x00000292       0x34 CMakeFiles/05_LCD.dir/Src/Init.c.obj
 .ARM.attributes
                0x000002c6       0x34 CMakeFiles/05_LCD.dir/Src/lcd_com.c.obj
 .ARM.attributes
                0x000002fa       0x34 CMakeFiles/05_LCD.dir/Src/main.c.obj
 .ARM.attributes
                0x0000032e       0x34 CMakeFiles/05_LCD.dir/Src/util.c.obj
 .ARM.attributes
                0x00000362       0x21 CMakeFiles/05_LCD.dir/Startup/startup_stm32f407vgtx.s.obj
 .ARM.attributes
                0x00000383       0x22 C:/ST/STM32CubeCLT_1.17.0/GNU-tools-for-STM32/bin/../lib/gcc/arm-none-eabi/12.3.1/thumb/v7e-m+fp/hard/crtn.o
OUTPUT(05_LCD.elf elf32-littlearm)
LOAD linker stubs
LOAD C:/ST/STM32CubeCLT_1.17.0/GNU-tools-for-STM32/bin/../lib/gcc/arm-none-eabi/12.3.1/../../../../arm-none-eabi/lib/thumb/v7e-m+fp/hard\libc.a
LOAD C:/ST/STM32CubeCLT_1.17.0/GNU-tools-for-STM32/bin/../lib/gcc/arm-none-eabi/12.3.1/../../../../arm-none-eabi/lib/thumb/v7e-m+fp/hard\libm.a
LOAD C:/ST/STM32CubeCLT_1.17.0/GNU-tools-for-STM32/bin/../lib/gcc/arm-none-eabi/12.3.1/thumb/v7e-m+fp/hard\libgcc.a

.debug_frame    0x00000000      0x584
 .debug_frame   0x00000000       0x2c C:/ST/STM32CubeCLT_1.17.0/GNU-tools-for-STM32/bin/../lib/gcc/arm-none-eabi/12.3.1/../../../../arm-none-eabi/lib/thumb/v7e-m+fp/hard\libc.a(libc_a-init.o)
 .debug_frame   0x0000002c       0xb0 C:/ST/STM32CubeCLT_1.17.0/GNU-tools-for-STM32/bin/../lib/gcc/arm-none-eabi/12.3.1/../../../../arm-none-eabi/lib/thumb/v7e-m+fp/hard\libc.a(libc_a-lock.o)
 .debug_frame   0x000000dc       0x58 C:/ST/STM32CubeCLT_1.17.0/GNU-tools-for-STM32/bin/../lib/gcc/arm-none-eabi/12.3.1/../../../../arm-none-eabi/lib/thumb/v7e-m+fp/hard\libc.a(libc_a-__call_atexit.o)
 .debug_frame   0x00000134       0x20 C:/ST/STM32CubeCLT_1.17.0/GNU-tools-for-STM32/bin/../lib/gcc/arm-none-eabi/12.3.1/../../../../arm-none-eabi/lib/thumb/v7e-m+fp/hard\libc.a(libc_a-atexit.o)
 .debug_frame   0x00000154       0x38 C:/ST/STM32CubeCLT_1.17.0/GNU-tools-for-STM32/bin/../lib/gcc/arm-none-eabi/12.3.1/../../../../arm-none-eabi/lib/thumb/v7e-m+fp/hard\libc.a(libc_a-fini.o)
 .debug_frame   0x0000018c       0x34 C:/ST/STM32CubeCLT_1.17.0/GNU-tools-for-STM32/bin/../lib/gcc/arm-none-eabi/12.3.1/../../../../arm-none-eabi/lib/thumb/v7e-m+fp/hard\libc.a(libc_a-__atexit.o)
 .debug_frame   0x000001c0       0x20 CMakeFiles/05_LCD.dir/Driver/Src/flash_driver.c.obj
 .debug_frame   0x000001e0       0x90 CMakeFiles/05_LCD.dir/Driver/Src/gpio_driver.c.obj
 .debug_frame   0x00000270       0x60 CMakeFiles/05_LCD.dir/Driver/Src/i2c_driver.c.obj
 .debug_frame   0x000002d0       0x9c CMakeFiles/05_LCD.dir/Driver/Src/rcc_driver.c.obj
 .debug_frame   0x0000036c       0x78 CMakeFiles/05_LCD.dir/Driver/Src/timer_driver.c.obj
 .debug_frame   0x000003e4       0xc4 CMakeFiles/05_LCD.dir/Src/Init.c.obj
 .debug_frame   0x000004a8       0x8c CMakeFiles/05_LCD.dir/Src/lcd_com.c.obj
 .debug_frame   0x00000534       0x28 CMakeFiles/05_LCD.dir/Src/main.c.obj
 .debug_frame   0x0000055c       0x28 CMakeFiles/05_LCD.dir/Src/util.c.obj

.debug_info     0x00000000     0x26f6
 .debug_info    0x00000000      0x13b CMakeFiles/05_LCD.dir/Driver/Src/flash_driver.c.obj
 .debug_info    0x0000013b      0x414 CMakeFiles/05_LCD.dir/Driver/Src/gpio_driver.c.obj
 .debug_info    0x0000054f      0x29f CMakeFiles/05_LCD.dir/Driver/Src/i2c_driver.c.obj
 .debug_info    0x000007ee      0x3e2 CMakeFiles/05_LCD.dir/Driver/Src/rcc_driver.c.obj
 .debug_info    0x00000bd0      0x299 CMakeFiles/05_LCD.dir/Driver/Src/timer_driver.c.obj
 .debug_info    0x00000e69      0x764 CMakeFiles/05_LCD.dir/Src/Init.c.obj
 .debug_info    0x000015cd      0xcd5 CMakeFiles/05_LCD.dir/Src/lcd_com.c.obj
 .debug_info    0x000022a2      0x129 CMakeFiles/05_LCD.dir/Src/main.c.obj
 .debug_info    0x000023cb      0x2fb CMakeFiles/05_LCD.dir/Src/util.c.obj
 .debug_info    0x000026c6       0x30 CMakeFiles/05_LCD.dir/Startup/startup_stm32f407vgtx.s.obj

.debug_abbrev   0x00000000      0x940
 .debug_abbrev  0x00000000       0xc0 CMakeFiles/05_LCD.dir/Driver/Src/flash_driver.c.obj
 .debug_abbrev  0x000000c0      0x10f CMakeFiles/05_LCD.dir/Driver/Src/gpio_driver.c.obj
 .debug_abbrev  0x000001cf      0x108 CMakeFiles/05_LCD.dir/Driver/Src/i2c_driver.c.obj
 .debug_abbrev  0x000002d7      0x11d CMakeFiles/05_LCD.dir/Driver/Src/rcc_driver.c.obj
 .debug_abbrev  0x000003f4      0x117 CMakeFiles/05_LCD.dir/Driver/Src/timer_driver.c.obj
 .debug_abbrev  0x0000050b      0x10c CMakeFiles/05_LCD.dir/Src/Init.c.obj
 .debug_abbrev  0x00000617      0x16b CMakeFiles/05_LCD.dir/Src/lcd_com.c.obj
 .debug_abbrev  0x00000782       0xc7 CMakeFiles/05_LCD.dir/Src/main.c.obj
 .debug_abbrev  0x00000849       0xd3 CMakeFiles/05_LCD.dir/Src/util.c.obj
 .debug_abbrev  0x0000091c       0x24 CMakeFiles/05_LCD.dir/Startup/startup_stm32f407vgtx.s.obj

.debug_loclists
                0x00000000      0x546
 .debug_loclists
                0x00000000       0x23 CMakeFiles/05_LCD.dir/Driver/Src/flash_driver.c.obj
 .debug_loclists
                0x00000023      0x1d4 CMakeFiles/05_LCD.dir/Driver/Src/gpio_driver.c.obj
 .debug_loclists
                0x000001f7      0x114 CMakeFiles/05_LCD.dir/Driver/Src/i2c_driver.c.obj
 .debug_loclists
                0x0000030b       0xa1 CMakeFiles/05_LCD.dir/Driver/Src/rcc_driver.c.obj
 .debug_loclists
                0x000003ac       0x3f CMakeFiles/05_LCD.dir/Driver/Src/timer_driver.c.obj
 .debug_loclists
                0x000003eb      0x15b CMakeFiles/05_LCD.dir/Src/lcd_com.c.obj

.debug_aranges  0x00000000      0x240
 .debug_aranges
                0x00000000       0x20 CMakeFiles/05_LCD.dir/Driver/Src/flash_driver.c.obj
 .debug_aranges
                0x00000020       0x50 CMakeFiles/05_LCD.dir/Driver/Src/gpio_driver.c.obj
 .debug_aranges
                0x00000070       0x40 CMakeFiles/05_LCD.dir/Driver/Src/i2c_driver.c.obj
 .debug_aranges
                0x000000b0       0x58 CMakeFiles/05_LCD.dir/Driver/Src/rcc_driver.c.obj
 .debug_aranges
                0x00000108       0x48 CMakeFiles/05_LCD.dir/Driver/Src/timer_driver.c.obj
 .debug_aranges
                0x00000150       0x50 CMakeFiles/05_LCD.dir/Src/Init.c.obj
 .debug_aranges
                0x000001a0       0x38 CMakeFiles/05_LCD.dir/Src/lcd_com.c.obj
 .debug_aranges
                0x000001d8       0x20 CMakeFiles/05_LCD.dir/Src/main.c.obj
 .debug_aranges
                0x000001f8       0x20 CMakeFiles/05_LCD.dir/Src/util.c.obj
 .debug_aranges
                0x00000218       0x28 CMakeFiles/05_LCD.dir/Startup/startup_stm32f407vgtx.s.obj

.debug_rnglists
                0x00000000      0x182
 .debug_rnglists
                0x00000000       0x13 CMakeFiles/05_LCD.dir/Driver/Src/flash_driver.c.obj
 .debug_rnglists
                0x00000013       0x37 CMakeFiles/05_LCD.dir/Driver/Src/gpio_driver.c.obj
 .debug_rnglists
                0x0000004a       0x2b CMakeFiles/05_LCD.dir/Driver/Src/i2c_driver.c.obj
 .debug_rnglists
                0x00000075       0x3d CMakeFiles/05_LCD.dir/Driver/Src/rcc_driver.c.obj
 .debug_rnglists
                0x000000b2       0x31 CMakeFiles/05_LCD.dir/Driver/Src/timer_driver.c.obj
 .debug_rnglists
                0x000000e3       0x38 CMakeFiles/05_LCD.dir/Src/Init.c.obj
 .debug_rnglists
                0x0000011b       0x27 CMakeFiles/05_LCD.dir/Src/lcd_com.c.obj
 .debug_rnglists
                0x00000142       0x13 CMakeFiles/05_LCD.dir/Src/main.c.obj
 .debug_rnglists
                0x00000155       0x14 CMakeFiles/05_LCD.dir/Src/util.c.obj
 .debug_rnglists
                0x00000169       0x19 CMakeFiles/05_LCD.dir/Startup/startup_stm32f407vgtx.s.obj

.debug_macro    0x00000000     0x1956
 .debug_macro   0x00000000       0x9d CMakeFiles/05_LCD.dir/Driver/Src/flash_driver.c.obj
 .debug_macro   0x0000009d      0xaa8 CMakeFiles/05_LCD.dir/Driver/Src/flash_driver.c.obj
 .debug_macro   0x00000b45       0x22 CMakeFiles/05_LCD.dir/Driver/Src/flash_driver.c.obj
 .debug_macro   0x00000b67       0x8e CMakeFiles/05_LCD.dir/Driver/Src/flash_driver.c.obj
 .debug_macro   0x00000bf5       0x51 CMakeFiles/05_LCD.dir/Driver/Src/flash_driver.c.obj
 .debug_macro   0x00000c46      0x103 CMakeFiles/05_LCD.dir/Driver/Src/flash_driver.c.obj
 .debug_macro   0x00000d49       0x6a CMakeFiles/05_LCD.dir/Driver/Src/flash_driver.c.obj
 .debug_macro   0x00000db3      0x1df CMakeFiles/05_LCD.dir/Driver/Src/flash_driver.c.obj
 .debug_macro   0x00000f92      0x106 CMakeFiles/05_LCD.dir/Driver/Src/flash_driver.c.obj
 .debug_macro   0x00001098       0xc4 CMakeFiles/05_LCD.dir/Driver/Src/flash_driver.c.obj
 .debug_macro   0x0000115c       0x6a CMakeFiles/05_LCD.dir/Driver/Src/flash_driver.c.obj
 .debug_macro   0x000011c6       0x28 CMakeFiles/05_LCD.dir/Driver/Src/flash_driver.c.obj
 .debug_macro   0x000011ee       0x98 CMakeFiles/05_LCD.dir/Driver/Src/gpio_driver.c.obj
 .debug_macro   0x00001286       0xbe CMakeFiles/05_LCD.dir/Driver/Src/gpio_driver.c.obj
 .debug_macro   0x00001344       0x9d CMakeFiles/05_LCD.dir/Driver/Src/i2c_driver.c.obj
 .debug_macro   0x000013e1       0x52 CMakeFiles/05_LCD.dir/Driver/Src/i2c_driver.c.obj
 .debug_macro   0x00001433       0x98 CMakeFiles/05_LCD.dir/Driver/Src/rcc_driver.c.obj
 .debug_macro   0x000014cb       0x9d CMakeFiles/05_LCD.dir/Driver/Src/timer_driver.c.obj
 .debug_macro   0x00001568       0x16 CMakeFiles/05_LCD.dir/Driver/Src/timer_driver.c.obj
 .debug_macro   0x0000157e       0xde CMakeFiles/05_LCD.dir/Src/Init.c.obj
 .debug_macro   0x0000165c       0x1c CMakeFiles/05_LCD.dir/Src/Init.c.obj
 .debug_macro   0x00001678       0x2e CMakeFiles/05_LCD.dir/Src/Init.c.obj
 .debug_macro   0x000016a6       0x58 CMakeFiles/05_LCD.dir/Src/Init.c.obj
 .debug_macro   0x000016fe       0x16 CMakeFiles/05_LCD.dir/Src/Init.c.obj
 .debug_macro   0x00001714       0xb9 CMakeFiles/05_LCD.dir/Src/lcd_com.c.obj
 .debug_macro   0x000017cd       0xde CMakeFiles/05_LCD.dir/Src/main.c.obj
 .debug_macro   0x000018ab       0xab CMakeFiles/05_LCD.dir/Src/util.c.obj

.debug_line     0x00000000     0x2439
 .debug_line    0x00000000      0x305 CMakeFiles/05_LCD.dir/Driver/Src/flash_driver.c.obj
 .debug_line    0x00000305      0x413 CMakeFiles/05_LCD.dir/Driver/Src/gpio_driver.c.obj
 .debug_line    0x00000718      0x54a CMakeFiles/05_LCD.dir/Driver/Src/i2c_driver.c.obj
 .debug_line    0x00000c62      0x4d1 CMakeFiles/05_LCD.dir/Driver/Src/rcc_driver.c.obj
 .debug_line    0x00001133      0x3df CMakeFiles/05_LCD.dir/Driver/Src/timer_driver.c.obj
 .debug_line    0x00001512      0x3fa CMakeFiles/05_LCD.dir/Src/Init.c.obj
 .debug_line    0x0000190c      0x410 CMakeFiles/05_LCD.dir/Src/lcd_com.c.obj
 .debug_line    0x00001d1c      0x37b CMakeFiles/05_LCD.dir/Src/main.c.obj
 .debug_line    0x00002097      0x327 CMakeFiles/05_LCD.dir/Src/util.c.obj
 .debug_line    0x000023be       0x7b CMakeFiles/05_LCD.dir/Startup/startup_stm32f407vgtx.s.obj

.debug_str      0x00000000     0x4a9b
 .debug_str     0x00000000     0x40df CMakeFiles/05_LCD.dir/Driver/Src/flash_driver.c.obj
                               0x4264 (size before relaxing)
 .debug_str     0x000040df      0x113 CMakeFiles/05_LCD.dir/Driver/Src/gpio_driver.c.obj
                               0x4284 (size before relaxing)
 .debug_str     0x000041f2      0x1a6 CMakeFiles/05_LCD.dir/Driver/Src/i2c_driver.c.obj
                               0x4317 (size before relaxing)
 .debug_str     0x00004398      0x246 CMakeFiles/05_LCD.dir/Driver/Src/rcc_driver.c.obj
                               0x43c5 (size before relaxing)
 .debug_str     0x000045de       0xe8 CMakeFiles/05_LCD.dir/Driver/Src/timer_driver.c.obj
                               0x42a4 (size before relaxing)
 .debug_str     0x000046c6       0xc5 CMakeFiles/05_LCD.dir/Src/Init.c.obj
                               0x4536 (size before relaxing)
 .debug_str     0x0000478b      0x25e CMakeFiles/05_LCD.dir/Src/lcd_com.c.obj
                               0x4537 (size before relaxing)
 .debug_str     0x000049e9       0x35 CMakeFiles/05_LCD.dir/Src/main.c.obj
                               0x435a (size before relaxing)
 .debug_str     0x00004a1e       0x26 CMakeFiles/05_LCD.dir/Src/util.c.obj
                               0x4220 (size before relaxing)
 .debug_str     0x00004a44       0x57 CMakeFiles/05_LCD.dir/Startup/startup_stm32f407vgtx.s.obj
                                 0x7e (size before relaxing)

.comment        0x00000000       0x43
 .comment       0x00000000       0x43 CMakeFiles/05_LCD.dir/Driver/Src/flash_driver.c.obj
                                 0x44 (size before relaxing)
 .comment       0x00000043       0x44 CMakeFiles/05_LCD.dir/Driver/Src/gpio_driver.c.obj
 .comment       0x00000043       0x44 CMakeFiles/05_LCD.dir/Driver/Src/i2c_driver.c.obj
 .comment       0x00000043       0x44 CMakeFiles/05_LCD.dir/Driver/Src/rcc_driver.c.obj
 .comment       0x00000043       0x44 CMakeFiles/05_LCD.dir/Driver/Src/timer_driver.c.obj
 .comment       0x00000043       0x44 CMakeFiles/05_LCD.dir/Src/Init.c.obj
 .comment       0x00000043       0x44 CMakeFiles/05_LCD.dir/Src/lcd_com.c.obj
 .comment       0x00000043       0x44 CMakeFiles/05_LCD.dir/Src/main.c.obj
 .comment       0x00000043       0x44 CMakeFiles/05_LCD.dir/Src/util.c.obj

.debug_line_str
                0x00000000       0x62
 .debug_line_str
                0x00000000       0x62 CMakeFiles/05_LCD.dir/Startup/startup_stm32f407vgtx.s.obj
