Archive member included to satisfy reference by file (symbol)

C:/ST/STM32CubeCLT_1.17.0/GNU-tools-for-STM32/bin/../lib/gcc/arm-none-eabi/12.3.1/../../../../arm-none-eabi/lib/thumb/v7e-m+fp/hard\libc.a(libc_a-exit.o)
                              C:/ST/STM32CubeCLT_1.17.0/GNU-tools-for-STM32/bin/../lib/gcc/arm-none-eabi/12.3.1/../../../../arm-none-eabi/lib/thumb/v7e-m+fp/hard/crt0.o (exit)
C:/ST/STM32CubeCLT_1.17.0/GNU-tools-for-STM32/bin/../lib/gcc/arm-none-eabi/12.3.1/../../../../arm-none-eabi/lib/thumb/v7e-m+fp/hard\libc.a(libc_a-findfp.o)
                              C:/ST/STM32CubeCLT_1.17.0/GNU-tools-for-STM32/bin/../lib/gcc/arm-none-eabi/12.3.1/../../../../arm-none-eabi/lib/thumb/v7e-m+fp/hard\libc.a(libc_a-exit.o) (__stdio_exit_handler)
C:/ST/STM32CubeCLT_1.17.0/GNU-tools-for-STM32/bin/../lib/gcc/arm-none-eabi/12.3.1/../../../../arm-none-eabi/lib/thumb/v7e-m+fp/hard\libc.a(libc_a-fwalk.o)
                              C:/ST/STM32CubeCLT_1.17.0/GNU-tools-for-STM32/bin/../lib/gcc/arm-none-eabi/12.3.1/../../../../arm-none-eabi/lib/thumb/v7e-m+fp/hard\libc.a(libc_a-findfp.o) (_fwalk_sglue)
C:/ST/STM32CubeCLT_1.17.0/GNU-tools-for-STM32/bin/../lib/gcc/arm-none-eabi/12.3.1/../../../../arm-none-eabi/lib/thumb/v7e-m+fp/hard\libc.a(libc_a-stdio.o)
                              C:/ST/STM32CubeCLT_1.17.0/GNU-tools-for-STM32/bin/../lib/gcc/arm-none-eabi/12.3.1/../../../../arm-none-eabi/lib/thumb/v7e-m+fp/hard\libc.a(libc_a-findfp.o) (__sread)
C:/ST/STM32CubeCLT_1.17.0/GNU-tools-for-STM32/bin/../lib/gcc/arm-none-eabi/12.3.1/../../../../arm-none-eabi/lib/thumb/v7e-m+fp/hard\libc.a(libc_a-memset.o)
                              C:/ST/STM32CubeCLT_1.17.0/GNU-tools-for-STM32/bin/../lib/gcc/arm-none-eabi/12.3.1/../../../../arm-none-eabi/lib/thumb/v7e-m+fp/hard/crt0.o (memset)
C:/ST/STM32CubeCLT_1.17.0/GNU-tools-for-STM32/bin/../lib/gcc/arm-none-eabi/12.3.1/../../../../arm-none-eabi/lib/thumb/v7e-m+fp/hard\libc.a(libc_a-closer.o)
                              C:/ST/STM32CubeCLT_1.17.0/GNU-tools-for-STM32/bin/../lib/gcc/arm-none-eabi/12.3.1/../../../../arm-none-eabi/lib/thumb/v7e-m+fp/hard\libc.a(libc_a-stdio.o) (_close_r)
C:/ST/STM32CubeCLT_1.17.0/GNU-tools-for-STM32/bin/../lib/gcc/arm-none-eabi/12.3.1/../../../../arm-none-eabi/lib/thumb/v7e-m+fp/hard\libc.a(libc_a-reent.o)
                              C:/ST/STM32CubeCLT_1.17.0/GNU-tools-for-STM32/bin/../lib/gcc/arm-none-eabi/12.3.1/../../../../arm-none-eabi/lib/thumb/v7e-m+fp/hard\libc.a(libc_a-closer.o) (errno)
C:/ST/STM32CubeCLT_1.17.0/GNU-tools-for-STM32/bin/../lib/gcc/arm-none-eabi/12.3.1/../../../../arm-none-eabi/lib/thumb/v7e-m+fp/hard\libc.a(libc_a-impure.o)
                              C:/ST/STM32CubeCLT_1.17.0/GNU-tools-for-STM32/bin/../lib/gcc/arm-none-eabi/12.3.1/../../../../arm-none-eabi/lib/thumb/v7e-m+fp/hard\libc.a(libc_a-reent.o) (_impure_ptr)
C:/ST/STM32CubeCLT_1.17.0/GNU-tools-for-STM32/bin/../lib/gcc/arm-none-eabi/12.3.1/../../../../arm-none-eabi/lib/thumb/v7e-m+fp/hard\libc.a(libc_a-lseekr.o)
                              C:/ST/STM32CubeCLT_1.17.0/GNU-tools-for-STM32/bin/../lib/gcc/arm-none-eabi/12.3.1/../../../../arm-none-eabi/lib/thumb/v7e-m+fp/hard\libc.a(libc_a-stdio.o) (_lseek_r)
C:/ST/STM32CubeCLT_1.17.0/GNU-tools-for-STM32/bin/../lib/gcc/arm-none-eabi/12.3.1/../../../../arm-none-eabi/lib/thumb/v7e-m+fp/hard\libc.a(libc_a-readr.o)
                              C:/ST/STM32CubeCLT_1.17.0/GNU-tools-for-STM32/bin/../lib/gcc/arm-none-eabi/12.3.1/../../../../arm-none-eabi/lib/thumb/v7e-m+fp/hard\libc.a(libc_a-stdio.o) (_read_r)
C:/ST/STM32CubeCLT_1.17.0/GNU-tools-for-STM32/bin/../lib/gcc/arm-none-eabi/12.3.1/../../../../arm-none-eabi/lib/thumb/v7e-m+fp/hard\libc.a(libc_a-writer.o)
                              C:/ST/STM32CubeCLT_1.17.0/GNU-tools-for-STM32/bin/../lib/gcc/arm-none-eabi/12.3.1/../../../../arm-none-eabi/lib/thumb/v7e-m+fp/hard\libc.a(libc_a-stdio.o) (_write_r)
C:/ST/STM32CubeCLT_1.17.0/GNU-tools-for-STM32/bin/../lib/gcc/arm-none-eabi/12.3.1/../../../../arm-none-eabi/lib/thumb/v7e-m+fp/hard\libc.a(libc_a-init.o)
                              C:/ST/STM32CubeCLT_1.17.0/GNU-tools-for-STM32/bin/../lib/gcc/arm-none-eabi/12.3.1/../../../../arm-none-eabi/lib/thumb/v7e-m+fp/hard/crt0.o (__libc_init_array)
C:/ST/STM32CubeCLT_1.17.0/GNU-tools-for-STM32/bin/../lib/gcc/arm-none-eabi/12.3.1/../../../../arm-none-eabi/lib/thumb/v7e-m+fp/hard\libc.a(libc_a-lock.o)
                              C:/ST/STM32CubeCLT_1.17.0/GNU-tools-for-STM32/bin/../lib/gcc/arm-none-eabi/12.3.1/../../../../arm-none-eabi/lib/thumb/v7e-m+fp/hard\libc.a(libc_a-findfp.o) (__retarget_lock_init_recursive)
C:/ST/STM32CubeCLT_1.17.0/GNU-tools-for-STM32/bin/../lib/gcc/arm-none-eabi/12.3.1/../../../../arm-none-eabi/lib/thumb/v7e-m+fp/hard\libc.a(libc_a-__call_atexit.o)
                              C:/ST/STM32CubeCLT_1.17.0/GNU-tools-for-STM32/bin/../lib/gcc/arm-none-eabi/12.3.1/../../../../arm-none-eabi/lib/thumb/v7e-m+fp/hard\libc.a(libc_a-exit.o) (__call_exitprocs)
[...]
Memory Configuration

Name             Origin             Length             Attributes
CCMRAM           0x10000000         0x00010000         xrw
RAM              0x20000000         0x00020000         xrw
FLASH            0x08000000         0x00100000         xr
*default*        0x00000000         0xffffffff

Linker script and memory map

LOAD C:/ST/STM32CubeCLT_1.17.0/GNU-tools-for-STM32/bin/../lib/gcc/arm-none-eabi/12.3.1/thumb/v7e-m+fp/hard/crti.o
LOAD C:/ST/STM32CubeCLT_1.17.0/GNU-tools-for-STM32/bin/../lib/gcc/arm-none-eabi/12.3.1/thumb/v7e-m+fp/hard/crtbegin.o
LOAD C:/ST/STM32CubeCLT_1.17.0/GNU-tools-for-STM32/bin/../lib/gcc/arm-none-eabi/12.3.1/../../../../arm-none-eabi/lib/thumb/v7e-m+fp/hard/crt0.o
START GROUP
LOAD C:/ST/STM32CubeCLT_1.17.0/GNU-tools-for-STM32/bin/../lib/gcc/arm-none-eabi/12.3.1/../../../../arm-none-eabi/lib/thumb/v7e-m+fp/hard\libc.a
LOAD C:/ST/STM32CubeCLT_1.17.0/GNU-tools-for-STM32/bin/../lib/gcc/arm-none-eabi/12.3.1/../../../../arm-none-eabi/lib/thumb/v7e-m+fp/hard\libm.a
LOAD C:/ST/STM32CubeCLT_1.17.0/GNU-tools-for-STM32/bin/../lib/gcc/arm-none-eabi/12.3.1/../../../../arm-none-eabi/lib/thumb/v7e-m+fp/hard\libstdc++.a
LOAD C:/ST/STM32CubeCLT_1.17.0/GNU-tools-for-STM32/bin/../lib/gcc/arm-none-eabi/12.3.1/../../../../arm-none-eabi/lib/thumb/v7e-m+fp/hard\libsupc++.a
END GROUP
LOAD CMakeFiles/90_FreeRTOS.dir/Driver/Src/flash_driver.c.obj
LOAD CMakeFiles/90_FreeRTOS.dir/Driver/Src/gpio_driver.c.obj
LOAD CMakeFiles/90_FreeRTOS.dir/Driver/Src/i2c_driver.c.obj
LOAD CMakeFiles/90_FreeRTOS.dir/Driver/Src/rcc_driver.c.obj
LOAD CMakeFiles/90_FreeRTOS.dir/Driver/Src/timer_driver.c.obj
LOAD CMakeFiles/90_FreeRTOS.dir/Src/Init.c.obj
LOAD CMakeFiles/90_FreeRTOS.dir/Src/lcd_com.c.obj
LOAD CMakeFiles/90_FreeRTOS.dir/Src/main.c.obj
LOAD CMakeFiles/90_FreeRTOS.dir/Src/syscall.c.obj
LOAD CMakeFiles/90_FreeRTOS.dir/Src/sysmem.c.obj
LOAD CMakeFiles/90_FreeRTOS.dir/Src/util.c.obj
LOAD CMakeFiles/90_FreeRTOS.dir/ThirdParty/FreeRTOS/portable/GCC/ARM_CM4F/port.c.obj
LOAD CMakeFiles/90_FreeRTOS.dir/ThirdParty/FreeRTOS/portable/MemMang/heap_4.c.obj
LOAD CMakeFiles/90_FreeRTOS.dir/ThirdParty/FreeRTOS/croutine.c.obj
LOAD CMakeFiles/90_FreeRTOS.dir/ThirdParty/FreeRTOS/event_groups.c.obj
LOAD CMakeFiles/90_FreeRTOS.dir/ThirdParty/FreeRTOS/list.c.obj
LOAD CMakeFiles/90_FreeRTOS.dir/ThirdParty/FreeRTOS/queue.c.obj
LOAD CMakeFiles/90_FreeRTOS.dir/ThirdParty/FreeRTOS/stream_buffer.c.obj
LOAD CMakeFiles/90_FreeRTOS.dir/ThirdParty/FreeRTOS/tasks.c.obj
LOAD CMakeFiles/90_FreeRTOS.dir/ThirdParty/FreeRTOS/timers.c.obj
LOAD CMakeFiles/90_FreeRTOS.dir/ThirdParty/SEGGER/Config/SEGGER_SYSVIEW_Config_FreeRTOS.c.obj
LOAD CMakeFiles/90_FreeRTOS.dir/ThirdParty/SEGGER/OS/SEGGER_SYSVIEW_FreeRTOS.c.obj
LOAD CMakeFiles/90_FreeRTOS.dir/ThirdParty/SEGGER/SEGGER/SEGGER_RTT.c.obj
LOAD CMakeFiles/90_FreeRTOS.dir/ThirdParty/SEGGER/SEGGER/SEGGER_RTT_ASM_ARMv7M.S.obj
LOAD CMakeFiles/90_FreeRTOS.dir/ThirdParty/SEGGER/SEGGER/SEGGER_RTT_printf.c.obj
LOAD CMakeFiles/90_FreeRTOS.dir/ThirdParty/SEGGER/SEGGER/SEGGER_SYSVIEW.c.obj
LOAD CMakeFiles/90_FreeRTOS.dir/ThirdParty/SEGGER/SEGGER/Syscalls/SEGGER_RTT_Syscalls_GCC.c.obj
LOAD CMakeFiles/90_FreeRTOS.dir/Startup/startup_stm32f407vgtx.s.obj
START GROUP
LOAD C:/ST/STM32CubeCLT_1.17.0/GNU-tools-for-STM32/bin/../lib/gcc/arm-none-eabi/12.3.1/thumb/v7e-m+fp/hard\libgcc.a
LOAD C:/ST/STM32CubeCLT_1.17.0/GNU-tools-for-STM32/bin/../lib/gcc/arm-none-eabi/12.3.1/../../../../arm-none-eabi/lib/thumb/v7e-m+fp/hard\libc.a
END GROUP
START GROUP
LOAD C:/ST/STM32CubeCLT_1.17.0/GNU-tools-for-STM32/bin/../lib/gcc/arm-none-eabi/12.3.1/thumb/v7e-m+fp/hard\libgcc.a
LOAD C:/ST/STM32CubeCLT_1.17.0/GNU-tools-for-STM32/bin/../lib/gcc/arm-none-eabi/12.3.1/../../../../arm-none-eabi/lib/thumb/v7e-m+fp/hard\libc.a
LOAD C:/ST/STM32CubeCLT_1.17.0/GNU-tools-for-STM32/bin/../lib/gcc/arm-none-eabi/12.3.1/../../../../arm-none-eabi/lib/thumb/v7e-m+fp/hard\libnosys.a
END GROUP
LOAD C:/ST/STM32CubeCLT_1.17.0/GNU-tools-for-STM32/bin/../lib/gcc/arm-none-eabi/12.3.1/thumb/v7e-m+fp/hard/crtend.o
LOAD C:/ST/STM32CubeCLT_1.17.0/GNU-tools-for-STM32/bin/../lib/gcc/arm-none-eabi/12.3.1/thumb/v7e-m+fp/hard/crtn.o
                0x20020000                        _estack = (ORIGIN (RAM) + LENGTH (RAM))
                0x00000200                        _Min_Heap_Size = 0x200
                0x00000400                        _Min_Stack_Size = 0x400

.isr_vector     0x08000000      0x188
                0x08000000                        . = ALIGN (0x4)
 *(.isr_vector)
 .isr_vector    0x08000000      0x188 CMakeFiles/90_FreeRTOS.dir/Startup/startup_stm32f407vgtx.s.obj
                0x08000000                g_pfnVectors
                0x08000188                        . = ALIGN (0x4)

.text           0x08000190     0x4b20
                0x08000190                        . = ALIGN (0x4)
 *(.text)
 .text          0x08000190       0x40 C:/ST/STM32CubeCLT_1.17.0/GNU-tools-for-STM32/bin/../lib/gcc/arm-none-eabi/12.3.1/thumb/v7e-m+fp/hard/crtbegin.o
 .text          0x080001d0       0x94 CMakeFiles/90_FreeRTOS.dir/ThirdParty/SEGGER/SEGGER/SEGGER_RTT_ASM_ARMv7M.S.obj
                0x080001d0                SEGGER_RTT_ASM_WriteSkipNoLock
 *(.text*)
 .text.memset   0x08000264       0x10 C:/ST/STM32CubeCLT_1.17.0/GNU-tools-for-STM32/bin/../lib/gcc/arm-none-eabi/12.3.1/../../../../arm-none-eabi/lib/thumb/v7e-m+fp/hard\libc.a(libc_a-memset.o)
                0x08000264                memset
 .text.__libc_init_array
                0x08000274       0x48 C:/ST/STM32CubeCLT_1.17.0/GNU-tools-for-STM32/bin/../lib/gcc/arm-none-eabi/12.3.1/../../../../arm-none-eabi/lib/thumb/v7e-m+fp/hard\libc.a(libc_a-init.o)
                0x08000274                __libc_init_array
 .text.__retarget_lock_acquire_recursive
                0x080002bc        0x2 C:/ST/STM32CubeCLT_1.17.0/GNU-tools-for-STM32/bin/../lib/gcc/arm-none-eabi/12.3.1/../../../../arm-none-eabi/lib/thumb/v7e-m+fp/hard\libc.a(libc_a-lock.o)
                0x080002bc                __retarget_lock_acquire_recursive
 .text.__retarget_lock_release_recursive
                0x080002be        0x2 C:/ST/STM32CubeCLT_1.17.0/GNU-tools-for-STM32/bin/../lib/gcc/arm-none-eabi/12.3.1/../../../../arm-none-eabi/lib/thumb/v7e-m+fp/hard\libc.a(libc_a-lock.o)
                0x080002be                __retarget_lock_release_recursive
 .text.startup.register_fini
                0x080002c0       0x14 C:/ST/STM32CubeCLT_1.17.0/GNU-tools-for-STM32/bin/../lib/gcc/arm-none-eabi/12.3.1/../../../../arm-none-eabi/lib/thumb/v7e-m+fp/hard\libc.a(libc_a-__call_atexit.o)
 .text.atexit   0x080002d4        0xc C:/ST/STM32CubeCLT_1.17.0/GNU-tools-for-STM32/bin/../lib/gcc/arm-none-eabi/12.3.1/../../../../arm-none-eabi/lib/thumb/v7e-m+fp/hard\libc.a(libc_a-atexit.o)
                0x080002d4                atexit
 .text.__libc_fini_array
                0x080002e0       0x28 C:/ST/STM32CubeCLT_1.17.0/GNU-tools-for-STM32/bin/../lib/gcc/arm-none-eabi/12.3.1/../../../../arm-none-eabi/lib/thumb/v7e-m+fp/hard\libc.a(libc_a-fini.o)
                0x080002e0                __libc_fini_array
 .text.__register_exitproc
                0x08000308       0x80 C:/ST/STM32CubeCLT_1.17.0/GNU-tools-for-STM32/bin/../lib/gcc/arm-none-eabi/12.3.1/../../../../arm-none-eabi/lib/thumb/v7e-m+fp/hard\libc.a(libc_a-__atexit.o)
                0x08000308                __register_exitproc
 .text.Set_Flash_Latency
                0x08000388       0x2c CMakeFiles/90_FreeRTOS.dir/Driver/Src/flash_driver.c.obj
                0x08000388                Set_Flash_Latency
 .text.Set_GPIO_Init_Config
                0x080003b4       0x64 CMakeFiles/90_FreeRTOS.dir/Driver/Src/gpio_driver.c.obj
                0x080003b4                Set_GPIO_Init_Config
 .text.Set_GPIO_Mode
                0x08000418       0x30 CMakeFiles/90_FreeRTOS.dir/Driver/Src/gpio_driver.c.obj
                0x08000418                Set_GPIO_Mode
 .text.Set_GPIO_Output_Type
                0x08000448       0x2e CMakeFiles/90_FreeRTOS.dir/Driver/Src/gpio_driver.c.obj
                0x08000448                Set_GPIO_Output_Type
 .text.Set_GPIO_Output_Speed
                0x08000476       0x30 CMakeFiles/90_FreeRTOS.dir/Driver/Src/gpio_driver.c.obj
                0x08000476                Set_GPIO_Output_Speed
 .text.Set_GPIO_PUPD
                0x080004a6       0x30 CMakeFiles/90_FreeRTOS.dir/Driver/Src/gpio_driver.c.obj
                0x080004a6                Set_GPIO_PUPD
 .text.Set_GPIO_Output
                0x080004d6       0x4a CMakeFiles/90_FreeRTOS.dir/Driver/Src/gpio_driver.c.obj
                0x080004d6                Set_GPIO_Output
 .text.GPIO_Set_AFR
                0x08000520       0x54 CMakeFiles/90_FreeRTOS.dir/Driver/Src/gpio_driver.c.obj
                0x08000520                GPIO_Set_AFR
 .text.GPIO_Pin_Read
                0x08000574       0x32 CMakeFiles/90_FreeRTOS.dir/Driver/Src/gpio_driver.c.obj
                0x08000574                GPIO_Pin_Read
 *fill*         0x080005a6        0x2 
 .text.Enable_Sysclk_Input
                0x080005a8       0x68 CMakeFiles/90_FreeRTOS.dir/Driver/Src/rcc_driver.c.obj
                0x080005a8                Enable_Sysclk_Input
 .text.Wait_Sysclk_Ready
                0x08000610       0x68 CMakeFiles/90_FreeRTOS.dir/Driver/Src/rcc_driver.c.obj
                0x08000610                Wait_Sysclk_Ready
 .text.Set_Sysclk_Input
                0x08000678       0x40 CMakeFiles/90_FreeRTOS.dir/Driver/Src/rcc_driver.c.obj
                0x08000678                Set_Sysclk_Input
 .text.Enable_AHB1_Peri_Clk
                0x080006b8       0x5c CMakeFiles/90_FreeRTOS.dir/Driver/Src/rcc_driver.c.obj
                0x080006b8                Enable_AHB1_Peri_Clk
 .text.Enable_APB1_Peri_Clk
                0x08000714       0x5c CMakeFiles/90_FreeRTOS.dir/Driver/Src/rcc_driver.c.obj
                0x08000714                Enable_APB1_Peri_Clk
 .text.Set_PLLClk
                0x08000770       0x80 CMakeFiles/90_FreeRTOS.dir/Driver/Src/rcc_driver.c.obj
                0x08000770                Set_PLLClk
 .text.Set_RCC_BUS_Frequency
                0x080007f0       0x34 CMakeFiles/90_FreeRTOS.dir/Driver/Src/rcc_driver.c.obj
                0x080007f0                Set_RCC_BUS_Frequency
 .text.Start_Timer
                0x08000824       0x26 CMakeFiles/90_FreeRTOS.dir/Driver/Src/timer_driver.c.obj
                0x08000824                Start_Timer
 .text.Stop_Timer
                0x0800084a       0x20 CMakeFiles/90_FreeRTOS.dir/Driver/Src/timer_driver.c.obj
                0x0800084a                Stop_Timer
 *fill*         0x0800086a        0x2 
 .text.delay_ms
                0x0800086c       0x5c CMakeFiles/90_FreeRTOS.dir/Driver/Src/timer_driver.c.obj
                0x0800086c                delay_ms
 .text.Init     0x080008c8       0x10 CMakeFiles/90_FreeRTOS.dir/Src/Init.c.obj
                0x080008c8                Init
 .text.Init_Sysclk
                0x080008d8       0x40 CMakeFiles/90_FreeRTOS.dir/Src/Init.c.obj
                0x080008d8                Init_Sysclk
 .text.Init_PeriClk_Enable
                0x08000918       0x38 CMakeFiles/90_FreeRTOS.dir/Src/Init.c.obj
                0x08000918                Init_PeriClk_Enable
 .text.Init_Bus_Clock_Prescale
                0x08000950        0xc CMakeFiles/90_FreeRTOS.dir/Src/Init.c.obj
                0x08000950                Init_Bus_Clock_Prescale
 .text.Init_GPIO
                0x0800095c       0xc0 CMakeFiles/90_FreeRTOS.dir/Src/Init.c.obj
                0x0800095c                Init_GPIO
 .text.task1_handler
                0x08000a1c       0x80 CMakeFiles/90_FreeRTOS.dir/Src/main.c.obj
 .text.task2_handler
                0x08000a9c       0x18 CMakeFiles/90_FreeRTOS.dir/Src/main.c.obj
 .text.task3_handler
                0x08000ab4       0x18 CMakeFiles/90_FreeRTOS.dir/Src/main.c.obj
 .text.task4_handler
                0x08000acc       0x18 CMakeFiles/90_FreeRTOS.dir/Src/main.c.obj
 .text.task5_handler
                0x08000ae4       0x18 CMakeFiles/90_FreeRTOS.dir/Src/main.c.obj
 .text.task6_handler
                0x08000afc       0x18 CMakeFiles/90_FreeRTOS.dir/Src/main.c.obj
 .text.task7_handler
                0x08000b14       0x18 CMakeFiles/90_FreeRTOS.dir/Src/main.c.obj
 .text.task8_handler
                0x08000b2c       0x18 CMakeFiles/90_FreeRTOS.dir/Src/main.c.obj
 .text.main     0x08000b44      0x270 CMakeFiles/90_FreeRTOS.dir/Src/main.c.obj
                0x08000b44                main
 .text.pxPortInitialiseStack
                0x08000db4       0x68 CMakeFiles/90_FreeRTOS.dir/ThirdParty/FreeRTOS/portable/GCC/ARM_CM4F/port.c.obj
                0x08000db4                pxPortInitialiseStack
 .text.prvTaskExitError
                0x08000e1c       0x5c CMakeFiles/90_FreeRTOS.dir/ThirdParty/FreeRTOS/portable/GCC/ARM_CM4F/port.c.obj
 *fill*         0x08000e78        0x8 
 .text.SVC_Handler
                0x08000e80       0x28 CMakeFiles/90_FreeRTOS.dir/ThirdParty/FreeRTOS/portable/GCC/ARM_CM4F/port.c.obj
                0x08000e80                SVC_Handler
 .text.prvPortStartFirstTask
                0x08000ea8       0x2c CMakeFiles/90_FreeRTOS.dir/ThirdParty/FreeRTOS/portable/GCC/ARM_CM4F/port.c.obj
 .text.xPortStartScheduler
                0x08000ed4      0x148 CMakeFiles/90_FreeRTOS.dir/ThirdParty/FreeRTOS/portable/GCC/ARM_CM4F/port.c.obj
                0x08000ed4                xPortStartScheduler
 .text.vPortEnterCritical
                0x0800101c       0x64 CMakeFiles/90_FreeRTOS.dir/ThirdParty/FreeRTOS/portable/GCC/ARM_CM4F/port.c.obj
                0x0800101c                vPortEnterCritical
 .text.vPortExitCritical
                0x08001080       0x54 CMakeFiles/90_FreeRTOS.dir/ThirdParty/FreeRTOS/portable/GCC/ARM_CM4F/port.c.obj
                0x08001080                vPortExitCritical
 *fill*         0x080010d4        0xc 
 .text.PendSV_Handler
                0x080010e0       0x68 CMakeFiles/90_FreeRTOS.dir/ThirdParty/FreeRTOS/portable/GCC/ARM_CM4F/port.c.obj
                0x080010e0                PendSV_Handler
 .text.SysTick_Handler
                0x08001148       0x54 CMakeFiles/90_FreeRTOS.dir/ThirdParty/FreeRTOS/portable/GCC/ARM_CM4F/port.c.obj
                0x08001148                SysTick_Handler
 .text.vPortSetupTimerInterrupt
                0x0800119c       0x48 CMakeFiles/90_FreeRTOS.dir/ThirdParty/FreeRTOS/portable/GCC/ARM_CM4F/port.c.obj
                0x0800119c                vPortSetupTimerInterrupt
 .text.vPortEnableVFP
                0x080011e4       0x18 CMakeFiles/90_FreeRTOS.dir/ThirdParty/FreeRTOS/portable/GCC/ARM_CM4F/port.c.obj
 .text.vPortValidateInterruptPriority
                0x080011fc       0x84 CMakeFiles/90_FreeRTOS.dir/ThirdParty/FreeRTOS/portable/GCC/ARM_CM4F/port.c.obj
                0x080011fc                vPortValidateInterruptPriority
 .text.pvPortMalloc
                0x08001280      0x178 CMakeFiles/90_FreeRTOS.dir/ThirdParty/FreeRTOS/portable/MemMang/heap_4.c.obj
                0x08001280                pvPortMalloc
 .text.vPortFree
                0x080013f8       0xbc CMakeFiles/90_FreeRTOS.dir/ThirdParty/FreeRTOS/portable/MemMang/heap_4.c.obj
                0x080013f8                vPortFree
 .text.prvHeapInit
                0x080014b4       0xb8 CMakeFiles/90_FreeRTOS.dir/ThirdParty/FreeRTOS/portable/MemMang/heap_4.c.obj
 .text.prvInsertBlockIntoFreeList
                0x0800156c       0xb4 CMakeFiles/90_FreeRTOS.dir/ThirdParty/FreeRTOS/portable/MemMang/heap_4.c.obj
 .text.vListInitialise
                0x08001620       0x40 CMakeFiles/90_FreeRTOS.dir/ThirdParty/FreeRTOS/list.c.obj
                0x08001620                vListInitialise
 .text.vListInitialiseItem
                0x08001660       0x1a CMakeFiles/90_FreeRTOS.dir/ThirdParty/FreeRTOS/list.c.obj
                0x08001660                vListInitialiseItem
 .text.vListInsert
                0x0800167a       0x72 CMakeFiles/90_FreeRTOS.dir/ThirdParty/FreeRTOS/list.c.obj
                0x0800167a                vListInsert
 .text.uxListRemove
                0x080016ec       0x54 CMakeFiles/90_FreeRTOS.dir/ThirdParty/FreeRTOS/list.c.obj
                0x080016ec                uxListRemove
 .text.xQueueGenericReset
                0x08001740      0x124 CMakeFiles/90_FreeRTOS.dir/ThirdParty/FreeRTOS/queue.c.obj
                0x08001740                xQueueGenericReset
 .text.xQueueGenericCreate
                0x08001864       0x9e CMakeFiles/90_FreeRTOS.dir/ThirdParty/FreeRTOS/queue.c.obj
                0x08001864                xQueueGenericCreate
 .text.prvInitialiseNewQueue
                0x08001902       0x52 CMakeFiles/90_FreeRTOS.dir/ThirdParty/FreeRTOS/queue.c.obj
 .text.xQueueReceive
                0x08001954      0x228 CMakeFiles/90_FreeRTOS.dir/ThirdParty/FreeRTOS/queue.c.obj
                0x08001954                xQueueReceive
 .text.prvCopyDataFromQueue
                0x08001b7c       0x4c CMakeFiles/90_FreeRTOS.dir/ThirdParty/FreeRTOS/queue.c.obj
 .text.prvUnlockQueue
                0x08001bc8       0xa4 CMakeFiles/90_FreeRTOS.dir/ThirdParty/FreeRTOS/queue.c.obj
 .text.prvIsQueueEmpty
                0x08001c6c       0x2c CMakeFiles/90_FreeRTOS.dir/ThirdParty/FreeRTOS/queue.c.obj
 .text.vQueueAddToRegistry
                0x08001c98       0xb0 CMakeFiles/90_FreeRTOS.dir/ThirdParty/FreeRTOS/queue.c.obj
                0x08001c98                vQueueAddToRegistry
 .text.vQueueWaitForMessageRestricted
                0x08001d48       0x68 CMakeFiles/90_FreeRTOS.dir/ThirdParty/FreeRTOS/queue.c.obj
                0x08001d48                vQueueWaitForMessageRestricted
 .text.xTaskCreate
                0x08001db0       0x8c CMakeFiles/90_FreeRTOS.dir/ThirdParty/FreeRTOS/tasks.c.obj
                0x08001db0                xTaskCreate
 .text.prvInitialiseNewTask
                0x08001e3c      0x120 CMakeFiles/90_FreeRTOS.dir/ThirdParty/FreeRTOS/tasks.c.obj
 .text.prvAddNewTaskToReadyList
                0x08001f5c      0x168 CMakeFiles/90_FreeRTOS.dir/ThirdParty/FreeRTOS/tasks.c.obj
 .text.vTaskStartScheduler
                0x080020c4       0xc4 CMakeFiles/90_FreeRTOS.dir/ThirdParty/FreeRTOS/tasks.c.obj
                0x080020c4                vTaskStartScheduler
 .text.vTaskSuspendAll
                0x08002188       0x1c CMakeFiles/90_FreeRTOS.dir/ThirdParty/FreeRTOS/tasks.c.obj
                0x08002188                vTaskSuspendAll
 .text.xTaskResumeAll
                0x080021a4      0x200 CMakeFiles/90_FreeRTOS.dir/ThirdParty/FreeRTOS/tasks.c.obj
                0x080021a4                xTaskResumeAll
 .text.xTaskGetTickCount
                0x080023a4       0x20 CMakeFiles/90_FreeRTOS.dir/ThirdParty/FreeRTOS/tasks.c.obj
                0x080023a4                xTaskGetTickCount
 .text.xTaskGetTickCountFromISR
                0x080023c4       0x24 CMakeFiles/90_FreeRTOS.dir/ThirdParty/FreeRTOS/tasks.c.obj
                0x080023c4                xTaskGetTickCountFromISR
 .text.xTaskIncrementTick
                0x080023e8      0x238 CMakeFiles/90_FreeRTOS.dir/ThirdParty/FreeRTOS/tasks.c.obj
                0x080023e8                xTaskIncrementTick
 .text.vTaskSwitchContext
                0x08002620       0xd4 CMakeFiles/90_FreeRTOS.dir/ThirdParty/FreeRTOS/tasks.c.obj
                0x08002620                vTaskSwitchContext
 .text.vTaskPlaceOnEventList
                0x080026f4       0x4c CMakeFiles/90_FreeRTOS.dir/ThirdParty/FreeRTOS/tasks.c.obj
                0x080026f4                vTaskPlaceOnEventList
 .text.vTaskPlaceOnEventListRestricted
                0x08002740       0x94 CMakeFiles/90_FreeRTOS.dir/ThirdParty/FreeRTOS/tasks.c.obj
                0x08002740                vTaskPlaceOnEventListRestricted
 .text.xTaskRemoveFromEventList
                0x080027d4      0x1b4 CMakeFiles/90_FreeRTOS.dir/ThirdParty/FreeRTOS/tasks.c.obj
                0x080027d4                xTaskRemoveFromEventList
 .text.vTaskInternalSetTimeOutState
                0x08002988       0x2c CMakeFiles/90_FreeRTOS.dir/ThirdParty/FreeRTOS/tasks.c.obj
                0x08002988                vTaskInternalSetTimeOutState
 .text.xTaskCheckForTimeOut
                0x080029b4       0xd0 CMakeFiles/90_FreeRTOS.dir/ThirdParty/FreeRTOS/tasks.c.obj
                0x080029b4                xTaskCheckForTimeOut
 .text.vTaskMissedYield
                0x08002a84       0x18 CMakeFiles/90_FreeRTOS.dir/ThirdParty/FreeRTOS/tasks.c.obj
                0x08002a84                vTaskMissedYield
 .text.prvIdleTask
                0x08002a9c       0x30 CMakeFiles/90_FreeRTOS.dir/ThirdParty/FreeRTOS/tasks.c.obj
 .text.prvInitialiseTaskLists
                0x08002acc       0x80 CMakeFiles/90_FreeRTOS.dir/ThirdParty/FreeRTOS/tasks.c.obj
 .text.prvCheckTasksWaitingTermination
                0x08002b4c       0x5c CMakeFiles/90_FreeRTOS.dir/ThirdParty/FreeRTOS/tasks.c.obj
 .text.prvDeleteTCB
                0x08002ba8       0x20 CMakeFiles/90_FreeRTOS.dir/ThirdParty/FreeRTOS/tasks.c.obj
 .text.prvResetNextTaskUnblockTime
                0x08002bc8       0x38 CMakeFiles/90_FreeRTOS.dir/ThirdParty/FreeRTOS/tasks.c.obj
 .text.xTaskGetSchedulerState
                0x08002c00       0x3c CMakeFiles/90_FreeRTOS.dir/ThirdParty/FreeRTOS/tasks.c.obj
                0x08002c00                xTaskGetSchedulerState
 .text.prvAddCurrentTaskToDelayedList
                0x08002c3c      0x100 CMakeFiles/90_FreeRTOS.dir/ThirdParty/FreeRTOS/tasks.c.obj
 .text.xTimerCreateTimerTask
                0x08002d3c       0x68 CMakeFiles/90_FreeRTOS.dir/ThirdParty/FreeRTOS/timers.c.obj
                0x08002d3c                xTimerCreateTimerTask
 .text.prvReloadTimer
                0x08002da4       0x42 CMakeFiles/90_FreeRTOS.dir/ThirdParty/FreeRTOS/timers.c.obj
 *fill*         0x08002de6        0x2 
 .text.prvProcessExpiredTimer
                0x08002de8       0x60 CMakeFiles/90_FreeRTOS.dir/ThirdParty/FreeRTOS/timers.c.obj
 .text.prvTimerTask
                0x08002e48       0x26 CMakeFiles/90_FreeRTOS.dir/ThirdParty/FreeRTOS/timers.c.obj
 *fill*         0x08002e6e        0x2 
 .text.prvProcessTimerOrBlockTask
                0x08002e70       0x9c CMakeFiles/90_FreeRTOS.dir/ThirdParty/FreeRTOS/timers.c.obj
 .text.prvGetNextExpireTime
                0x08002f0c       0x48 CMakeFiles/90_FreeRTOS.dir/ThirdParty/FreeRTOS/timers.c.obj
 .text.prvSampleTimeNow
                0x08002f54       0x40 CMakeFiles/90_FreeRTOS.dir/ThirdParty/FreeRTOS/timers.c.obj
 .text.prvInsertTimerInActiveList
                0x08002f94       0x84 CMakeFiles/90_FreeRTOS.dir/ThirdParty/FreeRTOS/timers.c.obj
 .text.prvProcessReceivedCommands
                0x08003018      0x184 CMakeFiles/90_FreeRTOS.dir/ThirdParty/FreeRTOS/timers.c.obj
 .text.prvSwitchTimerLists
                0x0800319c       0x4c CMakeFiles/90_FreeRTOS.dir/ThirdParty/FreeRTOS/timers.c.obj
 .text.prvCheckForValidListAndQueue
                0x080031e8       0x6c CMakeFiles/90_FreeRTOS.dir/ThirdParty/FreeRTOS/timers.c.obj
 .text._cbSendSystemDesc
                0x08003254       0x1c CMakeFiles/90_FreeRTOS.dir/ThirdParty/SEGGER/Config/SEGGER_SYSVIEW_Config_FreeRTOS.c.obj
 .text.SEGGER_SYSVIEW_Conf
                0x08003270       0x2c CMakeFiles/90_FreeRTOS.dir/ThirdParty/SEGGER/Config/SEGGER_SYSVIEW_Config_FreeRTOS.c.obj
                0x08003270                SEGGER_SYSVIEW_Conf
 .text._cbSendTaskList
                0x0800329c       0x90 CMakeFiles/90_FreeRTOS.dir/ThirdParty/SEGGER/OS/SEGGER_SYSVIEW_FreeRTOS.c.obj
 .text._cbGetTime
                0x0800332c       0xe6 CMakeFiles/90_FreeRTOS.dir/ThirdParty/SEGGER/OS/SEGGER_SYSVIEW_FreeRTOS.c.obj
 *fill*         0x08003412        0x2 
 .text.SYSVIEW_AddTask
                0x08003414       0xd0 CMakeFiles/90_FreeRTOS.dir/ThirdParty/SEGGER/OS/SEGGER_SYSVIEW_FreeRTOS.c.obj
                0x08003414                SYSVIEW_AddTask
 .text.SYSVIEW_SendTaskInfo
                0x080034e4       0x42 CMakeFiles/90_FreeRTOS.dir/ThirdParty/SEGGER/OS/SEGGER_SYSVIEW_FreeRTOS.c.obj
                0x080034e4                SYSVIEW_SendTaskInfo
 *fill*         0x08003526        0x2 
 .text._DoInit  0x08003528       0xb0 CMakeFiles/90_FreeRTOS.dir/ThirdParty/SEGGER/SEGGER/SEGGER_RTT.c.obj
 .text.SEGGER_RTT_ReadNoLock
                0x080035d8      0x10c CMakeFiles/90_FreeRTOS.dir/ThirdParty/SEGGER/SEGGER/SEGGER_RTT.c.obj
                0x080035d8                SEGGER_RTT_ReadNoLock
 .text.SEGGER_RTT_AllocUpBuffer
                0x080036e4      0x108 CMakeFiles/90_FreeRTOS.dir/ThirdParty/SEGGER/SEGGER/SEGGER_RTT.c.obj
                0x080036e4                SEGGER_RTT_AllocUpBuffer
 .text.SEGGER_RTT_ConfigDownBuffer
                0x080037ec       0xe0 CMakeFiles/90_FreeRTOS.dir/ThirdParty/SEGGER/SEGGER/SEGGER_RTT.c.obj
                0x080037ec                SEGGER_RTT_ConfigDownBuffer
 .text._EncodeStr
                0x080038cc       0x9a CMakeFiles/90_FreeRTOS.dir/ThirdParty/SEGGER/SEGGER/SEGGER_SYSVIEW.c.obj
 .text._PreparePacket
                0x08003966       0x18 CMakeFiles/90_FreeRTOS.dir/ThirdParty/SEGGER/SEGGER/SEGGER_SYSVIEW.c.obj
 *fill*         0x0800397e        0x2 
 .text._HandleIncomingPacket
                0x08003980       0xe0 CMakeFiles/90_FreeRTOS.dir/ThirdParty/SEGGER/SEGGER/SEGGER_SYSVIEW.c.obj
 .text._TrySendOverflowPacket
                0x08003a60       0xe4 CMakeFiles/90_FreeRTOS.dir/ThirdParty/SEGGER/SEGGER/SEGGER_SYSVIEW.c.obj
 .text._SendPacket
                0x08003b44      0x1cc CMakeFiles/90_FreeRTOS.dir/ThirdParty/SEGGER/SEGGER/SEGGER_SYSVIEW.c.obj
 .text.SEGGER_SYSVIEW_Init
                0x08003d10       0x88 CMakeFiles/90_FreeRTOS.dir/ThirdParty/SEGGER/SEGGER/SEGGER_SYSVIEW.c.obj
                0x08003d10                SEGGER_SYSVIEW_Init
 .text.SEGGER_SYSVIEW_SetRAMBase
                0x08003d98       0x20 CMakeFiles/90_FreeRTOS.dir/ThirdParty/SEGGER/SEGGER/SEGGER_SYSVIEW.c.obj
                0x08003d98                SEGGER_SYSVIEW_SetRAMBase
 .text.SEGGER_SYSVIEW_RecordVoid
                0x08003db8       0x3c CMakeFiles/90_FreeRTOS.dir/ThirdParty/SEGGER/SEGGER/SEGGER_SYSVIEW.c.obj
                0x08003db8                SEGGER_SYSVIEW_RecordVoid
 .text.SEGGER_SYSVIEW_RecordU32
                0x08003df4       0x78 CMakeFiles/90_FreeRTOS.dir/ThirdParty/SEGGER/SEGGER/SEGGER_SYSVIEW.c.obj
                0x08003df4                SEGGER_SYSVIEW_RecordU32
 .text.SEGGER_SYSVIEW_RecordU32x2
                0x08003e6c       0xb4 CMakeFiles/90_FreeRTOS.dir/ThirdParty/SEGGER/SEGGER/SEGGER_SYSVIEW.c.obj
                0x08003e6c                SEGGER_SYSVIEW_RecordU32x2
 .text.SEGGER_SYSVIEW_RecordU32x3
                0x08003f20       0xec CMakeFiles/90_FreeRTOS.dir/ThirdParty/SEGGER/SEGGER/SEGGER_SYSVIEW.c.obj
                0x08003f20                SEGGER_SYSVIEW_RecordU32x3
 .text.SEGGER_SYSVIEW_RecordU32x4
                0x0800400c      0x124 CMakeFiles/90_FreeRTOS.dir/ThirdParty/SEGGER/SEGGER/SEGGER_SYSVIEW.c.obj
                0x0800400c                SEGGER_SYSVIEW_RecordU32x4
 .text.SEGGER_SYSVIEW_Start
                0x08004130      0x174 CMakeFiles/90_FreeRTOS.dir/ThirdParty/SEGGER/SEGGER/SEGGER_SYSVIEW.c.obj
                0x08004130                SEGGER_SYSVIEW_Start
 .text.SEGGER_SYSVIEW_Stop
                0x080042a4       0x4c CMakeFiles/90_FreeRTOS.dir/ThirdParty/SEGGER/SEGGER/SEGGER_SYSVIEW.c.obj
                0x080042a4                SEGGER_SYSVIEW_Stop
 .text.SEGGER_SYSVIEW_GetSysDesc
                0x080042f0      0x134 CMakeFiles/90_FreeRTOS.dir/ThirdParty/SEGGER/SEGGER/SEGGER_SYSVIEW.c.obj
                0x080042f0                SEGGER_SYSVIEW_GetSysDesc
 .text.SEGGER_SYSVIEW_SendTaskInfo
                0x08004424      0x1c8 CMakeFiles/90_FreeRTOS.dir/ThirdParty/SEGGER/SEGGER/SEGGER_SYSVIEW.c.obj
                0x08004424                SEGGER_SYSVIEW_SendTaskInfo
 .text.SEGGER_SYSVIEW_SendTaskList
                0x080045ec       0x28 CMakeFiles/90_FreeRTOS.dir/ThirdParty/SEGGER/SEGGER/SEGGER_SYSVIEW.c.obj
                0x080045ec                SEGGER_SYSVIEW_SendTaskList
 .text.SEGGER_SYSVIEW_SendSysDesc
                0x08004614       0x48 CMakeFiles/90_FreeRTOS.dir/ThirdParty/SEGGER/SEGGER/SEGGER_SYSVIEW.c.obj
                0x08004614                SEGGER_SYSVIEW_SendSysDesc
 .text.SEGGER_SYSVIEW_RecordSystime
                0x0800465c       0x64 CMakeFiles/90_FreeRTOS.dir/ThirdParty/SEGGER/SEGGER/SEGGER_SYSVIEW.c.obj
                0x0800465c                SEGGER_SYSVIEW_RecordSystime
 .text.SEGGER_SYSVIEW_RecordEnterISR
                0x080046c0       0x84 CMakeFiles/90_FreeRTOS.dir/ThirdParty/SEGGER/SEGGER/SEGGER_SYSVIEW.c.obj
                0x080046c0                SEGGER_SYSVIEW_RecordEnterISR
 .text.SEGGER_SYSVIEW_RecordExitISR
                0x08004744       0x38 CMakeFiles/90_FreeRTOS.dir/ThirdParty/SEGGER/SEGGER/SEGGER_SYSVIEW.c.obj
                0x08004744                SEGGER_SYSVIEW_RecordExitISR
 .text.SEGGER_SYSVIEW_RecordExitISRToScheduler
                0x0800477c       0x38 CMakeFiles/90_FreeRTOS.dir/ThirdParty/SEGGER/SEGGER/SEGGER_SYSVIEW.c.obj
                0x0800477c                SEGGER_SYSVIEW_RecordExitISRToScheduler
 .text.SEGGER_SYSVIEW_OnIdle
                0x080047b4       0x38 CMakeFiles/90_FreeRTOS.dir/ThirdParty/SEGGER/SEGGER/SEGGER_SYSVIEW.c.obj
                0x080047b4                SEGGER_SYSVIEW_OnIdle
 .text.SEGGER_SYSVIEW_OnTaskCreate
                0x080047ec       0x84 CMakeFiles/90_FreeRTOS.dir/ThirdParty/SEGGER/SEGGER/SEGGER_SYSVIEW.c.obj
                0x080047ec                SEGGER_SYSVIEW_OnTaskCreate
 .text.SEGGER_SYSVIEW_OnTaskStartExec
                0x08004870       0x84 CMakeFiles/90_FreeRTOS.dir/ThirdParty/SEGGER/SEGGER/SEGGER_SYSVIEW.c.obj
                0x08004870                SEGGER_SYSVIEW_OnTaskStartExec
 .text.SEGGER_SYSVIEW_OnTaskStartReady
                0x080048f4       0x84 CMakeFiles/90_FreeRTOS.dir/ThirdParty/SEGGER/SEGGER/SEGGER_SYSVIEW.c.obj
                0x080048f4                SEGGER_SYSVIEW_OnTaskStartReady
 .text.SEGGER_SYSVIEW_ShrinkId
                0x08004978       0x20 CMakeFiles/90_FreeRTOS.dir/ThirdParty/SEGGER/SEGGER/SEGGER_SYSVIEW.c.obj
                0x08004978                SEGGER_SYSVIEW_ShrinkId
 .text.SEGGER_SYSVIEW_SendModule
                0x08004998      0x100 CMakeFiles/90_FreeRTOS.dir/ThirdParty/SEGGER/SEGGER/SEGGER_SYSVIEW.c.obj
                0x08004998                SEGGER_SYSVIEW_SendModule
 .text.SEGGER_SYSVIEW_SendModuleDescription
                0x08004a98       0x3c CMakeFiles/90_FreeRTOS.dir/ThirdParty/SEGGER/SEGGER/SEGGER_SYSVIEW.c.obj
                0x08004a98                SEGGER_SYSVIEW_SendModuleDescription
 .text.SEGGER_SYSVIEW_SendNumModules
                0x08004ad4       0x7c CMakeFiles/90_FreeRTOS.dir/ThirdParty/SEGGER/SEGGER/SEGGER_SYSVIEW.c.obj
                0x08004ad4                SEGGER_SYSVIEW_SendNumModules
 .text.SEGGER_SYSVIEW_Warn
                0x08004b50       0xb8 CMakeFiles/90_FreeRTOS.dir/ThirdParty/SEGGER/SEGGER/SEGGER_SYSVIEW.c.obj
                0x08004b50                SEGGER_SYSVIEW_Warn
 .text.Reset_Handler
                0x08004c08       0x50 CMakeFiles/90_FreeRTOS.dir/Startup/startup_stm32f407vgtx.s.obj
                0x08004c08                Reset_Handler
 .text.Default_Handler
                0x08004c58        0x2 CMakeFiles/90_FreeRTOS.dir/Startup/startup_stm32f407vgtx.s.obj
                0x08004c58                RTC_Alarm_IRQHandler
                0x08004c58                HASH_RNG_IRQHandler
                0x08004c58                EXTI2_IRQHandler
                0x08004c58                TIM8_CC_IRQHandler
                0x08004c58                TIM1_CC_IRQHandler
                0x08004c58                DMA2_Stream5_IRQHandler
                0x08004c58                HardFault_Handler
                0x08004c58                DMA1_Stream5_IRQHandler
                0x08004c58                PVD_IRQHandler
                0x08004c58                SDIO_IRQHandler
                0x08004c58                TAMP_STAMP_IRQHandler
                0x08004c58                NMI_Handler
                0x08004c58                CAN2_RX1_IRQHandler
                0x08004c58                EXTI3_IRQHandler
                0x08004c58                TIM8_TRG_COM_TIM14_IRQHandler
                0x08004c58                TIM1_UP_TIM10_IRQHandler
                0x08004c58                TIM8_UP_TIM13_IRQHandler
                0x08004c58                I2C3_ER_IRQHandler
                0x08004c58                EXTI0_IRQHandler
                0x08004c58                I2C2_EV_IRQHandler
                0x08004c58                DMA1_Stream2_IRQHandler
                0x08004c58                CAN1_RX0_IRQHandler
                0x08004c58                FPU_IRQHandler
                0x08004c58                OTG_HS_WKUP_IRQHandler
                0x08004c58                UsageFault_Handler
                0x08004c58                CAN2_SCE_IRQHandler
                0x08004c58                DMA2_Stream2_IRQHandler
                0x08004c58                SPI1_IRQHandler
                0x08004c58                TIM6_DAC_IRQHandler
                0x08004c58                TIM1_BRK_TIM9_IRQHandler
                0x08004c58                DCMI_IRQHandler
                0x08004c58                CAN2_RX0_IRQHandler
                0x08004c58                DMA2_Stream3_IRQHandler
                0x08004c58                USART6_IRQHandler
                0x08004c58                USART3_IRQHandler
                0x08004c58                CRYP_IRQHandler
                0x08004c58                CAN1_RX1_IRQHandler
                0x08004c58                UART5_IRQHandler
                0x08004c58                DMA2_Stream0_IRQHandler
                0x08004c58                TIM4_IRQHandler
                0x08004c58                I2C1_EV_IRQHandler
                0x08004c58                DMA1_Stream6_IRQHandler
                0x08004c58                DMA1_Stream1_IRQHandler
                0x08004c58                UART4_IRQHandler
                0x08004c58                TIM3_IRQHandler
                0x08004c58                RCC_IRQHandler
                0x08004c58                TIM8_BRK_TIM12_IRQHandler
                0x08004c58                Default_Handler
                0x08004c58                EXTI15_10_IRQHandler
                0x08004c58                ADC_IRQHandler
                0x08004c58                DMA1_Stream7_IRQHandler
                0x08004c58                TIM7_IRQHandler
                0x08004c58                CAN2_TX_IRQHandler
                0x08004c58                TIM5_IRQHandler
                0x08004c58                DMA2_Stream7_IRQHandler
                0x08004c58                I2C3_EV_IRQHandler
                0x08004c58                EXTI9_5_IRQHandler
                0x08004c58                RTC_WKUP_IRQHandler
                0x08004c58                ETH_WKUP_IRQHandler
                0x08004c58                SPI2_IRQHandler
                0x08004c58                OTG_HS_EP1_IN_IRQHandler
                0x08004c58                MemManage_Handler
                0x08004c58                DMA1_Stream0_IRQHandler
                0x08004c58                CAN1_TX_IRQHandler
                0x08004c58                EXTI4_IRQHandler
                0x08004c58                FSMC_IRQHandler
                0x08004c58                ETH_IRQHandler
                0x08004c58                OTG_HS_EP1_OUT_IRQHandler
                0x08004c58                WWDG_IRQHandler
                0x08004c58                TIM2_IRQHandler
                0x08004c58                OTG_FS_WKUP_IRQHandler
                0x08004c58                TIM1_TRG_COM_TIM11_IRQHandler
                0x08004c58                OTG_HS_IRQHandler
                0x08004c58                EXTI1_IRQHandler
                0x08004c58                USART2_IRQHandler
                0x08004c58                I2C2_ER_IRQHandler
                0x08004c58                DMA2_Stream1_IRQHandler
                0x08004c58                CAN1_SCE_IRQHandler
                0x08004c58                DMA2_Stream4_IRQHandler
                0x08004c58                BusFault_Handler
                0x08004c58                USART1_IRQHandler
                0x08004c58                OTG_FS_IRQHandler
                0x08004c58                SPI3_IRQHandler
                0x08004c58                DMA1_Stream4_IRQHandler
                0x08004c58                I2C1_ER_IRQHandler
                0x08004c58                DMA2_Stream6_IRQHandler
                0x08004c58                DMA1_Stream3_IRQHandler
 .text.memcmp   0x08004c5a       0x20 C:/ST/STM32CubeCLT_1.17.0/GNU-tools-for-STM32/bin/../lib/gcc/arm-none-eabi/12.3.1/../../../../arm-none-eabi/lib/thumb/v7e-m+fp/hard\libc.a(libc_a-memcmp.o)
                0x08004c5a                memcmp
 .text.memcpy   0x08004c7a       0x1c C:/ST/STM32CubeCLT_1.17.0/GNU-tools-for-STM32/bin/../lib/gcc/arm-none-eabi/12.3.1/../../../../arm-none-eabi/lib/thumb/v7e-m+fp/hard\libc.a(libc_a-memcpy-stub.o)
                0x08004c7a                memcpy
 *(.glue_7)
 .glue_7        0x08004c96        0x0 linker stubs
 *(.glue_7t)
 .glue_7t       0x08004c96        0x0 linker stubs
 *(.eh_frame)
 *fill*         0x08004c96        0x2 
 .eh_frame      0x08004c98        0x0 C:/ST/STM32CubeCLT_1.17.0/GNU-tools-for-STM32/bin/../lib/gcc/arm-none-eabi/12.3.1/thumb/v7e-m+fp/hard/crtbegin.o
 *(.init)
 .init          0x08004c98        0x4 C:/ST/STM32CubeCLT_1.17.0/GNU-tools-for-STM32/bin/../lib/gcc/arm-none-eabi/12.3.1/thumb/v7e-m+fp/hard/crti.o
                0x08004c98                _init
 .init          0x08004c9c        0x8 C:/ST/STM32CubeCLT_1.17.0/GNU-tools-for-STM32/bin/../lib/gcc/arm-none-eabi/12.3.1/thumb/v7e-m+fp/hard/crtn.o
 *(.fini)
 .fini          0x08004ca4        0x4 C:/ST/STM32CubeCLT_1.17.0/GNU-tools-for-STM32/bin/../lib/gcc/arm-none-eabi/12.3.1/thumb/v7e-m+fp/hard/crti.o
                0x08004ca4                _fini
 .fini          0x08004ca8        0x8 C:/ST/STM32CubeCLT_1.17.0/GNU-tools-for-STM32/bin/../lib/gcc/arm-none-eabi/12.3.1/thumb/v7e-m+fp/hard/crtn.o
                0x08004cb0                        . = ALIGN (0x4)
                0x08004cb0                        _etext = .

.vfp11_veneer   0x08004cb0        0x0
 .vfp11_veneer  0x08004cb0        0x0 linker stubs

.v4_bx          0x08004cb0        0x0
 .v4_bx         0x08004cb0        0x0 linker stubs

.iplt           0x08004cb0        0x0
 .iplt          0x08004cb0        0x0 C:/ST/STM32CubeCLT_1.17.0/GNU-tools-for-STM32/bin/../lib/gcc/arm-none-eabi/12.3.1/thumb/v7e-m+fp/hard/crtbegin.o

.rodata         0x08004cb0      0x198
                0x08004cb0                        . = ALIGN (0x4)
 *(.rodata)
 .rodata        0x08004cb0       0x9f CMakeFiles/90_FreeRTOS.dir/Src/main.c.obj
 *fill*         0x08004d4f        0x1 
 .rodata        0x08004d50        0x5 CMakeFiles/90_FreeRTOS.dir/ThirdParty/FreeRTOS/tasks.c.obj
 *fill*         0x08004d55        0x3 
 .rodata        0x08004d58        0xd CMakeFiles/90_FreeRTOS.dir/ThirdParty/FreeRTOS/timers.c.obj
 *fill*         0x08004d65        0x3 
 .rodata        0x08004d68       0x51 CMakeFiles/90_FreeRTOS.dir/ThirdParty/SEGGER/Config/SEGGER_SYSVIEW_Config_FreeRTOS.c.obj
 *fill*         0x08004db9        0x3 
 .rodata        0x08004dbc       0x58 CMakeFiles/90_FreeRTOS.dir/ThirdParty/SEGGER/OS/SEGGER_SYSVIEW_FreeRTOS.c.obj
 .rodata        0x08004e14       0x17 CMakeFiles/90_FreeRTOS.dir/ThirdParty/SEGGER/SEGGER/SEGGER_RTT.c.obj
 *fill*         0x08004e2b        0x1 
 .rodata        0x08004e2c        0x8 CMakeFiles/90_FreeRTOS.dir/ThirdParty/SEGGER/SEGGER/SEGGER_SYSVIEW.c.obj
 *(.rodata*)
 .rodata.SYSVIEW_X_OS_TraceAPI
                0x08004e34        0x8 CMakeFiles/90_FreeRTOS.dir/ThirdParty/SEGGER/OS/SEGGER_SYSVIEW_FreeRTOS.c.obj
                0x08004e34                SYSVIEW_X_OS_TraceAPI
 .rodata._abSync
                0x08004e3c        0xa CMakeFiles/90_FreeRTOS.dir/ThirdParty/SEGGER/SEGGER/SEGGER_SYSVIEW.c.obj
                0x08004e48                        . = ALIGN (0x4)
 *fill*         0x08004e46        0x2 

.ARM.extab      0x08004e48        0x0
                0x08004e48                        . = ALIGN (0x4)
 *(.ARM.extab* .gnu.linkonce.armextab.*)
                0x08004e48                        . = ALIGN (0x4)

.ARM            0x08004e48        0x0
                0x08004e48                        . = ALIGN (0x4)
                0x08004e48                        __exidx_start = .
 *(.ARM.exidx*)
                0x08004e48                        __exidx_end = .
                0x08004e48                        . = ALIGN (0x4)

.preinit_array  0x08004e48        0x0
                0x08004e48                        . = ALIGN (0x4)
                0x08004e48                        PROVIDE (__preinit_array_start = .)
 *(.preinit_array*)
                0x08004e48                        PROVIDE (__preinit_array_end = .)
                0x08004e48                        . = ALIGN (0x4)

.init_array     0x08004e48        0x8
                0x08004e48                        . = ALIGN (0x4)
                0x08004e48                        PROVIDE (__init_array_start = .)
 *(SORT_BY_NAME(.init_array.*))
 .init_array.00000
                0x08004e48        0x4 C:/ST/STM32CubeCLT_1.17.0/GNU-tools-for-STM32/bin/../lib/gcc/arm-none-eabi/12.3.1/../../../../arm-none-eabi/lib/thumb/v7e-m+fp/hard\libc.a(libc_a-__call_atexit.o)
 *(.init_array*)
 .init_array    0x08004e4c        0x4 C:/ST/STM32CubeCLT_1.17.0/GNU-tools-for-STM32/bin/../lib/gcc/arm-none-eabi/12.3.1/thumb/v7e-m+fp/hard/crtbegin.o
                0x08004e50                        PROVIDE (__init_array_end = .)
                0x08004e50                        . = ALIGN (0x4)

.fini_array     0x08004e50        0x4
                0x08004e50                        . = ALIGN (0x4)
                0x08004e50                        PROVIDE (__fini_array_start = .)
 *(SORT_BY_NAME(.fini_array.*))
 *(.fini_array*)
 .fini_array    0x08004e50        0x4 C:/ST/STM32CubeCLT_1.17.0/GNU-tools-for-STM32/bin/../lib/gcc/arm-none-eabi/12.3.1/thumb/v7e-m+fp/hard/crtbegin.o
                0x08004e54                        PROVIDE (__fini_array_end = .)
                0x08004e54                        . = ALIGN (0x4)
                0x08004e54                        _sidata = LOADADDR (.data)

.rel.dyn        0x08004e54        0x0
 .rel.iplt      0x08004e54        0x0 C:/ST/STM32CubeCLT_1.17.0/GNU-tools-for-STM32/bin/../lib/gcc/arm-none-eabi/12.3.1/thumb/v7e-m+fp/hard/crtbegin.o

.data           0x20000000       0x20 load address 0x08004e54
                0x20000000                        . = ALIGN (0x4)
                0x20000000                        _sdata = .
 *(.data)
 *(.data*)
 .data.__atexit_recursive_mutex
                0x20000000        0x4 C:/ST/STM32CubeCLT_1.17.0/GNU-tools-for-STM32/bin/../lib/gcc/arm-none-eabi/12.3.1/../../../../arm-none-eabi/lib/thumb/v7e-m+fp/hard\libc.a(libc_a-__call_atexit.o)
                0x20000000                __atexit_recursive_mutex
 .data.pFLASH   0x20000004        0x4 CMakeFiles/90_FreeRTOS.dir/Driver/Src/flash_driver.c.obj
                0x20000004                pFLASH
 .data.pRCC     0x20000008        0x4 CMakeFiles/90_FreeRTOS.dir/Driver/Src/rcc_driver.c.obj
                0x20000008                pRCC
 .data.pTIM6    0x2000000c        0x4 CMakeFiles/90_FreeRTOS.dir/Driver/Src/timer_driver.c.obj
                0x2000000c                pTIM6
 .data.state    0x20000010        0x1 CMakeFiles/90_FreeRTOS.dir/Src/main.c.obj
                0x20000010                state
 *fill*         0x20000011        0x3 
 .data.SystemCoreClock
                0x20000014        0x4 CMakeFiles/90_FreeRTOS.dir/Src/syscall.c.obj
                0x20000014                SystemCoreClock
 .data.uxCriticalNesting
                0x20000018        0x4 CMakeFiles/90_FreeRTOS.dir/ThirdParty/FreeRTOS/portable/GCC/ARM_CM4F/port.c.obj
 .data.uxTopUsedPriority
                0x2000001c        0x4 CMakeFiles/90_FreeRTOS.dir/ThirdParty/FreeRTOS/tasks.c.obj
                0x2000001c                uxTopUsedPriority
 *(.RamFunc)
 *(.RamFunc*)
                0x20000020                        . = ALIGN (0x4)
                0x20000020                        _edata = .
                0x08004e74                        _siccmram = LOADADDR (.ccmram)

.igot.plt       0x20000020        0x0 load address 0x08004e74
 .igot.plt      0x20000020        0x0 C:/ST/STM32CubeCLT_1.17.0/GNU-tools-for-STM32/bin/../lib/gcc/arm-none-eabi/12.3.1/thumb/v7e-m+fp/hard/crtbegin.o

.ccmram         0x10000000        0x0 load address 0x08004e74
                0x10000000                        . = ALIGN (0x4)
                0x10000000                        _sccmram = .
 *(.ccmram)
 *(.ccmram*)
                0x10000000                        . = ALIGN (0x4)
                0x10000000                        _eccmram = .
                0x10000000                        . = ALIGN (0x4)

.bss            0x20000020    0x145f4
                0x20000020                        _sbss = .
                0x20000020                        __bss_start__ = _sbss
 *(.bss)
 .bss           0x20000020       0x1c C:/ST/STM32CubeCLT_1.17.0/GNU-tools-for-STM32/bin/../lib/gcc/arm-none-eabi/12.3.1/thumb/v7e-m+fp/hard/crtbegin.o
 *(.bss*)
 .bss.__lock___atexit_recursive_mutex
                0x2000003c        0x1 C:/ST/STM32CubeCLT_1.17.0/GNU-tools-for-STM32/bin/../lib/gcc/arm-none-eabi/12.3.1/../../../../arm-none-eabi/lib/thumb/v7e-m+fp/hard\libc.a(libc_a-lock.o)
                0x2000003c                __lock___atexit_recursive_mutex
 *fill*         0x2000003d        0x3 
 .bss.__atexit  0x20000040        0x4 C:/ST/STM32CubeCLT_1.17.0/GNU-tools-for-STM32/bin/../lib/gcc/arm-none-eabi/12.3.1/../../../../arm-none-eabi/lib/thumb/v7e-m+fp/hard\libc.a(libc_a-__call_atexit.o)
                0x20000040                __atexit
 .bss.__atexit0
                0x20000044      0x190 C:/ST/STM32CubeCLT_1.17.0/GNU-tools-for-STM32/bin/../lib/gcc/arm-none-eabi/12.3.1/../../../../arm-none-eabi/lib/thumb/v7e-m+fp/hard\libc.a(libc_a-__atexit.o)
                0x20000044                __atexit0
 .bss.task1_handle
                0x200001d4        0x4 CMakeFiles/90_FreeRTOS.dir/Src/main.c.obj
                0x200001d4                task1_handle
 .bss.task2_handle
                0x200001d8        0x4 CMakeFiles/90_FreeRTOS.dir/Src/main.c.obj
                0x200001d8                task2_handle
 .bss.task3_handle
                0x200001dc        0x4 CMakeFiles/90_FreeRTOS.dir/Src/main.c.obj
                0x200001dc                task3_handle
 .bss.task4_handle
                0x200001e0        0x4 CMakeFiles/90_FreeRTOS.dir/Src/main.c.obj
                0x200001e0                task4_handle
 .bss.task5_handle
                0x200001e4        0x4 CMakeFiles/90_FreeRTOS.dir/Src/main.c.obj
                0x200001e4                task5_handle
 .bss.task6_handle
                0x200001e8        0x4 CMakeFiles/90_FreeRTOS.dir/Src/main.c.obj
                0x200001e8                task6_handle
 .bss.task7_handle
                0x200001ec        0x4 CMakeFiles/90_FreeRTOS.dir/Src/main.c.obj
                0x200001ec                task7_handle
 .bss.task8_handle
                0x200001f0        0x4 CMakeFiles/90_FreeRTOS.dir/Src/main.c.obj
                0x200001f0                task8_handle
 .bss.status    0x200001f4        0x4 CMakeFiles/90_FreeRTOS.dir/Src/main.c.obj
                0x200001f4                status
 .bss.button_pressed
                0x200001f8        0x1 CMakeFiles/90_FreeRTOS.dir/Src/main.c.obj
                0x200001f8                button_pressed
 .bss.ucMaxSysCallPriority
                0x200001f9        0x1 CMakeFiles/90_FreeRTOS.dir/ThirdParty/FreeRTOS/portable/GCC/ARM_CM4F/port.c.obj
 *fill*         0x200001fa        0x2 
 .bss.ulMaxPRIGROUPValue
                0x200001fc        0x4 CMakeFiles/90_FreeRTOS.dir/ThirdParty/FreeRTOS/portable/GCC/ARM_CM4F/port.c.obj
 .bss.ucHeap    0x20000200    0x12c00 CMakeFiles/90_FreeRTOS.dir/ThirdParty/FreeRTOS/portable/MemMang/heap_4.c.obj
 .bss.xStart    0x20012e00        0x8 CMakeFiles/90_FreeRTOS.dir/ThirdParty/FreeRTOS/portable/MemMang/heap_4.c.obj
 .bss.pxEnd     0x20012e08        0x4 CMakeFiles/90_FreeRTOS.dir/ThirdParty/FreeRTOS/portable/MemMang/heap_4.c.obj
 .bss.xFreeBytesRemaining
                0x20012e0c        0x4 CMakeFiles/90_FreeRTOS.dir/ThirdParty/FreeRTOS/portable/MemMang/heap_4.c.obj
 .bss.xMinimumEverFreeBytesRemaining
                0x20012e10        0x4 CMakeFiles/90_FreeRTOS.dir/ThirdParty/FreeRTOS/portable/MemMang/heap_4.c.obj
 .bss.xNumberOfSuccessfulAllocations
                0x20012e14        0x4 CMakeFiles/90_FreeRTOS.dir/ThirdParty/FreeRTOS/portable/MemMang/heap_4.c.obj
 .bss.xNumberOfSuccessfulFrees
                0x20012e18        0x4 CMakeFiles/90_FreeRTOS.dir/ThirdParty/FreeRTOS/portable/MemMang/heap_4.c.obj
 .bss.xQueueRegistry
                0x20012e1c       0x40 CMakeFiles/90_FreeRTOS.dir/ThirdParty/FreeRTOS/queue.c.obj
                0x20012e1c                xQueueRegistry
 .bss.pxCurrentTCB
                0x20012e5c        0x4 CMakeFiles/90_FreeRTOS.dir/ThirdParty/FreeRTOS/tasks.c.obj
                0x20012e5c                pxCurrentTCB
 .bss.pxReadyTasksLists
                0x20012e60       0x64 CMakeFiles/90_FreeRTOS.dir/ThirdParty/FreeRTOS/tasks.c.obj
 .bss.xDelayedTaskList1
                0x20012ec4       0x14 CMakeFiles/90_FreeRTOS.dir/ThirdParty/FreeRTOS/tasks.c.obj
 .bss.xDelayedTaskList2
                0x20012ed8       0x14 CMakeFiles/90_FreeRTOS.dir/ThirdParty/FreeRTOS/tasks.c.obj
 .bss.pxDelayedTaskList
                0x20012eec        0x4 CMakeFiles/90_FreeRTOS.dir/ThirdParty/FreeRTOS/tasks.c.obj
 .bss.pxOverflowDelayedTaskList
                0x20012ef0        0x4 CMakeFiles/90_FreeRTOS.dir/ThirdParty/FreeRTOS/tasks.c.obj
 .bss.xPendingReadyList
                0x20012ef4       0x14 CMakeFiles/90_FreeRTOS.dir/ThirdParty/FreeRTOS/tasks.c.obj
 .bss.xTasksWaitingTermination
                0x20012f08       0x14 CMakeFiles/90_FreeRTOS.dir/ThirdParty/FreeRTOS/tasks.c.obj
 .bss.uxDeletedTasksWaitingCleanUp
                0x20012f1c        0x4 CMakeFiles/90_FreeRTOS.dir/ThirdParty/FreeRTOS/tasks.c.obj
 .bss.xSuspendedTaskList
                0x20012f20       0x14 CMakeFiles/90_FreeRTOS.dir/ThirdParty/FreeRTOS/tasks.c.obj
 .bss.uxCurrentNumberOfTasks
                0x20012f34        0x4 CMakeFiles/90_FreeRTOS.dir/ThirdParty/FreeRTOS/tasks.c.obj
 .bss.xTickCount
                0x20012f38        0x4 CMakeFiles/90_FreeRTOS.dir/ThirdParty/FreeRTOS/tasks.c.obj
 .bss.uxTopReadyPriority
                0x20012f3c        0x4 CMakeFiles/90_FreeRTOS.dir/ThirdParty/FreeRTOS/tasks.c.obj
 .bss.xSchedulerRunning
                0x20012f40        0x4 CMakeFiles/90_FreeRTOS.dir/ThirdParty/FreeRTOS/tasks.c.obj
 .bss.xPendedTicks
                0x20012f44        0x4 CMakeFiles/90_FreeRTOS.dir/ThirdParty/FreeRTOS/tasks.c.obj
 .bss.xYieldPending
                0x20012f48        0x4 CMakeFiles/90_FreeRTOS.dir/ThirdParty/FreeRTOS/tasks.c.obj
 .bss.xNumOfOverflows
                0x20012f4c        0x4 CMakeFiles/90_FreeRTOS.dir/ThirdParty/FreeRTOS/tasks.c.obj
 .bss.uxTaskNumber
                0x20012f50        0x4 CMakeFiles/90_FreeRTOS.dir/ThirdParty/FreeRTOS/tasks.c.obj
 .bss.xNextTaskUnblockTime
                0x20012f54        0x4 CMakeFiles/90_FreeRTOS.dir/ThirdParty/FreeRTOS/tasks.c.obj
 .bss.xIdleTaskHandle
                0x20012f58        0x4 CMakeFiles/90_FreeRTOS.dir/ThirdParty/FreeRTOS/tasks.c.obj
 .bss.uxSchedulerSuspended
                0x20012f5c        0x4 CMakeFiles/90_FreeRTOS.dir/ThirdParty/FreeRTOS/tasks.c.obj
 .bss.xActiveTimerList1
                0x20012f60       0x14 CMakeFiles/90_FreeRTOS.dir/ThirdParty/FreeRTOS/timers.c.obj
 .bss.xActiveTimerList2
                0x20012f74       0x14 CMakeFiles/90_FreeRTOS.dir/ThirdParty/FreeRTOS/timers.c.obj
 .bss.pxCurrentTimerList
                0x20012f88        0x4 CMakeFiles/90_FreeRTOS.dir/ThirdParty/FreeRTOS/timers.c.obj
 .bss.pxOverflowTimerList
                0x20012f8c        0x4 CMakeFiles/90_FreeRTOS.dir/ThirdParty/FreeRTOS/timers.c.obj
 .bss.xTimerQueue
                0x20012f90        0x4 CMakeFiles/90_FreeRTOS.dir/ThirdParty/FreeRTOS/timers.c.obj
 .bss.xTimerTaskHandle
                0x20012f94        0x4 CMakeFiles/90_FreeRTOS.dir/ThirdParty/FreeRTOS/timers.c.obj
 .bss.xLastTime.0
                0x20012f98        0x4 CMakeFiles/90_FreeRTOS.dir/ThirdParty/FreeRTOS/timers.c.obj
 .bss._aTasks   0x20012f9c       0xa0 CMakeFiles/90_FreeRTOS.dir/ThirdParty/SEGGER/OS/SEGGER_SYSVIEW_FreeRTOS.c.obj
 .bss._NumTasks
                0x2001303c        0x4 CMakeFiles/90_FreeRTOS.dir/ThirdParty/SEGGER/OS/SEGGER_SYSVIEW_FreeRTOS.c.obj
 .bss._SEGGER_RTT
                0x20013040       0xa8 CMakeFiles/90_FreeRTOS.dir/ThirdParty/SEGGER/SEGGER/SEGGER_RTT.c.obj
                0x20013040                _SEGGER_RTT
 .bss._acUpBuffer
                0x200130e8      0x400 CMakeFiles/90_FreeRTOS.dir/ThirdParty/SEGGER/SEGGER/SEGGER_RTT.c.obj
 .bss._acDownBuffer
                0x200134e8       0x10 CMakeFiles/90_FreeRTOS.dir/ThirdParty/SEGGER/SEGGER/SEGGER_RTT.c.obj
 .bss._UpBuffer
                0x200134f8     0x1000 CMakeFiles/90_FreeRTOS.dir/ThirdParty/SEGGER/SEGGER/SEGGER_SYSVIEW.c.obj
 .bss._DownBuffer
                0x200144f8        0x8 CMakeFiles/90_FreeRTOS.dir/ThirdParty/SEGGER/SEGGER/SEGGER_SYSVIEW.c.obj
 .bss._SYSVIEW_Globals
                0x20014500       0x28 CMakeFiles/90_FreeRTOS.dir/ThirdParty/SEGGER/SEGGER/SEGGER_SYSVIEW.c.obj
 .bss._pFirstModule
                0x20014528        0x4 CMakeFiles/90_FreeRTOS.dir/ThirdParty/SEGGER/SEGGER/SEGGER_SYSVIEW.c.obj
 .bss._NumModules
                0x2001452c        0x1 CMakeFiles/90_FreeRTOS.dir/ThirdParty/SEGGER/SEGGER/SEGGER_SYSVIEW.c.obj
 *fill*         0x2001452d        0x3 
 .bss._aPacket  0x20014530       0xe3 CMakeFiles/90_FreeRTOS.dir/ThirdParty/SEGGER/SEGGER/SEGGER_SYSVIEW.c.obj
 *(COMMON)
                0x20014614                        . = ALIGN (0x4)
 *fill*         0x20014613        0x1 
                0x20014614                        _ebss = .
                0x20014614                        __bss_end__ = _ebss

._user_heap_stack
                0x20014614      0x604
                0x20014618                        . = ALIGN (0x8)
 *fill*         0x20014614        0x4 
                [!provide]                        PROVIDE (end = .)
                0x20014618                        PROVIDE (_end = .)
                0x20014818                        . = (. + _Min_Heap_Size)
 *fill*         0x20014618      0x200 
                0x20014c18                        . = (. + _Min_Stack_Size)
 *fill*         0x20014818      0x400 
                0x20014c18                        . = ALIGN (0x8)

/DISCARD/
 libc.a(*)
 libm.a(*)
 libgcc.a(*)

.ARM.attributes
                0x00000000       0x30
 *(.ARM.attributes)
 .ARM.attributes
                0x00000000       0x22 C:/ST/STM32CubeCLT_1.17.0/GNU-tools-for-STM32/bin/../lib/gcc/arm-none-eabi/12.3.1/thumb/v7e-m+fp/hard/crti.o
 .ARM.attributes
                0x00000022       0x34 C:/ST/STM32CubeCLT_1.17.0/GNU-tools-for-STM32/bin/../lib/gcc/arm-none-eabi/12.3.1/thumb/v7e-m+fp/hard/crtbegin.o
 .ARM.attributes
                0x00000056       0x34 C:/ST/STM32CubeCLT_1.17.0/GNU-tools-for-STM32/bin/../lib/gcc/arm-none-eabi/12.3.1/../../../../arm-none-eabi/lib/thumb/v7e-m+fp/hard\libc.a(libc_a-memset.o)
 .ARM.attributes
                0x0000008a       0x34 C:/ST/STM32CubeCLT_1.17.0/GNU-tools-for-STM32/bin/../lib/gcc/arm-none-eabi/12.3.1/../../../../arm-none-eabi/lib/thumb/v7e-m+fp/hard\libc.a(libc_a-init.o)
 .ARM.attributes
                0x000000be       0x34 C:/ST/STM32CubeCLT_1.17.0/GNU-tools-for-STM32/bin/../lib/gcc/arm-none-eabi/12.3.1/../../../../arm-none-eabi/lib/thumb/v7e-m+fp/hard\libc.a(libc_a-lock.o)
 .ARM.attributes
                0x000000f2       0x34 C:/ST/STM32CubeCLT_1.17.0/GNU-tools-for-STM32/bin/../lib/gcc/arm-none-eabi/12.3.1/../../../../arm-none-eabi/lib/thumb/v7e-m+fp/hard\libc.a(libc_a-__call_atexit.o)
 .ARM.attributes
                0x00000126       0x34 C:/ST/STM32CubeCLT_1.17.0/GNU-tools-for-STM32/bin/../lib/gcc/arm-none-eabi/12.3.1/../../../../arm-none-eabi/lib/thumb/v7e-m+fp/hard\libc.a(libc_a-atexit.o)
 .ARM.attributes
                0x0000015a       0x34 C:/ST/STM32CubeCLT_1.17.0/GNU-tools-for-STM32/bin/../lib/gcc/arm-none-eabi/12.3.1/../../../../arm-none-eabi/lib/thumb/v7e-m+fp/hard\libc.a(libc_a-fini.o)
 .ARM.attributes
                0x0000018e       0x34 C:/ST/STM32CubeCLT_1.17.0/GNU-tools-for-STM32/bin/../lib/gcc/arm-none-eabi/12.3.1/../../../../arm-none-eabi/lib/thumb/v7e-m+fp/hard\libc.a(libc_a-__atexit.o)
 .ARM.attributes
                0x000001c2       0x34 CMakeFiles/90_FreeRTOS.dir/Driver/Src/flash_driver.c.obj
 .ARM.attributes
                0x000001f6       0x34 CMakeFiles/90_FreeRTOS.dir/Driver/Src/gpio_driver.c.obj
 .ARM.attributes
                0x0000022a       0x34 CMakeFiles/90_FreeRTOS.dir/Driver/Src/rcc_driver.c.obj
 .ARM.attributes
                0x0000025e       0x34 CMakeFiles/90_FreeRTOS.dir/Driver/Src/timer_driver.c.obj
 .ARM.attributes
                0x00000292       0x34 CMakeFiles/90_FreeRTOS.dir/Src/Init.c.obj
 .ARM.attributes
                0x000002c6       0x34 CMakeFiles/90_FreeRTOS.dir/Src/main.c.obj
 .ARM.attributes
                0x000002fa       0x34 CMakeFiles/90_FreeRTOS.dir/Src/syscall.c.obj
 .ARM.attributes
                0x0000032e       0x34 CMakeFiles/90_FreeRTOS.dir/ThirdParty/FreeRTOS/portable/GCC/ARM_CM4F/port.c.obj
 .ARM.attributes
                0x00000362       0x34 CMakeFiles/90_FreeRTOS.dir/ThirdParty/FreeRTOS/portable/MemMang/heap_4.c.obj
 .ARM.attributes
                0x00000396       0x34 CMakeFiles/90_FreeRTOS.dir/ThirdParty/FreeRTOS/list.c.obj
 .ARM.attributes
                0x000003ca       0x34 CMakeFiles/90_FreeRTOS.dir/ThirdParty/FreeRTOS/queue.c.obj
 .ARM.attributes
                0x000003fe       0x34 CMakeFiles/90_FreeRTOS.dir/ThirdParty/FreeRTOS/tasks.c.obj
 .ARM.attributes
                0x00000432       0x34 CMakeFiles/90_FreeRTOS.dir/ThirdParty/FreeRTOS/timers.c.obj
 .ARM.attributes
                0x00000466       0x34 CMakeFiles/90_FreeRTOS.dir/ThirdParty/SEGGER/Config/SEGGER_SYSVIEW_Config_FreeRTOS.c.obj
 .ARM.attributes
                0x0000049a       0x34 CMakeFiles/90_FreeRTOS.dir/ThirdParty/SEGGER/OS/SEGGER_SYSVIEW_FreeRTOS.c.obj
 .ARM.attributes
                0x000004ce       0x34 CMakeFiles/90_FreeRTOS.dir/ThirdParty/SEGGER/SEGGER/SEGGER_RTT.c.obj
 .ARM.attributes
                0x00000502       0x20 CMakeFiles/90_FreeRTOS.dir/ThirdParty/SEGGER/SEGGER/SEGGER_RTT_ASM_ARMv7M.S.obj
 .ARM.attributes
                0x00000522       0x34 CMakeFiles/90_FreeRTOS.dir/ThirdParty/SEGGER/SEGGER/SEGGER_SYSVIEW.c.obj
 .ARM.attributes
                0x00000556       0x21 CMakeFiles/90_FreeRTOS.dir/Startup/startup_stm32f407vgtx.s.obj
 .ARM.attributes
                0x00000577       0x34 C:/ST/STM32CubeCLT_1.17.0/GNU-tools-for-STM32/bin/../lib/gcc/arm-none-eabi/12.3.1/../../../../arm-none-eabi/lib/thumb/v7e-m+fp/hard\libc.a(libc_a-memcmp.o)
 .ARM.attributes
                0x000005ab       0x34 C:/ST/STM32CubeCLT_1.17.0/GNU-tools-for-STM32/bin/../lib/gcc/arm-none-eabi/12.3.1/../../../../arm-none-eabi/lib/thumb/v7e-m+fp/hard\libc.a(libc_a-memcpy-stub.o)
 .ARM.attributes
                0x000005df       0x22 C:/ST/STM32CubeCLT_1.17.0/GNU-tools-for-STM32/bin/../lib/gcc/arm-none-eabi/12.3.1/thumb/v7e-m+fp/hard/crtn.o
OUTPUT(90_FreeRTOS.elf elf32-littlearm)
LOAD linker stubs
LOAD C:/ST/STM32CubeCLT_1.17.0/GNU-tools-for-STM32/bin/../lib/gcc/arm-none-eabi/12.3.1/../../../../arm-none-eabi/lib/thumb/v7e-m+fp/hard\libc.a
LOAD C:/ST/STM32CubeCLT_1.17.0/GNU-tools-for-STM32/bin/../lib/gcc/arm-none-eabi/12.3.1/../../../../arm-none-eabi/lib/thumb/v7e-m+fp/hard\libm.a
LOAD C:/ST/STM32CubeCLT_1.17.0/GNU-tools-for-STM32/bin/../lib/gcc/arm-none-eabi/12.3.1/thumb/v7e-m+fp/hard\libgcc.a

.debug_frame    0x00000000      0x230
 .debug_frame   0x00000000       0x20 C:/ST/STM32CubeCLT_1.17.0/GNU-tools-for-STM32/bin/../lib/gcc/arm-none-eabi/12.3.1/../../../../arm-none-eabi/lib/thumb/v7e-m+fp/hard\libc.a(libc_a-memset.o)
 .debug_frame   0x00000020       0x2c C:/ST/STM32CubeCLT_1.17.0/GNU-tools-for-STM32/bin/../lib/gcc/arm-none-eabi/12.3.1/../../../../arm-none-eabi/lib/thumb/v7e-m+fp/hard\libc.a(libc_a-init.o)
 .debug_frame   0x0000004c       0xb0 C:/ST/STM32CubeCLT_1.17.0/GNU-tools-for-STM32/bin/../lib/gcc/arm-none-eabi/12.3.1/../../../../arm-none-eabi/lib/thumb/v7e-m+fp/hard\libc.a(libc_a-lock.o)
 .debug_frame   0x000000fc       0x58 C:/ST/STM32CubeCLT_1.17.0/GNU-tools-for-STM32/bin/../lib/gcc/arm-none-eabi/12.3.1/../../../../arm-none-eabi/lib/thumb/v7e-m+fp/hard\libc.a(libc_a-__call_atexit.o)
 .debug_frame   0x00000154       0x20 C:/ST/STM32CubeCLT_1.17.0/GNU-tools-for-STM32/bin/../lib/gcc/arm-none-eabi/12.3.1/../../../../arm-none-eabi/lib/thumb/v7e-m+fp/hard\libc.a(libc_a-atexit.o)
 .debug_frame   0x00000174       0x38 C:/ST/STM32CubeCLT_1.17.0/GNU-tools-for-STM32/bin/../lib/gcc/arm-none-eabi/12.3.1/../../../../arm-none-eabi/lib/thumb/v7e-m+fp/hard\libc.a(libc_a-fini.o)
 .debug_frame   0x000001ac       0x34 C:/ST/STM32CubeCLT_1.17.0/GNU-tools-for-STM32/bin/../lib/gcc/arm-none-eabi/12.3.1/../../../../arm-none-eabi/lib/thumb/v7e-m+fp/hard\libc.a(libc_a-__atexit.o)
 .debug_frame   0x000001e0       0x28 C:/ST/STM32CubeCLT_1.17.0/GNU-tools-for-STM32/bin/../lib/gcc/arm-none-eabi/12.3.1/../../../../arm-none-eabi/lib/thumb/v7e-m+fp/hard\libc.a(libc_a-memcmp.o)
 .debug_frame   0x00000208       0x28 C:/ST/STM32CubeCLT_1.17.0/GNU-tools-for-STM32/bin/../lib/gcc/arm-none-eabi/12.3.1/../../../../arm-none-eabi/lib/thumb/v7e-m+fp/hard\libc.a(libc_a-memcpy-stub.o)

.comment        0x00000000       0x43
 .comment       0x00000000       0x43 CMakeFiles/90_FreeRTOS.dir/Driver/Src/flash_driver.c.obj
                                 0x44 (size before relaxing)
 .comment       0x00000043       0x44 CMakeFiles/90_FreeRTOS.dir/Driver/Src/gpio_driver.c.obj
 .comment       0x00000043       0x44 CMakeFiles/90_FreeRTOS.dir/Driver/Src/rcc_driver.c.obj
 .comment       0x00000043       0x44 CMakeFiles/90_FreeRTOS.dir/Driver/Src/timer_driver.c.obj
 .comment       0x00000043       0x44 CMakeFiles/90_FreeRTOS.dir/Src/Init.c.obj
 .comment       0x00000043       0x44 CMakeFiles/90_FreeRTOS.dir/Src/main.c.obj
 .comment       0x00000043       0x44 CMakeFiles/90_FreeRTOS.dir/Src/syscall.c.obj
 .comment       0x00000043       0x44 CMakeFiles/90_FreeRTOS.dir/ThirdParty/FreeRTOS/portable/GCC/ARM_CM4F/port.c.obj
 .comment       0x00000043       0x44 CMakeFiles/90_FreeRTOS.dir/ThirdParty/FreeRTOS/portable/MemMang/heap_4.c.obj
 .comment       0x00000043       0x44 CMakeFiles/90_FreeRTOS.dir/ThirdParty/FreeRTOS/list.c.obj
 .comment       0x00000043       0x44 CMakeFiles/90_FreeRTOS.dir/ThirdParty/FreeRTOS/queue.c.obj
 .comment       0x00000043       0x44 CMakeFiles/90_FreeRTOS.dir/ThirdParty/FreeRTOS/tasks.c.obj
 .comment       0x00000043       0x44 CMakeFiles/90_FreeRTOS.dir/ThirdParty/FreeRTOS/timers.c.obj
 .comment       0x00000043       0x44 CMakeFiles/90_FreeRTOS.dir/ThirdParty/SEGGER/Config/SEGGER_SYSVIEW_Config_FreeRTOS.c.obj
 .comment       0x00000043       0x44 CMakeFiles/90_FreeRTOS.dir/ThirdParty/SEGGER/OS/SEGGER_SYSVIEW_FreeRTOS.c.obj
 .comment       0x00000043       0x44 CMakeFiles/90_FreeRTOS.dir/ThirdParty/SEGGER/SEGGER/SEGGER_RTT.c.obj
 .comment       0x00000043       0x44 CMakeFiles/90_FreeRTOS.dir/ThirdParty/SEGGER/SEGGER/SEGGER_SYSVIEW.c.obj
