Archive member included to satisfy reference by file (symbol)

C:/ST/STM32CubeCLT_1.17.0/GNU-tools-for-STM32/bin/../lib/gcc/arm-none-eabi/12.3.1/../../../../arm-none-eabi/lib/thumb/v7e-m+fp/hard\libc.a(libc_a-exit.o)
                              C:/ST/STM32CubeCLT_1.17.0/GNU-tools-for-STM32/bin/../lib/gcc/arm-none-eabi/12.3.1/../../../../arm-none-eabi/lib/thumb/v7e-m+fp/hard/crt0.o (exit)
C:/ST/STM32CubeCLT_1.17.0/GNU-tools-for-STM32/bin/../lib/gcc/arm-none-eabi/12.3.1/../../../../arm-none-eabi/lib/thumb/v7e-m+fp/hard\libc.a(libc_a-findfp.o)
                              C:/ST/STM32CubeCLT_1.17.0/GNU-tools-for-STM32/bin/../lib/gcc/arm-none-eabi/12.3.1/../../../../arm-none-eabi/lib/thumb/v7e-m+fp/hard\libc.a(libc_a-exit.o) (__stdio_exit_handler)
C:/ST/STM32CubeCLT_1.17.0/GNU-tools-for-STM32/bin/../lib/gcc/arm-none-eabi/12.3.1/../../../../arm-none-eabi/lib/thumb/v7e-m+fp/hard\libc.a(libc_a-fwalk.o)
                              C:/ST/STM32CubeCLT_1.17.0/GNU-tools-for-STM32/bin/../lib/gcc/arm-none-eabi/12.3.1/../../../../arm-none-eabi/lib/thumb/v7e-m+fp/hard\libc.a(libc_a-findfp.o) (_fwalk_sglue)
C:/ST/STM32CubeCLT_1.17.0/GNU-tools-for-STM32/bin/../lib/gcc/arm-none-eabi/12.3.1/../../../../arm-none-eabi/lib/thumb/v7e-m+fp/hard\libc.a(libc_a-stdio.o)
                              C:/ST/STM32CubeCLT_1.17.0/GNU-tools-for-STM32/bin/../lib/gcc/arm-none-eabi/12.3.1/../../../../arm-none-eabi/lib/thumb/v7e-m+fp/hard\libc.a(libc_a-findfp.o) (__sread)
C:/ST/STM32CubeCLT_1.17.0/GNU-tools-for-STM32/bin/../lib/gcc/arm-none-eabi/12.3.1/../../../../arm-none-eabi/lib/thumb/v7e-m+fp/hard\libc.a(libc_a-memset.o)
                              C:/ST/STM32CubeCLT_1.17.0/GNU-tools-for-STM32/bin/../lib/gcc/arm-none-eabi/12.3.1/../../../../arm-none-eabi/lib/thumb/v7e-m+fp/hard/crt0.o (memset)
C:/ST/STM32CubeCLT_1.17.0/GNU-tools-for-STM32/bin/../lib/gcc/arm-none-eabi/12.3.1/../../../../arm-none-eabi/lib/thumb/v7e-m+fp/hard\libc.a(libc_a-closer.o)
                              C:/ST/STM32CubeCLT_1.17.0/GNU-tools-for-STM32/bin/../lib/gcc/arm-none-eabi/12.3.1/../../../../arm-none-eabi/lib/thumb/v7e-m+fp/hard\libc.a(libc_a-stdio.o) (_close_r)
C:/ST/STM32CubeCLT_1.17.0/GNU-tools-for-STM32/bin/../lib/gcc/arm-none-eabi/12.3.1/../../../../arm-none-eabi/lib/thumb/v7e-m+fp/hard\libc.a(libc_a-reent.o)
                              C:/ST/STM32CubeCLT_1.17.0/GNU-tools-for-STM32/bin/../lib/gcc/arm-none-eabi/12.3.1/../../../../arm-none-eabi/lib/thumb/v7e-m+fp/hard\libc.a(libc_a-closer.o) (errno)
C:/ST/STM32CubeCLT_1.17.0/GNU-tools-for-STM32/bin/../lib/gcc/arm-none-eabi/12.3.1/../../../../arm-none-eabi/lib/thumb/v7e-m+fp/hard\libc.a(libc_a-impure.o)
                              C:/ST/STM32CubeCLT_1.17.0/GNU-tools-for-STM32/bin/../lib/gcc/arm-none-eabi/12.3.1/../../../../arm-none-eabi/lib/thumb/v7e-m+fp/hard\libc.a(libc_a-reent.o) (_impure_ptr)
C:/ST/STM32CubeCLT_1.17.0/GNU-tools-for-STM32/bin/../lib/gcc/arm-none-eabi/12.3.1/../../../../arm-none-eabi/lib/thumb/v7e-m+fp/hard\libc.a(libc_a-lseekr.o)
                              C:/ST/STM32CubeCLT_1.17.0/GNU-tools-for-STM32/bin/../lib/gcc/arm-none-eabi/12.3.1/../../../../arm-none-eabi/lib/thumb/v7e-m+fp/hard\libc.a(libc_a-stdio.o) (_lseek_r)
C:/ST/STM32CubeCLT_1.17.0/GNU-tools-for-STM32/bin/../lib/gcc/arm-none-eabi/12.3.1/../../../../arm-none-eabi/lib/thumb/v7e-m+fp/hard\libc.a(libc_a-readr.o)
                              C:/ST/STM32CubeCLT_1.17.0/GNU-tools-for-STM32/bin/../lib/gcc/arm-none-eabi/12.3.1/../../../../arm-none-eabi/lib/thumb/v7e-m+fp/hard\libc.a(libc_a-stdio.o) (_read_r)
C:/ST/STM32CubeCLT_1.17.0/GNU-tools-for-STM32/bin/../lib/gcc/arm-none-eabi/12.3.1/../../../../arm-none-eabi/lib/thumb/v7e-m+fp/hard\libc.a(libc_a-writer.o)
                              C:/ST/STM32CubeCLT_1.17.0/GNU-tools-for-STM32/bin/../lib/gcc/arm-none-eabi/12.3.1/../../../../arm-none-eabi/lib/thumb/v7e-m+fp/hard\libc.a(libc_a-stdio.o) (_write_r)
C:/ST/STM32CubeCLT_1.17.0/GNU-tools-for-STM32/bin/../lib/gcc/arm-none-eabi/12.3.1/../../../../arm-none-eabi/lib/thumb/v7e-m+fp/hard\libc.a(libc_a-init.o)
                              C:/ST/STM32CubeCLT_1.17.0/GNU-tools-for-STM32/bin/../lib/gcc/arm-none-eabi/12.3.1/../../../../arm-none-eabi/lib/thumb/v7e-m+fp/hard/crt0.o (__libc_init_array)
C:/ST/STM32CubeCLT_1.17.0/GNU-tools-for-STM32/bin/../lib/gcc/arm-none-eabi/12.3.1/../../../../arm-none-eabi/lib/thumb/v7e-m+fp/hard\libc.a(libc_a-lock.o)
                              C:/ST/STM32CubeCLT_1.17.0/GNU-tools-for-STM32/bin/../lib/gcc/arm-none-eabi/12.3.1/../../../../arm-none-eabi/lib/thumb/v7e-m+fp/hard\libc.a(libc_a-findfp.o) (__retarget_lock_init_recursive)
C:/ST/STM32CubeCLT_1.17.0/GNU-tools-for-STM32/bin/../lib/gcc/arm-none-eabi/12.3.1/../../../../arm-none-eabi/lib/thumb/v7e-m+fp/hard\libc.a(libc_a-__call_atexit.o)
                              C:/ST/STM32CubeCLT_1.17.0/GNU-tools-for-STM32/bin/../lib/gcc/arm-none-eabi/12.3.1/../../../../arm-none-eabi/lib/thumb/v7e-m+fp/hard\libc.a(libc_a-exit.o) (__call_exitprocs)
[...]
Memory Configuration

Name             Origin             Length             Attributes
CCMRAM           0x10000000         0x00010000         xrw
RAM              0x20000000         0x00020000         xrw
FLASH            0x08000000         0x00100000         xr
*default*        0x00000000         0xffffffff

Linker script and memory map

LOAD C:/ST/STM32CubeCLT_1.17.0/GNU-tools-for-STM32/bin/../lib/gcc/arm-none-eabi/12.3.1/thumb/v7e-m+fp/hard/crti.o
LOAD C:/ST/STM32CubeCLT_1.17.0/GNU-tools-for-STM32/bin/../lib/gcc/arm-none-eabi/12.3.1/thumb/v7e-m+fp/hard/crtbegin.o
LOAD C:/ST/STM32CubeCLT_1.17.0/GNU-tools-for-STM32/bin/../lib/gcc/arm-none-eabi/12.3.1/../../../../arm-none-eabi/lib/thumb/v7e-m+fp/hard/crt0.o
START GROUP
LOAD C:/ST/STM32CubeCLT_1.17.0/GNU-tools-for-STM32/bin/../lib/gcc/arm-none-eabi/12.3.1/../../../../arm-none-eabi/lib/thumb/v7e-m+fp/hard\libc.a
LOAD C:/ST/STM32CubeCLT_1.17.0/GNU-tools-for-STM32/bin/../lib/gcc/arm-none-eabi/12.3.1/../../../../arm-none-eabi/lib/thumb/v7e-m+fp/hard\libm.a
LOAD C:/ST/STM32CubeCLT_1.17.0/GNU-tools-for-STM32/bin/../lib/gcc/arm-none-eabi/12.3.1/../../../../arm-none-eabi/lib/thumb/v7e-m+fp/hard\libstdc++.a
LOAD C:/ST/STM32CubeCLT_1.17.0/GNU-tools-for-STM32/bin/../lib/gcc/arm-none-eabi/12.3.1/../../../../arm-none-eabi/lib/thumb/v7e-m+fp/hard\libsupc++.a
END GROUP
LOAD CMakeFiles/90_FreeRTOS.dir/Driver/Src/flash_driver.c.obj
LOAD CMakeFiles/90_FreeRTOS.dir/Driver/Src/gpio_driver.c.obj
LOAD CMakeFiles/90_FreeRTOS.dir/Driver/Src/i2c_driver.c.obj
LOAD CMakeFiles/90_FreeRTOS.dir/Driver/Src/rcc_driver.c.obj
LOAD CMakeFiles/90_FreeRTOS.dir/Driver/Src/timer_driver.c.obj
LOAD CMakeFiles/90_FreeRTOS.dir/Src/Init.c.obj
LOAD CMakeFiles/90_FreeRTOS.dir/Src/lcd_com.c.obj
LOAD CMakeFiles/90_FreeRTOS.dir/Src/main.c.obj
LOAD CMakeFiles/90_FreeRTOS.dir/Src/syscall.c.obj
LOAD CMakeFiles/90_FreeRTOS.dir/Src/sysmem.c.obj
LOAD CMakeFiles/90_FreeRTOS.dir/Src/util.c.obj
LOAD CMakeFiles/90_FreeRTOS.dir/ThirdParty/FreeRTOS/portable/GCC/ARM_CM4F/port.c.obj
LOAD CMakeFiles/90_FreeRTOS.dir/ThirdParty/FreeRTOS/portable/MemMang/heap_4.c.obj
LOAD CMakeFiles/90_FreeRTOS.dir/ThirdParty/FreeRTOS/croutine.c.obj
LOAD CMakeFiles/90_FreeRTOS.dir/ThirdParty/FreeRTOS/event_groups.c.obj
LOAD CMakeFiles/90_FreeRTOS.dir/ThirdParty/FreeRTOS/list.c.obj
LOAD CMakeFiles/90_FreeRTOS.dir/ThirdParty/FreeRTOS/queue.c.obj
LOAD CMakeFiles/90_FreeRTOS.dir/ThirdParty/FreeRTOS/stream_buffer.c.obj
LOAD CMakeFiles/90_FreeRTOS.dir/ThirdParty/FreeRTOS/tasks.c.obj
LOAD CMakeFiles/90_FreeRTOS.dir/ThirdParty/FreeRTOS/timers.c.obj
LOAD CMakeFiles/90_FreeRTOS.dir/ThirdParty/SEGGER/Config/SEGGER_SYSVIEW_Config_FreeRTOS.c.obj
LOAD CMakeFiles/90_FreeRTOS.dir/ThirdParty/SEGGER/OS/SEGGER_SYSVIEW_FreeRTOS.c.obj
LOAD CMakeFiles/90_FreeRTOS.dir/ThirdParty/SEGGER/SEGGER/SEGGER_RTT.c.obj
LOAD CMakeFiles/90_FreeRTOS.dir/ThirdParty/SEGGER/SEGGER/SEGGER_RTT_ASM_ARMv7M.S.obj
LOAD CMakeFiles/90_FreeRTOS.dir/ThirdParty/SEGGER/SEGGER/SEGGER_RTT_printf.c.obj
LOAD CMakeFiles/90_FreeRTOS.dir/ThirdParty/SEGGER/SEGGER/SEGGER_SYSVIEW.c.obj
LOAD CMakeFiles/90_FreeRTOS.dir/ThirdParty/SEGGER/SEGGER/Syscalls/SEGGER_RTT_Syscalls_GCC.c.obj
LOAD CMakeFiles/90_FreeRTOS.dir/Startup/startup_stm32f407vgtx.s.obj
START GROUP
LOAD C:/ST/STM32CubeCLT_1.17.0/GNU-tools-for-STM32/bin/../lib/gcc/arm-none-eabi/12.3.1/thumb/v7e-m+fp/hard\libgcc.a
LOAD C:/ST/STM32CubeCLT_1.17.0/GNU-tools-for-STM32/bin/../lib/gcc/arm-none-eabi/12.3.1/../../../../arm-none-eabi/lib/thumb/v7e-m+fp/hard\libg.a
LOAD C:/ST/STM32CubeCLT_1.17.0/GNU-tools-for-STM32/bin/../lib/gcc/arm-none-eabi/12.3.1/../../../../arm-none-eabi/lib/thumb/v7e-m+fp/hard\libc.a
END GROUP
START GROUP
LOAD C:/ST/STM32CubeCLT_1.17.0/GNU-tools-for-STM32/bin/../lib/gcc/arm-none-eabi/12.3.1/thumb/v7e-m+fp/hard\libgcc.a
LOAD C:/ST/STM32CubeCLT_1.17.0/GNU-tools-for-STM32/bin/../lib/gcc/arm-none-eabi/12.3.1/../../../../arm-none-eabi/lib/thumb/v7e-m+fp/hard\libc.a
LOAD C:/ST/STM32CubeCLT_1.17.0/GNU-tools-for-STM32/bin/../lib/gcc/arm-none-eabi/12.3.1/../../../../arm-none-eabi/lib/thumb/v7e-m+fp/hard\libnosys.a
END GROUP
LOAD C:/ST/STM32CubeCLT_1.17.0/GNU-tools-for-STM32/bin/../lib/gcc/arm-none-eabi/12.3.1/thumb/v7e-m+fp/hard/crtend.o
LOAD C:/ST/STM32CubeCLT_1.17.0/GNU-tools-for-STM32/bin/../lib/gcc/arm-none-eabi/12.3.1/thumb/v7e-m+fp/hard/crtn.o
                0x20020000                        _estack = (ORIGIN (RAM) + LENGTH (RAM))
                0x00000200                        _Min_Heap_Size = 0x200
                0x00000400                        _Min_Stack_Size = 0x400

.isr_vector     0x08000000      0x188
                0x08000000                        . = ALIGN (0x4)
 *(.isr_vector)
 .isr_vector    0x08000000      0x188 CMakeFiles/90_FreeRTOS.dir/Startup/startup_stm32f407vgtx.s.obj
                0x08000000                g_pfnVectors
                0x08000188                        . = ALIGN (0x4)

.text           0x08000190     0x2e60
                0x08000190                        . = ALIGN (0x4)
 *(.text)
 .text          0x08000190       0x40 C:/ST/STM32CubeCLT_1.17.0/GNU-tools-for-STM32/bin/../lib/gcc/arm-none-eabi/12.3.1/thumb/v7e-m+fp/hard/crtbegin.o
 .text          0x080001d0       0x94 CMakeFiles/90_FreeRTOS.dir/ThirdParty/SEGGER/SEGGER/SEGGER_RTT_ASM_ARMv7M.S.obj
                0x080001d0                SEGGER_RTT_ASM_WriteSkipNoLock
 *(.text*)
 .text.memset   0x08000264       0x10 C:/ST/STM32CubeCLT_1.17.0/GNU-tools-for-STM32/bin/../lib/gcc/arm-none-eabi/12.3.1/../../../../arm-none-eabi/lib/thumb/v7e-m+fp/hard\libc.a(libc_a-memset.o)
                0x08000264                memset
 .text.__libc_init_array
                0x08000274       0x48 C:/ST/STM32CubeCLT_1.17.0/GNU-tools-for-STM32/bin/../lib/gcc/arm-none-eabi/12.3.1/../../../../arm-none-eabi/lib/thumb/v7e-m+fp/hard\libc.a(libc_a-init.o)
                0x08000274                __libc_init_array
 .text.__retarget_lock_acquire_recursive
                0x080002bc        0x2 C:/ST/STM32CubeCLT_1.17.0/GNU-tools-for-STM32/bin/../lib/gcc/arm-none-eabi/12.3.1/../../../../arm-none-eabi/lib/thumb/v7e-m+fp/hard\libc.a(libc_a-lock.o)
                0x080002bc                __retarget_lock_acquire_recursive
 .text.__retarget_lock_release_recursive
                0x080002be        0x2 C:/ST/STM32CubeCLT_1.17.0/GNU-tools-for-STM32/bin/../lib/gcc/arm-none-eabi/12.3.1/../../../../arm-none-eabi/lib/thumb/v7e-m+fp/hard\libc.a(libc_a-lock.o)
                0x080002be                __retarget_lock_release_recursive
 .text.startup.register_fini
                0x080002c0       0x14 C:/ST/STM32CubeCLT_1.17.0/GNU-tools-for-STM32/bin/../lib/gcc/arm-none-eabi/12.3.1/../../../../arm-none-eabi/lib/thumb/v7e-m+fp/hard\libc.a(libc_a-__call_atexit.o)
 .text.atexit   0x080002d4        0xc C:/ST/STM32CubeCLT_1.17.0/GNU-tools-for-STM32/bin/../lib/gcc/arm-none-eabi/12.3.1/../../../../arm-none-eabi/lib/thumb/v7e-m+fp/hard\libc.a(libc_a-atexit.o)
                0x080002d4                atexit
 .text.__libc_fini_array
                0x080002e0       0x28 C:/ST/STM32CubeCLT_1.17.0/GNU-tools-for-STM32/bin/../lib/gcc/arm-none-eabi/12.3.1/../../../../arm-none-eabi/lib/thumb/v7e-m+fp/hard\libc.a(libc_a-fini.o)
                0x080002e0                __libc_fini_array
 .text.__register_exitproc
                0x08000308       0x80 C:/ST/STM32CubeCLT_1.17.0/GNU-tools-for-STM32/bin/../lib/gcc/arm-none-eabi/12.3.1/../../../../arm-none-eabi/lib/thumb/v7e-m+fp/hard\libc.a(libc_a-__atexit.o)
                0x08000308                __register_exitproc
 .text.Set_Flash_Latency
                0x08000388       0x10 CMakeFiles/90_FreeRTOS.dir/Driver/Src/flash_driver.c.obj
                0x08000388                Set_Flash_Latency
 .text.Set_GPIO_Mode
                0x08000398        0xc CMakeFiles/90_FreeRTOS.dir/Driver/Src/gpio_driver.c.obj
                0x08000398                Set_GPIO_Mode
 .text.Set_GPIO_Output_Type
                0x080003a4        0xa CMakeFiles/90_FreeRTOS.dir/Driver/Src/gpio_driver.c.obj
                0x080003a4                Set_GPIO_Output_Type
 .text.Set_GPIO_Output_Speed
                0x080003ae        0xc CMakeFiles/90_FreeRTOS.dir/Driver/Src/gpio_driver.c.obj
                0x080003ae                Set_GPIO_Output_Speed
 .text.Set_GPIO_PUPD
                0x080003ba        0xc CMakeFiles/90_FreeRTOS.dir/Driver/Src/gpio_driver.c.obj
                0x080003ba                Set_GPIO_PUPD
 .text.Set_GPIO_Output
                0x080003c6       0x20 CMakeFiles/90_FreeRTOS.dir/Driver/Src/gpio_driver.c.obj
                0x080003c6                Set_GPIO_Output
 .text.GPIO_Set_AFR
                0x080003e6       0x20 CMakeFiles/90_FreeRTOS.dir/Driver/Src/gpio_driver.c.obj
                0x080003e6                GPIO_Set_AFR
 .text.Set_GPIO_Init_Config
                0x08000406       0x48 CMakeFiles/90_FreeRTOS.dir/Driver/Src/gpio_driver.c.obj
                0x08000406                Set_GPIO_Init_Config
 .text.GPIO_Pin_Read
                0x0800044e        0xc CMakeFiles/90_FreeRTOS.dir/Driver/Src/gpio_driver.c.obj
                0x0800044e                GPIO_Pin_Read
 *fill*         0x0800045a        0x2 
 .text.Enable_Sysclk_Input
                0x0800045c       0x3c CMakeFiles/90_FreeRTOS.dir/Driver/Src/rcc_driver.c.obj
                0x0800045c                Enable_Sysclk_Input
 .text.Wait_Sysclk_Ready
                0x08000498       0x3c CMakeFiles/90_FreeRTOS.dir/Driver/Src/rcc_driver.c.obj
                0x08000498                Wait_Sysclk_Ready
 .text.Set_Sysclk_Input
                0x080004d4       0x1c CMakeFiles/90_FreeRTOS.dir/Driver/Src/rcc_driver.c.obj
                0x080004d4                Set_Sysclk_Input
 .text.Enable_AHB1_Peri_Clk
                0x080004f0       0x2c CMakeFiles/90_FreeRTOS.dir/Driver/Src/rcc_driver.c.obj
                0x080004f0                Enable_AHB1_Peri_Clk
 .text.Enable_APB1_Peri_Clk
                0x0800051c       0x2c CMakeFiles/90_FreeRTOS.dir/Driver/Src/rcc_driver.c.obj
                0x0800051c                Enable_APB1_Peri_Clk
 .text.Set_PLLClk
                0x08000548       0x34 CMakeFiles/90_FreeRTOS.dir/Driver/Src/rcc_driver.c.obj
                0x08000548                Set_PLLClk
 .text.Set_RCC_BUS_Frequency
                0x0800057c       0x1c CMakeFiles/90_FreeRTOS.dir/Driver/Src/rcc_driver.c.obj
                0x0800057c                Set_RCC_BUS_Frequency
 .text.Start_Timer
                0x08000598        0xe CMakeFiles/90_FreeRTOS.dir/Driver/Src/timer_driver.c.obj
                0x08000598                Start_Timer
 .text.Stop_Timer
                0x080005a6        0xa CMakeFiles/90_FreeRTOS.dir/Driver/Src/timer_driver.c.obj
                0x080005a6                Stop_Timer
 .text.delay_ms
                0x080005b0       0x38 CMakeFiles/90_FreeRTOS.dir/Driver/Src/timer_driver.c.obj
                0x080005b0                delay_ms
 .text.Init_PeriClk_Enable
                0x080005e8       0x34 CMakeFiles/90_FreeRTOS.dir/Src/Init.c.obj
                0x080005e8                Init_PeriClk_Enable
 .text.Init_Bus_Clock_Prescale
                0x0800061c        0x8 CMakeFiles/90_FreeRTOS.dir/Src/Init.c.obj
                0x0800061c                Init_Bus_Clock_Prescale
 .text.Init_Sysclk
                0x08000624       0x3c CMakeFiles/90_FreeRTOS.dir/Src/Init.c.obj
                0x08000624                Init_Sysclk
 .text.Init_GPIO
                0x08000660       0x9c CMakeFiles/90_FreeRTOS.dir/Src/Init.c.obj
                0x08000660                Init_GPIO
 .text.Init     0x080006fc        0xc CMakeFiles/90_FreeRTOS.dir/Src/Init.c.obj
                0x080006fc                Init
 .text.task8_handler
                0x08000708       0x14 CMakeFiles/90_FreeRTOS.dir/Src/main.c.obj
 .text.task7_handler
                0x0800071c       0x14 CMakeFiles/90_FreeRTOS.dir/Src/main.c.obj
 .text.task6_handler
                0x08000730       0x14 CMakeFiles/90_FreeRTOS.dir/Src/main.c.obj
 .text.task5_handler
                0x08000744       0x14 CMakeFiles/90_FreeRTOS.dir/Src/main.c.obj
 .text.task4_handler
                0x08000758       0x14 CMakeFiles/90_FreeRTOS.dir/Src/main.c.obj
 .text.task3_handler
                0x0800076c       0x14 CMakeFiles/90_FreeRTOS.dir/Src/main.c.obj
 .text.task2_handler
                0x08000780       0x14 CMakeFiles/90_FreeRTOS.dir/Src/main.c.obj
 .text.task1_handler
                0x08000794       0x68 CMakeFiles/90_FreeRTOS.dir/Src/main.c.obj
 .text.main     0x080007fc      0x208 CMakeFiles/90_FreeRTOS.dir/Src/main.c.obj
                0x080007fc                main
 .text.prvTaskExitError
                0x08000a04       0x40 CMakeFiles/90_FreeRTOS.dir/ThirdParty/FreeRTOS/portable/GCC/ARM_CM4F/port.c.obj
 .text.prvPortStartFirstTask
                0x08000a44       0x28 CMakeFiles/90_FreeRTOS.dir/ThirdParty/FreeRTOS/portable/GCC/ARM_CM4F/port.c.obj
 .text.vPortEnableVFP
                0x08000a6c       0x14 CMakeFiles/90_FreeRTOS.dir/ThirdParty/FreeRTOS/portable/GCC/ARM_CM4F/port.c.obj
 .text.pxPortInitialiseStack
                0x08000a80       0x2c CMakeFiles/90_FreeRTOS.dir/ThirdParty/FreeRTOS/portable/GCC/ARM_CM4F/port.c.obj
                0x08000a80                pxPortInitialiseStack
 *fill*         0x08000aac        0x4 
 .text.SVC_Handler
                0x08000ab0       0x24 CMakeFiles/90_FreeRTOS.dir/ThirdParty/FreeRTOS/portable/GCC/ARM_CM4F/port.c.obj
                0x08000ab0                SVC_Handler
 .text.vPortEnterCritical
                0x08000ad4       0x44 CMakeFiles/90_FreeRTOS.dir/ThirdParty/FreeRTOS/portable/GCC/ARM_CM4F/port.c.obj
                0x08000ad4                vPortEnterCritical
 .text.vPortExitCritical
                0x08000b18       0x2c CMakeFiles/90_FreeRTOS.dir/ThirdParty/FreeRTOS/portable/GCC/ARM_CM4F/port.c.obj
                0x08000b18                vPortExitCritical
 *fill*         0x08000b44        0xc 
 .text.PendSV_Handler
                0x08000b50       0x64 CMakeFiles/90_FreeRTOS.dir/ThirdParty/FreeRTOS/portable/GCC/ARM_CM4F/port.c.obj
                0x08000b50                PendSV_Handler
 .text.SysTick_Handler
                0x08000bb4       0x3a CMakeFiles/90_FreeRTOS.dir/ThirdParty/FreeRTOS/portable/GCC/ARM_CM4F/port.c.obj
                0x08000bb4                SysTick_Handler
 *fill*         0x08000bee        0x2 
 .text.vPortSetupTimerInterrupt
                0x08000bf0       0x28 CMakeFiles/90_FreeRTOS.dir/ThirdParty/FreeRTOS/portable/GCC/ARM_CM4F/port.c.obj
                0x08000bf0                vPortSetupTimerInterrupt
 .text.xPortStartScheduler
                0x08000c18      0x118 CMakeFiles/90_FreeRTOS.dir/ThirdParty/FreeRTOS/portable/GCC/ARM_CM4F/port.c.obj
                0x08000c18                xPortStartScheduler
 .text.vPortValidateInterruptPriority
                0x08000d30       0x5c CMakeFiles/90_FreeRTOS.dir/ThirdParty/FreeRTOS/portable/GCC/ARM_CM4F/port.c.obj
                0x08000d30                vPortValidateInterruptPriority
 .text.prvHeapInit
                0x08000d8c       0x58 CMakeFiles/90_FreeRTOS.dir/ThirdParty/FreeRTOS/portable/MemMang/heap_4.c.obj
 .text.prvInsertBlockIntoFreeList
                0x08000de4       0x64 CMakeFiles/90_FreeRTOS.dir/ThirdParty/FreeRTOS/portable/MemMang/heap_4.c.obj
 .text.pvPortMalloc
                0x08000e48       0xf4 CMakeFiles/90_FreeRTOS.dir/ThirdParty/FreeRTOS/portable/MemMang/heap_4.c.obj
                0x08000e48                pvPortMalloc
 .text.vPortFree
                0x08000f3c       0x78 CMakeFiles/90_FreeRTOS.dir/ThirdParty/FreeRTOS/portable/MemMang/heap_4.c.obj
                0x08000f3c                vPortFree
 .text.vListInitialise
                0x08000fb4       0x16 CMakeFiles/90_FreeRTOS.dir/ThirdParty/FreeRTOS/list.c.obj
                0x08000fb4                vListInitialise
 .text.vListInitialiseItem
                0x08000fca        0x6 CMakeFiles/90_FreeRTOS.dir/ThirdParty/FreeRTOS/list.c.obj
                0x08000fca                vListInitialiseItem
 .text.vListInsert
                0x08000fd0       0x32 CMakeFiles/90_FreeRTOS.dir/ThirdParty/FreeRTOS/list.c.obj
                0x08000fd0                vListInsert
 .text.uxListRemove
                0x08001002       0x26 CMakeFiles/90_FreeRTOS.dir/ThirdParty/FreeRTOS/list.c.obj
                0x08001002                uxListRemove
 .text.prvIsQueueEmpty
                0x08001028       0x1a CMakeFiles/90_FreeRTOS.dir/ThirdParty/FreeRTOS/queue.c.obj
 .text.prvCopyDataFromQueue
                0x08001042       0x24 CMakeFiles/90_FreeRTOS.dir/ThirdParty/FreeRTOS/queue.c.obj
 .text.prvUnlockQueue
                0x08001066       0x6e CMakeFiles/90_FreeRTOS.dir/ThirdParty/FreeRTOS/queue.c.obj
 .text.xQueueGenericReset
                0x080010d4       0xaa CMakeFiles/90_FreeRTOS.dir/ThirdParty/FreeRTOS/queue.c.obj
                0x080010d4                xQueueGenericReset
 .text.prvInitialiseNewQueue
                0x0800117e       0x30 CMakeFiles/90_FreeRTOS.dir/ThirdParty/FreeRTOS/queue.c.obj
 .text.xQueueGenericCreate
                0x080011ae       0x56 CMakeFiles/90_FreeRTOS.dir/ThirdParty/FreeRTOS/queue.c.obj
                0x080011ae                xQueueGenericCreate
 .text.xQueueReceive
                0x08001204      0x1b8 CMakeFiles/90_FreeRTOS.dir/ThirdParty/FreeRTOS/queue.c.obj
                0x08001204                xQueueReceive
 .text.vQueueAddToRegistry
                0x080013bc       0x6c CMakeFiles/90_FreeRTOS.dir/ThirdParty/FreeRTOS/queue.c.obj
                0x080013bc                vQueueAddToRegistry
 .text.vQueueWaitForMessageRestricted
                0x08001428       0x52 CMakeFiles/90_FreeRTOS.dir/ThirdParty/FreeRTOS/queue.c.obj
                0x08001428                vQueueWaitForMessageRestricted
 *fill*         0x0800147a        0x2 
 .text.prvResetNextTaskUnblockTime
                0x0800147c       0x28 CMakeFiles/90_FreeRTOS.dir/ThirdParty/FreeRTOS/tasks.c.obj
 .text.prvDeleteTCB
                0x080014a4       0x12 CMakeFiles/90_FreeRTOS.dir/ThirdParty/FreeRTOS/tasks.c.obj
 .text.prvInitialiseNewTask
                0x080014b6       0x8e CMakeFiles/90_FreeRTOS.dir/ThirdParty/FreeRTOS/tasks.c.obj
 .text.prvInitialiseTaskLists
                0x08001544       0x68 CMakeFiles/90_FreeRTOS.dir/ThirdParty/FreeRTOS/tasks.c.obj
 .text.prvAddNewTaskToReadyList
                0x080015ac       0xec CMakeFiles/90_FreeRTOS.dir/ThirdParty/FreeRTOS/tasks.c.obj
 .text.prvCheckTasksWaitingTermination
                0x08001698       0x4c CMakeFiles/90_FreeRTOS.dir/ThirdParty/FreeRTOS/tasks.c.obj
 .text.prvIdleTask
                0x080016e4       0x28 CMakeFiles/90_FreeRTOS.dir/ThirdParty/FreeRTOS/tasks.c.obj
 .text.prvAddCurrentTaskToDelayedList
                0x0800170c       0xb0 CMakeFiles/90_FreeRTOS.dir/ThirdParty/FreeRTOS/tasks.c.obj
 .text.xTaskCreate
                0x080017bc       0x68 CMakeFiles/90_FreeRTOS.dir/ThirdParty/FreeRTOS/tasks.c.obj
                0x080017bc                xTaskCreate
 .text.vTaskStartScheduler
                0x08001824       0xa8 CMakeFiles/90_FreeRTOS.dir/ThirdParty/FreeRTOS/tasks.c.obj
                0x08001824                vTaskStartScheduler
 .text.vTaskSuspendAll
                0x080018cc       0x10 CMakeFiles/90_FreeRTOS.dir/ThirdParty/FreeRTOS/tasks.c.obj
                0x080018cc                vTaskSuspendAll
 .text.xTaskGetTickCount
                0x080018dc        0xc CMakeFiles/90_FreeRTOS.dir/ThirdParty/FreeRTOS/tasks.c.obj
                0x080018dc                xTaskGetTickCount
 .text.xTaskGetTickCountFromISR
                0x080018e8       0x10 CMakeFiles/90_FreeRTOS.dir/ThirdParty/FreeRTOS/tasks.c.obj
                0x080018e8                xTaskGetTickCountFromISR
 .text.xTaskIncrementTick
                0x080018f8      0x178 CMakeFiles/90_FreeRTOS.dir/ThirdParty/FreeRTOS/tasks.c.obj
                0x080018f8                xTaskIncrementTick
 .text.xTaskResumeAll
                0x08001a70      0x154 CMakeFiles/90_FreeRTOS.dir/ThirdParty/FreeRTOS/tasks.c.obj
                0x08001a70                xTaskResumeAll
 .text.vTaskSwitchContext
                0x08001bc4       0xb4 CMakeFiles/90_FreeRTOS.dir/ThirdParty/FreeRTOS/tasks.c.obj
                0x08001bc4                vTaskSwitchContext
 .text.vTaskPlaceOnEventList
                0x08001c78       0x30 CMakeFiles/90_FreeRTOS.dir/ThirdParty/FreeRTOS/tasks.c.obj
                0x08001c78                vTaskPlaceOnEventList
 .text.vTaskPlaceOnEventListRestricted
                0x08001ca8       0x5c CMakeFiles/90_FreeRTOS.dir/ThirdParty/FreeRTOS/tasks.c.obj
                0x08001ca8                vTaskPlaceOnEventListRestricted
 .text.xTaskRemoveFromEventList
                0x08001d04       0xf4 CMakeFiles/90_FreeRTOS.dir/ThirdParty/FreeRTOS/tasks.c.obj
                0x08001d04                xTaskRemoveFromEventList
 .text.vTaskInternalSetTimeOutState
                0x08001df8       0x18 CMakeFiles/90_FreeRTOS.dir/ThirdParty/FreeRTOS/tasks.c.obj
                0x08001df8                vTaskInternalSetTimeOutState
 .text.xTaskCheckForTimeOut
                0x08001e10       0x88 CMakeFiles/90_FreeRTOS.dir/ThirdParty/FreeRTOS/tasks.c.obj
                0x08001e10                xTaskCheckForTimeOut
 .text.vTaskMissedYield
                0x08001e98        0xc CMakeFiles/90_FreeRTOS.dir/ThirdParty/FreeRTOS/tasks.c.obj
                0x08001e98                vTaskMissedYield
 .text.xTaskGetSchedulerState
                0x08001ea4       0x20 CMakeFiles/90_FreeRTOS.dir/ThirdParty/FreeRTOS/tasks.c.obj
                0x08001ea4                xTaskGetSchedulerState
 .text.prvGetNextExpireTime
                0x08001ec4       0x20 CMakeFiles/90_FreeRTOS.dir/ThirdParty/FreeRTOS/timers.c.obj
 .text.prvInsertTimerInActiveList
                0x08001ee4       0x48 CMakeFiles/90_FreeRTOS.dir/ThirdParty/FreeRTOS/timers.c.obj
 .text.prvReloadTimer
                0x08001f2c       0x28 CMakeFiles/90_FreeRTOS.dir/ThirdParty/FreeRTOS/timers.c.obj
 .text.prvProcessExpiredTimer
                0x08001f54       0x40 CMakeFiles/90_FreeRTOS.dir/ThirdParty/FreeRTOS/timers.c.obj
 .text.prvSwitchTimerLists
                0x08001f94       0x30 CMakeFiles/90_FreeRTOS.dir/ThirdParty/FreeRTOS/timers.c.obj
 .text.prvSampleTimeNow
                0x08001fc4       0x2c CMakeFiles/90_FreeRTOS.dir/ThirdParty/FreeRTOS/timers.c.obj
 .text.prvProcessTimerOrBlockTask
                0x08001ff0       0x74 CMakeFiles/90_FreeRTOS.dir/ThirdParty/FreeRTOS/timers.c.obj
 .text.prvProcessReceivedCommands
                0x08002064       0xf0 CMakeFiles/90_FreeRTOS.dir/ThirdParty/FreeRTOS/timers.c.obj
 .text.prvTimerTask
                0x08002154       0x16 CMakeFiles/90_FreeRTOS.dir/ThirdParty/FreeRTOS/timers.c.obj
 *fill*         0x0800216a        0x2 
 .text.prvCheckForValidListAndQueue
                0x0800216c       0x5c CMakeFiles/90_FreeRTOS.dir/ThirdParty/FreeRTOS/timers.c.obj
 .text.xTimerCreateTimerTask
                0x080021c8       0x50 CMakeFiles/90_FreeRTOS.dir/ThirdParty/FreeRTOS/timers.c.obj
                0x080021c8                xTimerCreateTimerTask
 .text._cbSendSystemDesc
                0x08002218       0x18 CMakeFiles/90_FreeRTOS.dir/ThirdParty/SEGGER/Config/SEGGER_SYSVIEW_Config_FreeRTOS.c.obj
 .text.SEGGER_SYSVIEW_Conf
                0x08002230       0x28 CMakeFiles/90_FreeRTOS.dir/ThirdParty/SEGGER/Config/SEGGER_SYSVIEW_Config_FreeRTOS.c.obj
                0x08002230                SEGGER_SYSVIEW_Conf
 .text._cbGetTime
                0x08002258       0x14 CMakeFiles/90_FreeRTOS.dir/ThirdParty/SEGGER/OS/SEGGER_SYSVIEW_FreeRTOS.c.obj
 .text.SYSVIEW_SendTaskInfo
                0x0800226c       0x26 CMakeFiles/90_FreeRTOS.dir/ThirdParty/SEGGER/OS/SEGGER_SYSVIEW_FreeRTOS.c.obj
                0x0800226c                SYSVIEW_SendTaskInfo
 *fill*         0x08002292        0x2 
 .text.SYSVIEW_AddTask
                0x08002294       0x6c CMakeFiles/90_FreeRTOS.dir/ThirdParty/SEGGER/OS/SEGGER_SYSVIEW_FreeRTOS.c.obj
                0x08002294                SYSVIEW_AddTask
 .text._cbSendTaskList
                0x08002300       0x38 CMakeFiles/90_FreeRTOS.dir/ThirdParty/SEGGER/OS/SEGGER_SYSVIEW_FreeRTOS.c.obj
 .text._DoInit  0x08002338       0x70 CMakeFiles/90_FreeRTOS.dir/ThirdParty/SEGGER/SEGGER/SEGGER_RTT.c.obj
 .text.SEGGER_RTT_ReadNoLock
                0x080023a8       0xa0 CMakeFiles/90_FreeRTOS.dir/ThirdParty/SEGGER/SEGGER/SEGGER_RTT.c.obj
                0x080023a8                SEGGER_RTT_ReadNoLock
 .text.SEGGER_RTT_AllocUpBuffer
                0x08002448       0x8c CMakeFiles/90_FreeRTOS.dir/ThirdParty/SEGGER/SEGGER/SEGGER_RTT.c.obj
                0x08002448                SEGGER_RTT_AllocUpBuffer
 .text.SEGGER_RTT_ConfigDownBuffer
                0x080024d4       0x74 CMakeFiles/90_FreeRTOS.dir/ThirdParty/SEGGER/SEGGER/SEGGER_RTT.c.obj
                0x080024d4                SEGGER_RTT_ConfigDownBuffer
 .text._EncodeStr
                0x08002548       0x4e CMakeFiles/90_FreeRTOS.dir/ThirdParty/SEGGER/SEGGER/SEGGER_SYSVIEW.c.obj
 .text._PreparePacket
                0x08002596        0x4 CMakeFiles/90_FreeRTOS.dir/ThirdParty/SEGGER/SEGGER/SEGGER_SYSVIEW.c.obj
 *fill*         0x0800259a        0x2 
 .text._TrySendOverflowPacket
                0x0800259c       0x74 CMakeFiles/90_FreeRTOS.dir/ThirdParty/SEGGER/SEGGER/SEGGER_SYSVIEW.c.obj
 .text.SEGGER_SYSVIEW_Init
                0x08002610       0x6c CMakeFiles/90_FreeRTOS.dir/ThirdParty/SEGGER/SEGGER/SEGGER_SYSVIEW.c.obj
                0x08002610                SEGGER_SYSVIEW_Init
 .text.SEGGER_SYSVIEW_SetRAMBase
                0x0800267c        0xc CMakeFiles/90_FreeRTOS.dir/ThirdParty/SEGGER/SEGGER/SEGGER_SYSVIEW.c.obj
                0x0800267c                SEGGER_SYSVIEW_SetRAMBase
 .text.SEGGER_SYSVIEW_SendTaskList
                0x08002688       0x14 CMakeFiles/90_FreeRTOS.dir/ThirdParty/SEGGER/SEGGER/SEGGER_SYSVIEW.c.obj
                0x08002688                SEGGER_SYSVIEW_SendTaskList
 .text.SEGGER_SYSVIEW_ShrinkId
                0x0800269c        0xc CMakeFiles/90_FreeRTOS.dir/ThirdParty/SEGGER/SEGGER/SEGGER_SYSVIEW.c.obj
                0x0800269c                SEGGER_SYSVIEW_ShrinkId
 .text.SEGGER_SYSVIEW_SendModuleDescription
                0x080026a8       0x20 CMakeFiles/90_FreeRTOS.dir/ThirdParty/SEGGER/SEGGER/SEGGER_SYSVIEW.c.obj
                0x080026a8                SEGGER_SYSVIEW_SendModuleDescription
 .text.SEGGER_SYSVIEW_SendNumModules
                0x080026c8       0x44 CMakeFiles/90_FreeRTOS.dir/ThirdParty/SEGGER/SEGGER/SEGGER_SYSVIEW.c.obj
                0x080026c8                SEGGER_SYSVIEW_SendNumModules
 .text.SEGGER_SYSVIEW_Start
                0x0800270c       0xb4 CMakeFiles/90_FreeRTOS.dir/ThirdParty/SEGGER/SEGGER/SEGGER_SYSVIEW.c.obj
                0x0800270c                SEGGER_SYSVIEW_Start
 .text._HandleIncomingPacket
                0x080027c0       0xa0 CMakeFiles/90_FreeRTOS.dir/ThirdParty/SEGGER/SEGGER/SEGGER_SYSVIEW.c.obj
 .text._SendPacket
                0x08002860       0xfc CMakeFiles/90_FreeRTOS.dir/ThirdParty/SEGGER/SEGGER/SEGGER_SYSVIEW.c.obj
 .text.SEGGER_SYSVIEW_RecordVoid
                0x0800295c       0x28 CMakeFiles/90_FreeRTOS.dir/ThirdParty/SEGGER/SEGGER/SEGGER_SYSVIEW.c.obj
                0x0800295c                SEGGER_SYSVIEW_RecordVoid
 .text.SEGGER_SYSVIEW_RecordU32
                0x08002984       0x40 CMakeFiles/90_FreeRTOS.dir/ThirdParty/SEGGER/SEGGER/SEGGER_SYSVIEW.c.obj
                0x08002984                SEGGER_SYSVIEW_RecordU32
 .text.SEGGER_SYSVIEW_RecordU32x2
                0x080029c4       0x54 CMakeFiles/90_FreeRTOS.dir/ThirdParty/SEGGER/SEGGER/SEGGER_SYSVIEW.c.obj
                0x080029c4                SEGGER_SYSVIEW_RecordU32x2
 .text.SEGGER_SYSVIEW_RecordSystime
                0x08002a18       0x30 CMakeFiles/90_FreeRTOS.dir/ThirdParty/SEGGER/SEGGER/SEGGER_SYSVIEW.c.obj
                0x08002a18                SEGGER_SYSVIEW_RecordSystime
 .text.SEGGER_SYSVIEW_RecordU32x3
                0x08002a48       0x74 CMakeFiles/90_FreeRTOS.dir/ThirdParty/SEGGER/SEGGER/SEGGER_SYSVIEW.c.obj
                0x08002a48                SEGGER_SYSVIEW_RecordU32x3
 .text.SEGGER_SYSVIEW_RecordU32x4
                0x08002abc       0x8c CMakeFiles/90_FreeRTOS.dir/ThirdParty/SEGGER/SEGGER/SEGGER_SYSVIEW.c.obj
                0x08002abc                SEGGER_SYSVIEW_RecordU32x4
 .text.SEGGER_SYSVIEW_Stop
                0x08002b48       0x38 CMakeFiles/90_FreeRTOS.dir/ThirdParty/SEGGER/SEGGER/SEGGER_SYSVIEW.c.obj
                0x08002b48                SEGGER_SYSVIEW_Stop
 .text.SEGGER_SYSVIEW_GetSysDesc
                0x08002b80       0x80 CMakeFiles/90_FreeRTOS.dir/ThirdParty/SEGGER/SEGGER/SEGGER_SYSVIEW.c.obj
                0x08002b80                SEGGER_SYSVIEW_GetSysDesc
 .text.SEGGER_SYSVIEW_SendTaskInfo
                0x08002c00       0xc4 CMakeFiles/90_FreeRTOS.dir/ThirdParty/SEGGER/SEGGER/SEGGER_SYSVIEW.c.obj
                0x08002c00                SEGGER_SYSVIEW_SendTaskInfo
 .text.SEGGER_SYSVIEW_SendSysDesc
                0x08002cc4       0x34 CMakeFiles/90_FreeRTOS.dir/ThirdParty/SEGGER/SEGGER/SEGGER_SYSVIEW.c.obj
                0x08002cc4                SEGGER_SYSVIEW_SendSysDesc
 .text.SEGGER_SYSVIEW_RecordEnterISR
                0x08002cf8       0x48 CMakeFiles/90_FreeRTOS.dir/ThirdParty/SEGGER/SEGGER/SEGGER_SYSVIEW.c.obj
                0x08002cf8                SEGGER_SYSVIEW_RecordEnterISR
 .text.SEGGER_SYSVIEW_RecordExitISR
                0x08002d40       0x28 CMakeFiles/90_FreeRTOS.dir/ThirdParty/SEGGER/SEGGER/SEGGER_SYSVIEW.c.obj
                0x08002d40                SEGGER_SYSVIEW_RecordExitISR
 .text.SEGGER_SYSVIEW_RecordExitISRToScheduler
                0x08002d68       0x28 CMakeFiles/90_FreeRTOS.dir/ThirdParty/SEGGER/SEGGER/SEGGER_SYSVIEW.c.obj
                0x08002d68                SEGGER_SYSVIEW_RecordExitISRToScheduler
 .text.SEGGER_SYSVIEW_OnIdle
                0x08002d90       0x28 CMakeFiles/90_FreeRTOS.dir/ThirdParty/SEGGER/SEGGER/SEGGER_SYSVIEW.c.obj
                0x08002d90                SEGGER_SYSVIEW_OnIdle
 .text.SEGGER_SYSVIEW_OnTaskCreate
                0x08002db8       0x48 CMakeFiles/90_FreeRTOS.dir/ThirdParty/SEGGER/SEGGER/SEGGER_SYSVIEW.c.obj
                0x08002db8                SEGGER_SYSVIEW_OnTaskCreate
 .text.SEGGER_SYSVIEW_OnTaskStartExec
                0x08002e00       0x48 CMakeFiles/90_FreeRTOS.dir/ThirdParty/SEGGER/SEGGER/SEGGER_SYSVIEW.c.obj
                0x08002e00                SEGGER_SYSVIEW_OnTaskStartExec
 .text.SEGGER_SYSVIEW_OnTaskStartReady
                0x08002e48       0x48 CMakeFiles/90_FreeRTOS.dir/ThirdParty/SEGGER/SEGGER/SEGGER_SYSVIEW.c.obj
                0x08002e48                SEGGER_SYSVIEW_OnTaskStartReady
 .text.SEGGER_SYSVIEW_SendModule
                0x08002e90       0x78 CMakeFiles/90_FreeRTOS.dir/ThirdParty/SEGGER/SEGGER/SEGGER_SYSVIEW.c.obj
                0x08002e90                SEGGER_SYSVIEW_SendModule
 .text.SEGGER_SYSVIEW_Warn
                0x08002f08       0x40 CMakeFiles/90_FreeRTOS.dir/ThirdParty/SEGGER/SEGGER/SEGGER_SYSVIEW.c.obj
                0x08002f08                SEGGER_SYSVIEW_Warn
 .text.Reset_Handler
                0x08002f48       0x50 CMakeFiles/90_FreeRTOS.dir/Startup/startup_stm32f407vgtx.s.obj
                0x08002f48                Reset_Handler
 .text.Default_Handler
                0x08002f98        0x2 CMakeFiles/90_FreeRTOS.dir/Startup/startup_stm32f407vgtx.s.obj
                0x08002f98                RTC_Alarm_IRQHandler
                0x08002f98                HASH_RNG_IRQHandler
                0x08002f98                EXTI2_IRQHandler
                0x08002f98                TIM8_CC_IRQHandler
                0x08002f98                TIM1_CC_IRQHandler
                0x08002f98                DMA2_Stream5_IRQHandler
                0x08002f98                HardFault_Handler
                0x08002f98                DMA1_Stream5_IRQHandler
                0x08002f98                PVD_IRQHandler
                0x08002f98                SDIO_IRQHandler
                0x08002f98                TAMP_STAMP_IRQHandler
                0x08002f98                NMI_Handler
                0x08002f98                CAN2_RX1_IRQHandler
                0x08002f98                EXTI3_IRQHandler
                0x08002f98                TIM8_TRG_COM_TIM14_IRQHandler
                0x08002f98                TIM1_UP_TIM10_IRQHandler
                0x08002f98                TIM8_UP_TIM13_IRQHandler
                0x08002f98                I2C3_ER_IRQHandler
                0x08002f98                EXTI0_IRQHandler
                0x08002f98                I2C2_EV_IRQHandler
                0x08002f98                DMA1_Stream2_IRQHandler
                0x08002f98                CAN1_RX0_IRQHandler
                0x08002f98                FPU_IRQHandler
                0x08002f98                OTG_HS_WKUP_IRQHandler
                0x08002f98                UsageFault_Handler
                0x08002f98                CAN2_SCE_IRQHandler
                0x08002f98                DMA2_Stream2_IRQHandler
                0x08002f98                SPI1_IRQHandler
                0x08002f98                TIM6_DAC_IRQHandler
                0x08002f98                TIM1_BRK_TIM9_IRQHandler
                0x08002f98                DCMI_IRQHandler
                0x08002f98                CAN2_RX0_IRQHandler
                0x08002f98                DMA2_Stream3_IRQHandler
                0x08002f98                USART6_IRQHandler
                0x08002f98                USART3_IRQHandler
                0x08002f98                CRYP_IRQHandler
                0x08002f98                CAN1_RX1_IRQHandler
                0x08002f98                UART5_IRQHandler
                0x08002f98                DMA2_Stream0_IRQHandler
                0x08002f98                TIM4_IRQHandler
                0x08002f98                I2C1_EV_IRQHandler
                0x08002f98                DMA1_Stream6_IRQHandler
                0x08002f98                DMA1_Stream1_IRQHandler
                0x08002f98                UART4_IRQHandler
                0x08002f98                TIM3_IRQHandler
                0x08002f98                RCC_IRQHandler
                0x08002f98                TIM8_BRK_TIM12_IRQHandler
                0x08002f98                Default_Handler
                0x08002f98                EXTI15_10_IRQHandler
                0x08002f98                ADC_IRQHandler
                0x08002f98                DMA1_Stream7_IRQHandler
                0x08002f98                TIM7_IRQHandler
                0x08002f98                CAN2_TX_IRQHandler
                0x08002f98                TIM5_IRQHandler
                0x08002f98                DMA2_Stream7_IRQHandler
                0x08002f98                I2C3_EV_IRQHandler
                0x08002f98                EXTI9_5_IRQHandler
                0x08002f98                RTC_WKUP_IRQHandler
                0x08002f98                ETH_WKUP_IRQHandler
                0x08002f98                SPI2_IRQHandler
                0x08002f98                OTG_HS_EP1_IN_IRQHandler
                0x08002f98                MemManage_Handler
                0x08002f98                DMA1_Stream0_IRQHandler
                0x08002f98                CAN1_TX_IRQHandler
                0x08002f98                EXTI4_IRQHandler
                0x08002f98                FSMC_IRQHandler
                0x08002f98                ETH_IRQHandler
                0x08002f98                OTG_HS_EP1_OUT_IRQHandler
                0x08002f98                WWDG_IRQHandler
                0x08002f98                TIM2_IRQHandler
                0x08002f98                OTG_FS_WKUP_IRQHandler
                0x08002f98                TIM1_TRG_COM_TIM11_IRQHandler
                0x08002f98                OTG_HS_IRQHandler
                0x08002f98                EXTI1_IRQHandler
                0x08002f98                USART2_IRQHandler
                0x08002f98                I2C2_ER_IRQHandler
                0x08002f98                DMA2_Stream1_IRQHandler
                0x08002f98                CAN1_SCE_IRQHandler
                0x08002f98                DMA2_Stream4_IRQHandler
                0x08002f98                BusFault_Handler
                0x08002f98                USART1_IRQHandler
                0x08002f98                OTG_FS_IRQHandler
                0x08002f98                SPI3_IRQHandler
                0x08002f98                DMA1_Stream4_IRQHandler
                0x08002f98                I2C1_ER_IRQHandler
                0x08002f98                DMA2_Stream6_IRQHandler
                0x08002f98                DMA1_Stream3_IRQHandler
 .text.memcmp   0x08002f9a       0x20 C:/ST/STM32CubeCLT_1.17.0/GNU-tools-for-STM32/bin/../lib/gcc/arm-none-eabi/12.3.1/../../../../arm-none-eabi/lib/thumb/v7e-m+fp/hard\libg.a(libc_a-memcmp.o)
                0x08002f9a                memcmp
 .text.memcpy   0x08002fba       0x1c C:/ST/STM32CubeCLT_1.17.0/GNU-tools-for-STM32/bin/../lib/gcc/arm-none-eabi/12.3.1/../../../../arm-none-eabi/lib/thumb/v7e-m+fp/hard\libg.a(libc_a-memcpy-stub.o)
                0x08002fba                memcpy
 *(.glue_7)
 .glue_7        0x08002fd6        0x0 linker stubs
 *(.glue_7t)
 .glue_7t       0x08002fd6        0x0 linker stubs
 *(.eh_frame)
 *fill*         0x08002fd6        0x2 
 .eh_frame      0x08002fd8        0x0 C:/ST/STM32CubeCLT_1.17.0/GNU-tools-for-STM32/bin/../lib/gcc/arm-none-eabi/12.3.1/thumb/v7e-m+fp/hard/crtbegin.o
 *(.init)
 .init          0x08002fd8        0x4 C:/ST/STM32CubeCLT_1.17.0/GNU-tools-for-STM32/bin/../lib/gcc/arm-none-eabi/12.3.1/thumb/v7e-m+fp/hard/crti.o
                0x08002fd8                _init
 .init          0x08002fdc        0x8 C:/ST/STM32CubeCLT_1.17.0/GNU-tools-for-STM32/bin/../lib/gcc/arm-none-eabi/12.3.1/thumb/v7e-m+fp/hard/crtn.o
 *(.fini)
 .fini          0x08002fe4        0x4 C:/ST/STM32CubeCLT_1.17.0/GNU-tools-for-STM32/bin/../lib/gcc/arm-none-eabi/12.3.1/thumb/v7e-m+fp/hard/crti.o
                0x08002fe4                _fini
 .fini          0x08002fe8        0x8 C:/ST/STM32CubeCLT_1.17.0/GNU-tools-for-STM32/bin/../lib/gcc/arm-none-eabi/12.3.1/thumb/v7e-m+fp/hard/crtn.o
                0x08002ff0                        . = ALIGN (0x4)
                0x08002ff0                        _etext = .

.vfp11_veneer   0x08002ff0        0x0
 .vfp11_veneer  0x08002ff0        0x0 linker stubs

.v4_bx          0x08002ff0        0x0
 .v4_bx         0x08002ff0        0x0 linker stubs

.iplt           0x08002ff0        0x0
 .iplt          0x08002ff0        0x0 C:/ST/STM32CubeCLT_1.17.0/GNU-tools-for-STM32/bin/../lib/gcc/arm-none-eabi/12.3.1/thumb/v7e-m+fp/hard/crtbegin.o

.rodata         0x08002ff0      0x190
                0x08002ff0                        . = ALIGN (0x4)
 *(.rodata)
 *(.rodata*)
 .rodata.main.str1.4
                0x08002ff0       0x9f CMakeFiles/90_FreeRTOS.dir/Src/main.c.obj
 *fill*         0x0800308f        0x1 
 .rodata.vTaskStartScheduler.str1.4
                0x08003090        0x5 CMakeFiles/90_FreeRTOS.dir/ThirdParty/FreeRTOS/tasks.c.obj
 *fill*         0x08003095        0x3 
 .rodata.prvCheckForValidListAndQueue.str1.4
                0x08003098        0x5 CMakeFiles/90_FreeRTOS.dir/ThirdParty/FreeRTOS/timers.c.obj
 *fill*         0x0800309d        0x3 
 .rodata.xTimerCreateTimerTask.str1.4
                0x080030a0        0x8 CMakeFiles/90_FreeRTOS.dir/ThirdParty/FreeRTOS/timers.c.obj
 .rodata._cbSendSystemDesc.str1.4
                0x080030a8       0x51 CMakeFiles/90_FreeRTOS.dir/ThirdParty/SEGGER/Config/SEGGER_SYSVIEW_Config_FreeRTOS.c.obj
 *fill*         0x080030f9        0x3 
 .rodata.SYSVIEW_AddTask.str1.4
                0x080030fc       0x50 CMakeFiles/90_FreeRTOS.dir/ThirdParty/SEGGER/OS/SEGGER_SYSVIEW_FreeRTOS.c.obj
                                 0x58 (size before relaxing)
 .rodata.SYSVIEW_X_OS_TraceAPI
                0x0800314c        0x8 CMakeFiles/90_FreeRTOS.dir/ThirdParty/SEGGER/OS/SEGGER_SYSVIEW_FreeRTOS.c.obj
                0x0800314c                SYSVIEW_X_OS_TraceAPI
 .rodata._DoInit.str1.4
                0x08003154       0x17 CMakeFiles/90_FreeRTOS.dir/ThirdParty/SEGGER/SEGGER/SEGGER_RTT.c.obj
 *fill*         0x0800316b        0x1 
 .rodata.SEGGER_SYSVIEW_Init.str1.4
                0x0800316c        0x8 CMakeFiles/90_FreeRTOS.dir/ThirdParty/SEGGER/SEGGER/SEGGER_SYSVIEW.c.obj
 .rodata._abSync
                0x08003174        0xa CMakeFiles/90_FreeRTOS.dir/ThirdParty/SEGGER/SEGGER/SEGGER_SYSVIEW.c.obj
                0x08003180                        . = ALIGN (0x4)
 *fill*         0x0800317e        0x2 

.ARM.extab      0x08003180        0x0
                0x08003180                        . = ALIGN (0x4)
 *(.ARM.extab* .gnu.linkonce.armextab.*)
                0x08003180                        . = ALIGN (0x4)

.ARM            0x08003180        0x0
                0x08003180                        . = ALIGN (0x4)
                0x08003180                        __exidx_start = .
 *(.ARM.exidx*)
                0x08003180                        __exidx_end = .
                0x08003180                        . = ALIGN (0x4)

.preinit_array  0x08003180        0x0
                0x08003180                        . = ALIGN (0x4)
                0x08003180                        PROVIDE (__preinit_array_start = .)
 *(.preinit_array*)
                0x08003180                        PROVIDE (__preinit_array_end = .)
                0x08003180                        . = ALIGN (0x4)

.init_array     0x08003180        0x8
                0x08003180                        . = ALIGN (0x4)
                0x08003180                        PROVIDE (__init_array_start = .)
 *(SORT_BY_NAME(.init_array.*))
 .init_array.00000
                0x08003180        0x4 C:/ST/STM32CubeCLT_1.17.0/GNU-tools-for-STM32/bin/../lib/gcc/arm-none-eabi/12.3.1/../../../../arm-none-eabi/lib/thumb/v7e-m+fp/hard\libc.a(libc_a-__call_atexit.o)
 *(.init_array*)
 .init_array    0x08003184        0x4 C:/ST/STM32CubeCLT_1.17.0/GNU-tools-for-STM32/bin/../lib/gcc/arm-none-eabi/12.3.1/thumb/v7e-m+fp/hard/crtbegin.o
                0x08003188                        PROVIDE (__init_array_end = .)
                0x08003188                        . = ALIGN (0x4)

.fini_array     0x08003188        0x4
                0x08003188                        . = ALIGN (0x4)
                0x08003188                        PROVIDE (__fini_array_start = .)
 *(SORT_BY_NAME(.fini_array.*))
 *(.fini_array*)
 .fini_array    0x08003188        0x4 C:/ST/STM32CubeCLT_1.17.0/GNU-tools-for-STM32/bin/../lib/gcc/arm-none-eabi/12.3.1/thumb/v7e-m+fp/hard/crtbegin.o
                0x0800318c                        PROVIDE (__fini_array_end = .)
                0x0800318c                        . = ALIGN (0x4)
                0x0800318c                        _sidata = LOADADDR (.data)

.rel.dyn        0x0800318c        0x0
 .rel.iplt      0x0800318c        0x0 C:/ST/STM32CubeCLT_1.17.0/GNU-tools-for-STM32/bin/../lib/gcc/arm-none-eabi/12.3.1/thumb/v7e-m+fp/hard/crtbegin.o

.data           0x20000000       0x20 load address 0x0800318c
                0x20000000                        . = ALIGN (0x4)
                0x20000000                        _sdata = .
 *(.data)
 *(.data*)
 .data.__atexit_recursive_mutex
                0x20000000        0x4 C:/ST/STM32CubeCLT_1.17.0/GNU-tools-for-STM32/bin/../lib/gcc/arm-none-eabi/12.3.1/../../../../arm-none-eabi/lib/thumb/v7e-m+fp/hard\libc.a(libc_a-__call_atexit.o)
                0x20000000                __atexit_recursive_mutex
 .data.pFLASH   0x20000004        0x4 CMakeFiles/90_FreeRTOS.dir/Driver/Src/flash_driver.c.obj
                0x20000004                pFLASH
 .data.pRCC     0x20000008        0x4 CMakeFiles/90_FreeRTOS.dir/Driver/Src/rcc_driver.c.obj
                0x20000008                pRCC
 .data.pTIM6    0x2000000c        0x4 CMakeFiles/90_FreeRTOS.dir/Driver/Src/timer_driver.c.obj
                0x2000000c                pTIM6
 .data.state    0x20000010        0x1 CMakeFiles/90_FreeRTOS.dir/Src/main.c.obj
                0x20000010                state
 *fill*         0x20000011        0x3 
 .data.SystemCoreClock
                0x20000014        0x4 CMakeFiles/90_FreeRTOS.dir/Src/syscall.c.obj
                0x20000014                SystemCoreClock
 .data.uxCriticalNesting
                0x20000018        0x4 CMakeFiles/90_FreeRTOS.dir/ThirdParty/FreeRTOS/portable/GCC/ARM_CM4F/port.c.obj
 .data.uxTopUsedPriority
                0x2000001c        0x4 CMakeFiles/90_FreeRTOS.dir/ThirdParty/FreeRTOS/tasks.c.obj
                0x2000001c                uxTopUsedPriority
 *(.RamFunc)
 *(.RamFunc*)
                0x20000020                        . = ALIGN (0x4)
                0x20000020                        _edata = .
                0x080031ac                        _siccmram = LOADADDR (.ccmram)

.igot.plt       0x20000020        0x0 load address 0x080031ac
 .igot.plt      0x20000020        0x0 C:/ST/STM32CubeCLT_1.17.0/GNU-tools-for-STM32/bin/../lib/gcc/arm-none-eabi/12.3.1/thumb/v7e-m+fp/hard/crtbegin.o

.ccmram         0x10000000        0x0 load address 0x080031ac
                0x10000000                        . = ALIGN (0x4)
                0x10000000                        _sccmram = .
 *(.ccmram)
 *(.ccmram*)
                0x10000000                        . = ALIGN (0x4)
                0x10000000                        _eccmram = .
                0x10000000                        . = ALIGN (0x4)

.bss            0x20000020    0x145f4
                0x20000020                        _sbss = .
                0x20000020                        __bss_start__ = _sbss
 *(.bss)
 .bss           0x20000020       0x1c C:/ST/STM32CubeCLT_1.17.0/GNU-tools-for-STM32/bin/../lib/gcc/arm-none-eabi/12.3.1/thumb/v7e-m+fp/hard/crtbegin.o
 *(.bss*)
 .bss.__lock___atexit_recursive_mutex
                0x2000003c        0x1 C:/ST/STM32CubeCLT_1.17.0/GNU-tools-for-STM32/bin/../lib/gcc/arm-none-eabi/12.3.1/../../../../arm-none-eabi/lib/thumb/v7e-m+fp/hard\libc.a(libc_a-lock.o)
                0x2000003c                __lock___atexit_recursive_mutex
 *fill*         0x2000003d        0x3 
 .bss.__atexit  0x20000040        0x4 C:/ST/STM32CubeCLT_1.17.0/GNU-tools-for-STM32/bin/../lib/gcc/arm-none-eabi/12.3.1/../../../../arm-none-eabi/lib/thumb/v7e-m+fp/hard\libc.a(libc_a-__call_atexit.o)
                0x20000040                __atexit
 .bss.__atexit0
                0x20000044      0x190 C:/ST/STM32CubeCLT_1.17.0/GNU-tools-for-STM32/bin/../lib/gcc/arm-none-eabi/12.3.1/../../../../arm-none-eabi/lib/thumb/v7e-m+fp/hard\libc.a(libc_a-__atexit.o)
                0x20000044                __atexit0
 .bss.button_pressed
                0x200001d4        0x1 CMakeFiles/90_FreeRTOS.dir/Src/main.c.obj
                0x200001d4                button_pressed
 *fill*         0x200001d5        0x3 
 .bss.status    0x200001d8        0x4 CMakeFiles/90_FreeRTOS.dir/Src/main.c.obj
                0x200001d8                status
 .bss.task8_handle
                0x200001dc        0x4 CMakeFiles/90_FreeRTOS.dir/Src/main.c.obj
                0x200001dc                task8_handle
 .bss.task7_handle
                0x200001e0        0x4 CMakeFiles/90_FreeRTOS.dir/Src/main.c.obj
                0x200001e0                task7_handle
 .bss.task6_handle
                0x200001e4        0x4 CMakeFiles/90_FreeRTOS.dir/Src/main.c.obj
                0x200001e4                task6_handle
 .bss.task5_handle
                0x200001e8        0x4 CMakeFiles/90_FreeRTOS.dir/Src/main.c.obj
                0x200001e8                task5_handle
 .bss.task4_handle
                0x200001ec        0x4 CMakeFiles/90_FreeRTOS.dir/Src/main.c.obj
                0x200001ec                task4_handle
 .bss.task3_handle
                0x200001f0        0x4 CMakeFiles/90_FreeRTOS.dir/Src/main.c.obj
                0x200001f0                task3_handle
 .bss.task2_handle
                0x200001f4        0x4 CMakeFiles/90_FreeRTOS.dir/Src/main.c.obj
                0x200001f4                task2_handle
 .bss.task1_handle
                0x200001f8        0x4 CMakeFiles/90_FreeRTOS.dir/Src/main.c.obj
                0x200001f8                task1_handle
 .bss.ulMaxPRIGROUPValue
                0x200001fc        0x4 CMakeFiles/90_FreeRTOS.dir/ThirdParty/FreeRTOS/portable/GCC/ARM_CM4F/port.c.obj
 .bss.ucMaxSysCallPriority
                0x20000200        0x1 CMakeFiles/90_FreeRTOS.dir/ThirdParty/FreeRTOS/portable/GCC/ARM_CM4F/port.c.obj
 *fill*         0x20000201        0x3 
 .bss.xNumberOfSuccessfulFrees
                0x20000204        0x4 CMakeFiles/90_FreeRTOS.dir/ThirdParty/FreeRTOS/portable/MemMang/heap_4.c.obj
 .bss.xNumberOfSuccessfulAllocations
                0x20000208        0x4 CMakeFiles/90_FreeRTOS.dir/ThirdParty/FreeRTOS/portable/MemMang/heap_4.c.obj
 .bss.xMinimumEverFreeBytesRemaining
                0x2000020c        0x4 CMakeFiles/90_FreeRTOS.dir/ThirdParty/FreeRTOS/portable/MemMang/heap_4.c.obj
 .bss.xFreeBytesRemaining
                0x20000210        0x4 CMakeFiles/90_FreeRTOS.dir/ThirdParty/FreeRTOS/portable/MemMang/heap_4.c.obj
 .bss.pxEnd     0x20000214        0x4 CMakeFiles/90_FreeRTOS.dir/ThirdParty/FreeRTOS/portable/MemMang/heap_4.c.obj
 .bss.xStart    0x20000218        0x8 CMakeFiles/90_FreeRTOS.dir/ThirdParty/FreeRTOS/portable/MemMang/heap_4.c.obj
 .bss.ucHeap    0x20000220    0x12c00 CMakeFiles/90_FreeRTOS.dir/ThirdParty/FreeRTOS/portable/MemMang/heap_4.c.obj
 .bss.xQueueRegistry
                0x20012e20       0x40 CMakeFiles/90_FreeRTOS.dir/ThirdParty/FreeRTOS/queue.c.obj
                0x20012e20                xQueueRegistry
 .bss.uxSchedulerSuspended
                0x20012e60        0x4 CMakeFiles/90_FreeRTOS.dir/ThirdParty/FreeRTOS/tasks.c.obj
 .bss.xIdleTaskHandle
                0x20012e64        0x4 CMakeFiles/90_FreeRTOS.dir/ThirdParty/FreeRTOS/tasks.c.obj
 .bss.xNextTaskUnblockTime
                0x20012e68        0x4 CMakeFiles/90_FreeRTOS.dir/ThirdParty/FreeRTOS/tasks.c.obj
 .bss.uxTaskNumber
                0x20012e6c        0x4 CMakeFiles/90_FreeRTOS.dir/ThirdParty/FreeRTOS/tasks.c.obj
 .bss.xNumOfOverflows
                0x20012e70        0x4 CMakeFiles/90_FreeRTOS.dir/ThirdParty/FreeRTOS/tasks.c.obj
 .bss.xYieldPending
                0x20012e74        0x4 CMakeFiles/90_FreeRTOS.dir/ThirdParty/FreeRTOS/tasks.c.obj
 .bss.xPendedTicks
                0x20012e78        0x4 CMakeFiles/90_FreeRTOS.dir/ThirdParty/FreeRTOS/tasks.c.obj
 .bss.xSchedulerRunning
                0x20012e7c        0x4 CMakeFiles/90_FreeRTOS.dir/ThirdParty/FreeRTOS/tasks.c.obj
 .bss.uxTopReadyPriority
                0x20012e80        0x4 CMakeFiles/90_FreeRTOS.dir/ThirdParty/FreeRTOS/tasks.c.obj
 .bss.xTickCount
                0x20012e84        0x4 CMakeFiles/90_FreeRTOS.dir/ThirdParty/FreeRTOS/tasks.c.obj
 .bss.uxCurrentNumberOfTasks
                0x20012e88        0x4 CMakeFiles/90_FreeRTOS.dir/ThirdParty/FreeRTOS/tasks.c.obj
 .bss.xSuspendedTaskList
                0x20012e8c       0x14 CMakeFiles/90_FreeRTOS.dir/ThirdParty/FreeRTOS/tasks.c.obj
 .bss.uxDeletedTasksWaitingCleanUp
                0x20012ea0        0x4 CMakeFiles/90_FreeRTOS.dir/ThirdParty/FreeRTOS/tasks.c.obj
 .bss.xTasksWaitingTermination
                0x20012ea4       0x14 CMakeFiles/90_FreeRTOS.dir/ThirdParty/FreeRTOS/tasks.c.obj
 .bss.xPendingReadyList
                0x20012eb8       0x14 CMakeFiles/90_FreeRTOS.dir/ThirdParty/FreeRTOS/tasks.c.obj
 .bss.pxOverflowDelayedTaskList
                0x20012ecc        0x4 CMakeFiles/90_FreeRTOS.dir/ThirdParty/FreeRTOS/tasks.c.obj
 .bss.pxDelayedTaskList
                0x20012ed0        0x4 CMakeFiles/90_FreeRTOS.dir/ThirdParty/FreeRTOS/tasks.c.obj
 .bss.xDelayedTaskList2
                0x20012ed4       0x14 CMakeFiles/90_FreeRTOS.dir/ThirdParty/FreeRTOS/tasks.c.obj
 .bss.xDelayedTaskList1
                0x20012ee8       0x14 CMakeFiles/90_FreeRTOS.dir/ThirdParty/FreeRTOS/tasks.c.obj
 .bss.pxReadyTasksLists
                0x20012efc       0x64 CMakeFiles/90_FreeRTOS.dir/ThirdParty/FreeRTOS/tasks.c.obj
 .bss.pxCurrentTCB
                0x20012f60        0x4 CMakeFiles/90_FreeRTOS.dir/ThirdParty/FreeRTOS/tasks.c.obj
                0x20012f60                pxCurrentTCB
 .bss.xLastTime.0
                0x20012f64        0x4 CMakeFiles/90_FreeRTOS.dir/ThirdParty/FreeRTOS/timers.c.obj
 .bss.xTimerTaskHandle
                0x20012f68        0x4 CMakeFiles/90_FreeRTOS.dir/ThirdParty/FreeRTOS/timers.c.obj
 .bss.xTimerQueue
                0x20012f6c        0x4 CMakeFiles/90_FreeRTOS.dir/ThirdParty/FreeRTOS/timers.c.obj
 .bss.pxOverflowTimerList
                0x20012f70        0x4 CMakeFiles/90_FreeRTOS.dir/ThirdParty/FreeRTOS/timers.c.obj
 .bss.pxCurrentTimerList
                0x20012f74        0x4 CMakeFiles/90_FreeRTOS.dir/ThirdParty/FreeRTOS/timers.c.obj
 .bss.xActiveTimerList2
                0x20012f78       0x14 CMakeFiles/90_FreeRTOS.dir/ThirdParty/FreeRTOS/timers.c.obj
 .bss.xActiveTimerList1
                0x20012f8c       0x14 CMakeFiles/90_FreeRTOS.dir/ThirdParty/FreeRTOS/timers.c.obj
 .bss._NumTasks
                0x20012fa0        0x4 CMakeFiles/90_FreeRTOS.dir/ThirdParty/SEGGER/OS/SEGGER_SYSVIEW_FreeRTOS.c.obj
 .bss._aTasks   0x20012fa4       0xa0 CMakeFiles/90_FreeRTOS.dir/ThirdParty/SEGGER/OS/SEGGER_SYSVIEW_FreeRTOS.c.obj
 .bss._acDownBuffer
                0x20013044       0x10 CMakeFiles/90_FreeRTOS.dir/ThirdParty/SEGGER/SEGGER/SEGGER_RTT.c.obj
 .bss._acUpBuffer
                0x20013054      0x400 CMakeFiles/90_FreeRTOS.dir/ThirdParty/SEGGER/SEGGER/SEGGER_RTT.c.obj
 .bss._SEGGER_RTT
                0x20013454       0xa8 CMakeFiles/90_FreeRTOS.dir/ThirdParty/SEGGER/SEGGER/SEGGER_RTT.c.obj
                0x20013454                _SEGGER_RTT
 .bss._aPacket  0x200134fc       0xe3 CMakeFiles/90_FreeRTOS.dir/ThirdParty/SEGGER/SEGGER/SEGGER_SYSVIEW.c.obj
 .bss._NumModules
                0x200135df        0x1 CMakeFiles/90_FreeRTOS.dir/ThirdParty/SEGGER/SEGGER/SEGGER_SYSVIEW.c.obj
 .bss._pFirstModule
                0x200135e0        0x4 CMakeFiles/90_FreeRTOS.dir/ThirdParty/SEGGER/SEGGER/SEGGER_SYSVIEW.c.obj
 .bss._SYSVIEW_Globals
                0x200135e4       0x28 CMakeFiles/90_FreeRTOS.dir/ThirdParty/SEGGER/SEGGER/SEGGER_SYSVIEW.c.obj
 .bss._DownBuffer
                0x2001360c        0x8 CMakeFiles/90_FreeRTOS.dir/ThirdParty/SEGGER/SEGGER/SEGGER_SYSVIEW.c.obj
 .bss._UpBuffer
                0x20013614     0x1000 CMakeFiles/90_FreeRTOS.dir/ThirdParty/SEGGER/SEGGER/SEGGER_SYSVIEW.c.obj
 *(COMMON)
                0x20014614                        . = ALIGN (0x4)
                0x20014614                        _ebss = .
                0x20014614                        __bss_end__ = _ebss

._user_heap_stack
                0x20014614      0x604
                0x20014618                        . = ALIGN (0x8)
 *fill*         0x20014614        0x4 
                [!provide]                        PROVIDE (end = .)
                0x20014618                        PROVIDE (_end = .)
                0x20014818                        . = (. + _Min_Heap_Size)
 *fill*         0x20014618      0x200 
                0x20014c18                        . = (. + _Min_Stack_Size)
 *fill*         0x20014818      0x400 
                0x20014c18                        . = ALIGN (0x8)

/DISCARD/
 libc.a(*)
 libm.a(*)
 libgcc.a(*)

.ARM.attributes
                0x00000000       0x30
 *(.ARM.attributes)
 .ARM.attributes
                0x00000000       0x22 C:/ST/STM32CubeCLT_1.17.0/GNU-tools-for-STM32/bin/../lib/gcc/arm-none-eabi/12.3.1/thumb/v7e-m+fp/hard/crti.o
 .ARM.attributes
                0x00000022       0x34 C:/ST/STM32CubeCLT_1.17.0/GNU-tools-for-STM32/bin/../lib/gcc/arm-none-eabi/12.3.1/thumb/v7e-m+fp/hard/crtbegin.o
 .ARM.attributes
                0x00000056       0x34 C:/ST/STM32CubeCLT_1.17.0/GNU-tools-for-STM32/bin/../lib/gcc/arm-none-eabi/12.3.1/../../../../arm-none-eabi/lib/thumb/v7e-m+fp/hard\libc.a(libc_a-memset.o)
 .ARM.attributes
                0x0000008a       0x34 C:/ST/STM32CubeCLT_1.17.0/GNU-tools-for-STM32/bin/../lib/gcc/arm-none-eabi/12.3.1/../../../../arm-none-eabi/lib/thumb/v7e-m+fp/hard\libc.a(libc_a-init.o)
 .ARM.attributes
                0x000000be       0x34 C:/ST/STM32CubeCLT_1.17.0/GNU-tools-for-STM32/bin/../lib/gcc/arm-none-eabi/12.3.1/../../../../arm-none-eabi/lib/thumb/v7e-m+fp/hard\libc.a(libc_a-lock.o)
 .ARM.attributes
                0x000000f2       0x34 C:/ST/STM32CubeCLT_1.17.0/GNU-tools-for-STM32/bin/../lib/gcc/arm-none-eabi/12.3.1/../../../../arm-none-eabi/lib/thumb/v7e-m+fp/hard\libc.a(libc_a-__call_atexit.o)
 .ARM.attributes
                0x00000126       0x34 C:/ST/STM32CubeCLT_1.17.0/GNU-tools-for-STM32/bin/../lib/gcc/arm-none-eabi/12.3.1/../../../../arm-none-eabi/lib/thumb/v7e-m+fp/hard\libc.a(libc_a-atexit.o)
 .ARM.attributes
                0x0000015a       0x34 C:/ST/STM32CubeCLT_1.17.0/GNU-tools-for-STM32/bin/../lib/gcc/arm-none-eabi/12.3.1/../../../../arm-none-eabi/lib/thumb/v7e-m+fp/hard\libc.a(libc_a-fini.o)
 .ARM.attributes
                0x0000018e       0x34 C:/ST/STM32CubeCLT_1.17.0/GNU-tools-for-STM32/bin/../lib/gcc/arm-none-eabi/12.3.1/../../../../arm-none-eabi/lib/thumb/v7e-m+fp/hard\libc.a(libc_a-__atexit.o)
 .ARM.attributes
                0x000001c2       0x34 CMakeFiles/90_FreeRTOS.dir/Driver/Src/flash_driver.c.obj
 .ARM.attributes
                0x000001f6       0x34 CMakeFiles/90_FreeRTOS.dir/Driver/Src/gpio_driver.c.obj
 .ARM.attributes
                0x0000022a       0x34 CMakeFiles/90_FreeRTOS.dir/Driver/Src/rcc_driver.c.obj
 .ARM.attributes
                0x0000025e       0x34 CMakeFiles/90_FreeRTOS.dir/Driver/Src/timer_driver.c.obj
 .ARM.attributes
                0x00000292       0x34 CMakeFiles/90_FreeRTOS.dir/Src/Init.c.obj
 .ARM.attributes
                0x000002c6       0x34 CMakeFiles/90_FreeRTOS.dir/Src/main.c.obj
 .ARM.attributes
                0x000002fa       0x34 CMakeFiles/90_FreeRTOS.dir/Src/syscall.c.obj
 .ARM.attributes
                0x0000032e       0x34 CMakeFiles/90_FreeRTOS.dir/ThirdParty/FreeRTOS/portable/GCC/ARM_CM4F/port.c.obj
 .ARM.attributes
                0x00000362       0x34 CMakeFiles/90_FreeRTOS.dir/ThirdParty/FreeRTOS/portable/MemMang/heap_4.c.obj
 .ARM.attributes
                0x00000396       0x34 CMakeFiles/90_FreeRTOS.dir/ThirdParty/FreeRTOS/list.c.obj
 .ARM.attributes
                0x000003ca       0x34 CMakeFiles/90_FreeRTOS.dir/ThirdParty/FreeRTOS/queue.c.obj
 .ARM.attributes
                0x000003fe       0x34 CMakeFiles/90_FreeRTOS.dir/ThirdParty/FreeRTOS/tasks.c.obj
 .ARM.attributes
                0x00000432       0x34 CMakeFiles/90_FreeRTOS.dir/ThirdParty/FreeRTOS/timers.c.obj
 .ARM.attributes
                0x00000466       0x34 CMakeFiles/90_FreeRTOS.dir/ThirdParty/SEGGER/Config/SEGGER_SYSVIEW_Config_FreeRTOS.c.obj
 .ARM.attributes
                0x0000049a       0x34 CMakeFiles/90_FreeRTOS.dir/ThirdParty/SEGGER/OS/SEGGER_SYSVIEW_FreeRTOS.c.obj
 .ARM.attributes
                0x000004ce       0x34 CMakeFiles/90_FreeRTOS.dir/ThirdParty/SEGGER/SEGGER/SEGGER_RTT.c.obj
 .ARM.attributes
                0x00000502       0x20 CMakeFiles/90_FreeRTOS.dir/ThirdParty/SEGGER/SEGGER/SEGGER_RTT_ASM_ARMv7M.S.obj
 .ARM.attributes
                0x00000522       0x34 CMakeFiles/90_FreeRTOS.dir/ThirdParty/SEGGER/SEGGER/SEGGER_SYSVIEW.c.obj
 .ARM.attributes
                0x00000556       0x21 CMakeFiles/90_FreeRTOS.dir/Startup/startup_stm32f407vgtx.s.obj
 .ARM.attributes
                0x00000577       0x34 C:/ST/STM32CubeCLT_1.17.0/GNU-tools-for-STM32/bin/../lib/gcc/arm-none-eabi/12.3.1/../../../../arm-none-eabi/lib/thumb/v7e-m+fp/hard\libg.a(libc_a-memcmp.o)
 .ARM.attributes
                0x000005ab       0x34 C:/ST/STM32CubeCLT_1.17.0/GNU-tools-for-STM32/bin/../lib/gcc/arm-none-eabi/12.3.1/../../../../arm-none-eabi/lib/thumb/v7e-m+fp/hard\libg.a(libc_a-memcpy-stub.o)
 .ARM.attributes
                0x000005df       0x22 C:/ST/STM32CubeCLT_1.17.0/GNU-tools-for-STM32/bin/../lib/gcc/arm-none-eabi/12.3.1/thumb/v7e-m+fp/hard/crtn.o
OUTPUT(90_FreeRTOS.elf elf32-littlearm)
LOAD linker stubs
LOAD C:/ST/STM32CubeCLT_1.17.0/GNU-tools-for-STM32/bin/../lib/gcc/arm-none-eabi/12.3.1/../../../../arm-none-eabi/lib/thumb/v7e-m+fp/hard\libc.a
LOAD C:/ST/STM32CubeCLT_1.17.0/GNU-tools-for-STM32/bin/../lib/gcc/arm-none-eabi/12.3.1/../../../../arm-none-eabi/lib/thumb/v7e-m+fp/hard\libm.a
LOAD C:/ST/STM32CubeCLT_1.17.0/GNU-tools-for-STM32/bin/../lib/gcc/arm-none-eabi/12.3.1/thumb/v7e-m+fp/hard\libgcc.a

.debug_frame    0x00000000     0x25d4
 .debug_frame   0x00000000       0x20 C:/ST/STM32CubeCLT_1.17.0/GNU-tools-for-STM32/bin/../lib/gcc/arm-none-eabi/12.3.1/../../../../arm-none-eabi/lib/thumb/v7e-m+fp/hard\libc.a(libc_a-memset.o)
 .debug_frame   0x00000020       0x2c C:/ST/STM32CubeCLT_1.17.0/GNU-tools-for-STM32/bin/../lib/gcc/arm-none-eabi/12.3.1/../../../../arm-none-eabi/lib/thumb/v7e-m+fp/hard\libc.a(libc_a-init.o)
 .debug_frame   0x0000004c       0xb0 C:/ST/STM32CubeCLT_1.17.0/GNU-tools-for-STM32/bin/../lib/gcc/arm-none-eabi/12.3.1/../../../../arm-none-eabi/lib/thumb/v7e-m+fp/hard\libc.a(libc_a-lock.o)
 .debug_frame   0x000000fc       0x58 C:/ST/STM32CubeCLT_1.17.0/GNU-tools-for-STM32/bin/../lib/gcc/arm-none-eabi/12.3.1/../../../../arm-none-eabi/lib/thumb/v7e-m+fp/hard\libc.a(libc_a-__call_atexit.o)
 .debug_frame   0x00000154       0x20 C:/ST/STM32CubeCLT_1.17.0/GNU-tools-for-STM32/bin/../lib/gcc/arm-none-eabi/12.3.1/../../../../arm-none-eabi/lib/thumb/v7e-m+fp/hard\libc.a(libc_a-atexit.o)
 .debug_frame   0x00000174       0x38 C:/ST/STM32CubeCLT_1.17.0/GNU-tools-for-STM32/bin/../lib/gcc/arm-none-eabi/12.3.1/../../../../arm-none-eabi/lib/thumb/v7e-m+fp/hard\libc.a(libc_a-fini.o)
 .debug_frame   0x000001ac       0x34 C:/ST/STM32CubeCLT_1.17.0/GNU-tools-for-STM32/bin/../lib/gcc/arm-none-eabi/12.3.1/../../../../arm-none-eabi/lib/thumb/v7e-m+fp/hard\libc.a(libc_a-__atexit.o)
 .debug_frame   0x000001e0       0x20 CMakeFiles/90_FreeRTOS.dir/Driver/Src/flash_driver.c.obj
 .debug_frame   0x00000200       0xa0 CMakeFiles/90_FreeRTOS.dir/Driver/Src/gpio_driver.c.obj
 .debug_frame   0x000002a0       0x9c CMakeFiles/90_FreeRTOS.dir/Driver/Src/rcc_driver.c.obj
 .debug_frame   0x0000033c       0x78 CMakeFiles/90_FreeRTOS.dir/Driver/Src/timer_driver.c.obj
 .debug_frame   0x000003b4       0xc4 CMakeFiles/90_FreeRTOS.dir/Src/Init.c.obj
 .debug_frame   0x00000478       0xe8 CMakeFiles/90_FreeRTOS.dir/Src/main.c.obj
 .debug_frame   0x00000560      0x1a0 CMakeFiles/90_FreeRTOS.dir/Src/syscall.c.obj
 .debug_frame   0x00000700      0x12c CMakeFiles/90_FreeRTOS.dir/ThirdParty/FreeRTOS/portable/GCC/ARM_CM4F/port.c.obj
 .debug_frame   0x0000082c       0xec CMakeFiles/90_FreeRTOS.dir/ThirdParty/FreeRTOS/portable/MemMang/heap_4.c.obj
 .debug_frame   0x00000918       0x70 CMakeFiles/90_FreeRTOS.dir/ThirdParty/FreeRTOS/list.c.obj
 .debug_frame   0x00000988      0x408 CMakeFiles/90_FreeRTOS.dir/ThirdParty/FreeRTOS/queue.c.obj
 .debug_frame   0x00000d90      0x6c4 CMakeFiles/90_FreeRTOS.dir/ThirdParty/FreeRTOS/tasks.c.obj
 .debug_frame   0x00001454      0x2bc CMakeFiles/90_FreeRTOS.dir/ThirdParty/FreeRTOS/timers.c.obj
 .debug_frame   0x00001710       0x40 CMakeFiles/90_FreeRTOS.dir/ThirdParty/SEGGER/Config/SEGGER_SYSVIEW_Config_FreeRTOS.c.obj
 .debug_frame   0x00001750       0xdc CMakeFiles/90_FreeRTOS.dir/ThirdParty/SEGGER/OS/SEGGER_SYSVIEW_FreeRTOS.c.obj
 .debug_frame   0x0000182c      0x40c CMakeFiles/90_FreeRTOS.dir/ThirdParty/SEGGER/SEGGER/SEGGER_RTT.c.obj
 .debug_frame   0x00001c38      0x94c CMakeFiles/90_FreeRTOS.dir/ThirdParty/SEGGER/SEGGER/SEGGER_SYSVIEW.c.obj
 .debug_frame   0x00002584       0x28 C:/ST/STM32CubeCLT_1.17.0/GNU-tools-for-STM32/bin/../lib/gcc/arm-none-eabi/12.3.1/../../../../arm-none-eabi/lib/thumb/v7e-m+fp/hard\libg.a(libc_a-memcmp.o)
 .debug_frame   0x000025ac       0x28 C:/ST/STM32CubeCLT_1.17.0/GNU-tools-for-STM32/bin/../lib/gcc/arm-none-eabi/12.3.1/../../../../arm-none-eabi/lib/thumb/v7e-m+fp/hard\libg.a(libc_a-memcpy-stub.o)

.debug_info     0x00000000    0x1190b
 .debug_info    0x00000000      0x13b CMakeFiles/90_FreeRTOS.dir/Driver/Src/flash_driver.c.obj
 .debug_info    0x0000013b      0x464 CMakeFiles/90_FreeRTOS.dir/Driver/Src/gpio_driver.c.obj
 .debug_info    0x0000059f      0x3e2 CMakeFiles/90_FreeRTOS.dir/Driver/Src/rcc_driver.c.obj
 .debug_info    0x00000981      0x299 CMakeFiles/90_FreeRTOS.dir/Driver/Src/timer_driver.c.obj
 .debug_info    0x00000c1a      0x7a8 CMakeFiles/90_FreeRTOS.dir/Src/Init.c.obj
 .debug_info    0x000013c2      0x8f3 CMakeFiles/90_FreeRTOS.dir/Src/main.c.obj
 .debug_info    0x00001cb5      0x7c5 CMakeFiles/90_FreeRTOS.dir/Src/syscall.c.obj
 .debug_info    0x0000247a      0x63c CMakeFiles/90_FreeRTOS.dir/ThirdParty/FreeRTOS/portable/GCC/ARM_CM4F/port.c.obj
 .debug_info    0x00002ab6      0x660 CMakeFiles/90_FreeRTOS.dir/ThirdParty/FreeRTOS/portable/MemMang/heap_4.c.obj
 .debug_info    0x00003116      0x2c3 CMakeFiles/90_FreeRTOS.dir/ThirdParty/FreeRTOS/list.c.obj
 .debug_info    0x000033d9     0x290e CMakeFiles/90_FreeRTOS.dir/ThirdParty/FreeRTOS/queue.c.obj
 .debug_info    0x00005ce7     0x369a CMakeFiles/90_FreeRTOS.dir/ThirdParty/FreeRTOS/tasks.c.obj
 .debug_info    0x00009381     0x1375 CMakeFiles/90_FreeRTOS.dir/ThirdParty/FreeRTOS/timers.c.obj
 .debug_info    0x0000a6f6      0x1cb CMakeFiles/90_FreeRTOS.dir/ThirdParty/SEGGER/Config/SEGGER_SYSVIEW_Config_FreeRTOS.c.obj
 .debug_info    0x0000a8c1      0x569 CMakeFiles/90_FreeRTOS.dir/ThirdParty/SEGGER/OS/SEGGER_SYSVIEW_FreeRTOS.c.obj
 .debug_info    0x0000ae2a     0x1c5e CMakeFiles/90_FreeRTOS.dir/ThirdParty/SEGGER/SEGGER/SEGGER_RTT.c.obj
 .debug_info    0x0000ca88       0x25 CMakeFiles/90_FreeRTOS.dir/ThirdParty/SEGGER/SEGGER/SEGGER_RTT_ASM_ARMv7M.S.obj
 .debug_info    0x0000caad     0x4c09 CMakeFiles/90_FreeRTOS.dir/ThirdParty/SEGGER/SEGGER/SEGGER_SYSVIEW.c.obj
 .debug_info    0x000116b6       0x30 CMakeFiles/90_FreeRTOS.dir/Startup/startup_stm32f407vgtx.s.obj
 .debug_info    0x000116e6      0x104 C:/ST/STM32CubeCLT_1.17.0/GNU-tools-for-STM32/bin/../lib/gcc/arm-none-eabi/12.3.1/../../../../arm-none-eabi/lib/thumb/v7e-m+fp/hard\libg.a(libc_a-memcmp.o)
 .debug_info    0x000117ea      0x121 C:/ST/STM32CubeCLT_1.17.0/GNU-tools-for-STM32/bin/../lib/gcc/arm-none-eabi/12.3.1/../../../../arm-none-eabi/lib/thumb/v7e-m+fp/hard\libg.a(libc_a-memcpy-stub.o)

.debug_abbrev   0x00000000     0x23d8
 .debug_abbrev  0x00000000       0xc0 CMakeFiles/90_FreeRTOS.dir/Driver/Src/flash_driver.c.obj
 .debug_abbrev  0x000000c0      0x151 CMakeFiles/90_FreeRTOS.dir/Driver/Src/gpio_driver.c.obj
 .debug_abbrev  0x00000211      0x11d CMakeFiles/90_FreeRTOS.dir/Driver/Src/rcc_driver.c.obj
 .debug_abbrev  0x0000032e      0x117 CMakeFiles/90_FreeRTOS.dir/Driver/Src/timer_driver.c.obj
 .debug_abbrev  0x00000445      0x10c CMakeFiles/90_FreeRTOS.dir/Src/Init.c.obj
 .debug_abbrev  0x00000551      0x1dd CMakeFiles/90_FreeRTOS.dir/Src/main.c.obj
 .debug_abbrev  0x0000072e      0x1be CMakeFiles/90_FreeRTOS.dir/Src/syscall.c.obj
 .debug_abbrev  0x000008ec      0x295 CMakeFiles/90_FreeRTOS.dir/ThirdParty/FreeRTOS/portable/GCC/ARM_CM4F/port.c.obj
 .debug_abbrev  0x00000b81      0x2bb CMakeFiles/90_FreeRTOS.dir/ThirdParty/FreeRTOS/portable/MemMang/heap_4.c.obj
 .debug_abbrev  0x00000e3c      0x10c CMakeFiles/90_FreeRTOS.dir/ThirdParty/FreeRTOS/list.c.obj
 .debug_abbrev  0x00000f48      0x344 CMakeFiles/90_FreeRTOS.dir/ThirdParty/FreeRTOS/queue.c.obj
 .debug_abbrev  0x0000128c      0x3f2 CMakeFiles/90_FreeRTOS.dir/ThirdParty/FreeRTOS/tasks.c.obj
 .debug_abbrev  0x0000167e      0x2e9 CMakeFiles/90_FreeRTOS.dir/ThirdParty/FreeRTOS/timers.c.obj
 .debug_abbrev  0x00001967       0xfe CMakeFiles/90_FreeRTOS.dir/ThirdParty/SEGGER/Config/SEGGER_SYSVIEW_Config_FreeRTOS.c.obj
 .debug_abbrev  0x00001a65      0x1f0 CMakeFiles/90_FreeRTOS.dir/ThirdParty/SEGGER/OS/SEGGER_SYSVIEW_FreeRTOS.c.obj
 .debug_abbrev  0x00001c55      0x280 CMakeFiles/90_FreeRTOS.dir/ThirdParty/SEGGER/SEGGER/SEGGER_RTT.c.obj
 .debug_abbrev  0x00001ed5       0x14 CMakeFiles/90_FreeRTOS.dir/ThirdParty/SEGGER/SEGGER/SEGGER_RTT_ASM_ARMv7M.S.obj
 .debug_abbrev  0x00001ee9      0x37a CMakeFiles/90_FreeRTOS.dir/ThirdParty/SEGGER/SEGGER/SEGGER_SYSVIEW.c.obj
 .debug_abbrev  0x00002263       0x24 CMakeFiles/90_FreeRTOS.dir/Startup/startup_stm32f407vgtx.s.obj
 .debug_abbrev  0x00002287       0x90 C:/ST/STM32CubeCLT_1.17.0/GNU-tools-for-STM32/bin/../lib/gcc/arm-none-eabi/12.3.1/../../../../arm-none-eabi/lib/thumb/v7e-m+fp/hard\libg.a(libc_a-memcmp.o)
 .debug_abbrev  0x00002317       0xc1 C:/ST/STM32CubeCLT_1.17.0/GNU-tools-for-STM32/bin/../lib/gcc/arm-none-eabi/12.3.1/../../../../arm-none-eabi/lib/thumb/v7e-m+fp/hard\libg.a(libc_a-memcpy-stub.o)

.debug_loclists
                0x00000000     0x8d2b
 .debug_loclists
                0x00000000       0x23 CMakeFiles/90_FreeRTOS.dir/Driver/Src/flash_driver.c.obj
 .debug_loclists
                0x00000023      0x20c CMakeFiles/90_FreeRTOS.dir/Driver/Src/gpio_driver.c.obj
 .debug_loclists
                0x0000022f       0xa1 CMakeFiles/90_FreeRTOS.dir/Driver/Src/rcc_driver.c.obj
 .debug_loclists
                0x000002d0       0x3f CMakeFiles/90_FreeRTOS.dir/Driver/Src/timer_driver.c.obj
 .debug_loclists
                0x0000030f       0xc4 CMakeFiles/90_FreeRTOS.dir/Src/main.c.obj
 .debug_loclists
                0x000003d3      0x25b CMakeFiles/90_FreeRTOS.dir/Src/syscall.c.obj
 .debug_loclists
                0x0000062e       0xda CMakeFiles/90_FreeRTOS.dir/ThirdParty/FreeRTOS/portable/GCC/ARM_CM4F/port.c.obj
 .debug_loclists
                0x00000708      0x2de CMakeFiles/90_FreeRTOS.dir/ThirdParty/FreeRTOS/portable/MemMang/heap_4.c.obj
 .debug_loclists
                0x000009e6       0x6f CMakeFiles/90_FreeRTOS.dir/ThirdParty/FreeRTOS/list.c.obj
 .debug_loclists
                0x00000a55     0x1031 CMakeFiles/90_FreeRTOS.dir/ThirdParty/FreeRTOS/queue.c.obj
 .debug_loclists
                0x00001a86     0x18c7 CMakeFiles/90_FreeRTOS.dir/ThirdParty/FreeRTOS/tasks.c.obj
 .debug_loclists
                0x0000334d      0x875 CMakeFiles/90_FreeRTOS.dir/ThirdParty/FreeRTOS/timers.c.obj
 .debug_loclists
                0x00003bc2      0x1c7 CMakeFiles/90_FreeRTOS.dir/ThirdParty/SEGGER/OS/SEGGER_SYSVIEW_FreeRTOS.c.obj
 .debug_loclists
                0x00003d89     0x167a CMakeFiles/90_FreeRTOS.dir/ThirdParty/SEGGER/SEGGER/SEGGER_RTT.c.obj
 .debug_loclists
                0x00005403     0x37f8 CMakeFiles/90_FreeRTOS.dir/ThirdParty/SEGGER/SEGGER/SEGGER_SYSVIEW.c.obj
 .debug_loclists
                0x00008bfb       0xa1 C:/ST/STM32CubeCLT_1.17.0/GNU-tools-for-STM32/bin/../lib/gcc/arm-none-eabi/12.3.1/../../../../arm-none-eabi/lib/thumb/v7e-m+fp/hard\libg.a(libc_a-memcmp.o)
 .debug_loclists
                0x00008c9c       0x8f C:/ST/STM32CubeCLT_1.17.0/GNU-tools-for-STM32/bin/../lib/gcc/arm-none-eabi/12.3.1/../../../../arm-none-eabi/lib/thumb/v7e-m+fp/hard\libg.a(libc_a-memcpy-stub.o)

.debug_aranges  0x00000000      0xc70
 .debug_aranges
                0x00000000       0x20 CMakeFiles/90_FreeRTOS.dir/Driver/Src/flash_driver.c.obj
 .debug_aranges
                0x00000020       0x58 CMakeFiles/90_FreeRTOS.dir/Driver/Src/gpio_driver.c.obj
 .debug_aranges
                0x00000078       0x58 CMakeFiles/90_FreeRTOS.dir/Driver/Src/rcc_driver.c.obj
 .debug_aranges
                0x000000d0       0x48 CMakeFiles/90_FreeRTOS.dir/Driver/Src/timer_driver.c.obj
 .debug_aranges
                0x00000118       0x50 CMakeFiles/90_FreeRTOS.dir/Src/Init.c.obj
 .debug_aranges
                0x00000168       0x60 CMakeFiles/90_FreeRTOS.dir/Src/main.c.obj
 .debug_aranges
                0x000001c8       0xb0 CMakeFiles/90_FreeRTOS.dir/Src/syscall.c.obj
 .debug_aranges
                0x00000278       0x88 CMakeFiles/90_FreeRTOS.dir/ThirdParty/FreeRTOS/portable/GCC/ARM_CM4F/port.c.obj
 .debug_aranges
                0x00000300       0x60 CMakeFiles/90_FreeRTOS.dir/ThirdParty/FreeRTOS/portable/MemMang/heap_4.c.obj
 .debug_aranges
                0x00000360       0x40 CMakeFiles/90_FreeRTOS.dir/ThirdParty/FreeRTOS/list.c.obj
 .debug_aranges
                0x000003a0      0x130 CMakeFiles/90_FreeRTOS.dir/ThirdParty/FreeRTOS/queue.c.obj
 .debug_aranges
                0x000004d0      0x208 CMakeFiles/90_FreeRTOS.dir/ThirdParty/FreeRTOS/tasks.c.obj
 .debug_aranges
                0x000006d8       0xe8 CMakeFiles/90_FreeRTOS.dir/ThirdParty/FreeRTOS/timers.c.obj
 .debug_aranges
                0x000007c0       0x28 CMakeFiles/90_FreeRTOS.dir/ThirdParty/SEGGER/Config/SEGGER_SYSVIEW_Config_FreeRTOS.c.obj
 .debug_aranges
                0x000007e8       0x48 CMakeFiles/90_FreeRTOS.dir/ThirdParty/SEGGER/OS/SEGGER_SYSVIEW_FreeRTOS.c.obj
 .debug_aranges
                0x00000830      0x138 CMakeFiles/90_FreeRTOS.dir/ThirdParty/SEGGER/SEGGER/SEGGER_RTT.c.obj
 .debug_aranges
                0x00000968       0x20 CMakeFiles/90_FreeRTOS.dir/ThirdParty/SEGGER/SEGGER/SEGGER_RTT_ASM_ARMv7M.S.obj
 .debug_aranges
                0x00000988      0x280 CMakeFiles/90_FreeRTOS.dir/ThirdParty/SEGGER/SEGGER/SEGGER_SYSVIEW.c.obj
 .debug_aranges
                0x00000c08       0x28 CMakeFiles/90_FreeRTOS.dir/Startup/startup_stm32f407vgtx.s.obj
 .debug_aranges
                0x00000c30       0x20 C:/ST/STM32CubeCLT_1.17.0/GNU-tools-for-STM32/bin/../lib/gcc/arm-none-eabi/12.3.1/../../../../arm-none-eabi/lib/thumb/v7e-m+fp/hard\libg.a(libc_a-memcmp.o)
 .debug_aranges
                0x00000c50       0x20 C:/ST/STM32CubeCLT_1.17.0/GNU-tools-for-STM32/bin/../lib/gcc/arm-none-eabi/12.3.1/../../../../arm-none-eabi/lib/thumb/v7e-m+fp/hard\libg.a(libc_a-memcpy-stub.o)

.debug_rnglists
                0x00000000      0xc5d
 .debug_rnglists
                0x00000000       0x13 CMakeFiles/90_FreeRTOS.dir/Driver/Src/flash_driver.c.obj
 .debug_rnglists
                0x00000013       0x3d CMakeFiles/90_FreeRTOS.dir/Driver/Src/gpio_driver.c.obj
 .debug_rnglists
                0x00000050       0x3d CMakeFiles/90_FreeRTOS.dir/Driver/Src/rcc_driver.c.obj
 .debug_rnglists
                0x0000008d       0x31 CMakeFiles/90_FreeRTOS.dir/Driver/Src/timer_driver.c.obj
 .debug_rnglists
                0x000000be       0x38 CMakeFiles/90_FreeRTOS.dir/Src/Init.c.obj
 .debug_rnglists
                0x000000f6       0x44 CMakeFiles/90_FreeRTOS.dir/Src/main.c.obj
 .debug_rnglists
                0x0000013a       0x7f CMakeFiles/90_FreeRTOS.dir/Src/syscall.c.obj
 .debug_rnglists
                0x000001b9       0x7d CMakeFiles/90_FreeRTOS.dir/ThirdParty/FreeRTOS/portable/GCC/ARM_CM4F/port.c.obj
 .debug_rnglists
                0x00000236       0x45 CMakeFiles/90_FreeRTOS.dir/ThirdParty/FreeRTOS/portable/MemMang/heap_4.c.obj
 .debug_rnglists
                0x0000027b       0x2b CMakeFiles/90_FreeRTOS.dir/ThirdParty/FreeRTOS/list.c.obj
 .debug_rnglists
                0x000002a6      0x197 CMakeFiles/90_FreeRTOS.dir/ThirdParty/FreeRTOS/queue.c.obj
 .debug_rnglists
                0x0000043d      0x2c7 CMakeFiles/90_FreeRTOS.dir/ThirdParty/FreeRTOS/tasks.c.obj
 .debug_rnglists
                0x00000704       0xaa CMakeFiles/90_FreeRTOS.dir/ThirdParty/FreeRTOS/timers.c.obj
 .debug_rnglists
                0x000007ae       0x19 CMakeFiles/90_FreeRTOS.dir/ThirdParty/SEGGER/Config/SEGGER_SYSVIEW_Config_FreeRTOS.c.obj
 .debug_rnglists
                0x000007c7       0x33 CMakeFiles/90_FreeRTOS.dir/ThirdParty/SEGGER/OS/SEGGER_SYSVIEW_FreeRTOS.c.obj
 .debug_rnglists
                0x000007fa      0x208 CMakeFiles/90_FreeRTOS.dir/ThirdParty/SEGGER/SEGGER/SEGGER_RTT.c.obj
 .debug_rnglists
                0x00000a02      0x21c CMakeFiles/90_FreeRTOS.dir/ThirdParty/SEGGER/SEGGER/SEGGER_SYSVIEW.c.obj
 .debug_rnglists
                0x00000c1e       0x19 CMakeFiles/90_FreeRTOS.dir/Startup/startup_stm32f407vgtx.s.obj
 .debug_rnglists
                0x00000c37       0x13 C:/ST/STM32CubeCLT_1.17.0/GNU-tools-for-STM32/bin/../lib/gcc/arm-none-eabi/12.3.1/../../../../arm-none-eabi/lib/thumb/v7e-m+fp/hard\libg.a(libc_a-memcmp.o)
 .debug_rnglists
                0x00000c4a       0x13 C:/ST/STM32CubeCLT_1.17.0/GNU-tools-for-STM32/bin/../lib/gcc/arm-none-eabi/12.3.1/../../../../arm-none-eabi/lib/thumb/v7e-m+fp/hard\libg.a(libc_a-memcpy-stub.o)

.debug_macro    0x00000000     0x6139
 .debug_macro   0x00000000       0x9d CMakeFiles/90_FreeRTOS.dir/Driver/Src/flash_driver.c.obj
 .debug_macro   0x0000009d      0xaa8 CMakeFiles/90_FreeRTOS.dir/Driver/Src/flash_driver.c.obj
 .debug_macro   0x00000b45       0x22 CMakeFiles/90_FreeRTOS.dir/Driver/Src/flash_driver.c.obj
 .debug_macro   0x00000b67       0x8e CMakeFiles/90_FreeRTOS.dir/Driver/Src/flash_driver.c.obj
 .debug_macro   0x00000bf5       0x51 CMakeFiles/90_FreeRTOS.dir/Driver/Src/flash_driver.c.obj
 .debug_macro   0x00000c46      0x103 CMakeFiles/90_FreeRTOS.dir/Driver/Src/flash_driver.c.obj
 .debug_macro   0x00000d49       0x6a CMakeFiles/90_FreeRTOS.dir/Driver/Src/flash_driver.c.obj
 .debug_macro   0x00000db3      0x1df CMakeFiles/90_FreeRTOS.dir/Driver/Src/flash_driver.c.obj
 .debug_macro   0x00000f92      0x106 CMakeFiles/90_FreeRTOS.dir/Driver/Src/flash_driver.c.obj
 .debug_macro   0x00001098       0xc4 CMakeFiles/90_FreeRTOS.dir/Driver/Src/flash_driver.c.obj
 .debug_macro   0x0000115c       0x6a CMakeFiles/90_FreeRTOS.dir/Driver/Src/flash_driver.c.obj
 .debug_macro   0x000011c6       0x28 CMakeFiles/90_FreeRTOS.dir/Driver/Src/flash_driver.c.obj
 .debug_macro   0x000011ee       0x98 CMakeFiles/90_FreeRTOS.dir/Driver/Src/gpio_driver.c.obj
 .debug_macro   0x00001286       0xbe CMakeFiles/90_FreeRTOS.dir/Driver/Src/gpio_driver.c.obj
 .debug_macro   0x00001344       0x98 CMakeFiles/90_FreeRTOS.dir/Driver/Src/rcc_driver.c.obj
 .debug_macro   0x000013dc       0x9d CMakeFiles/90_FreeRTOS.dir/Driver/Src/timer_driver.c.obj
 .debug_macro   0x00001479       0x16 CMakeFiles/90_FreeRTOS.dir/Driver/Src/timer_driver.c.obj
 .debug_macro   0x0000148f       0xe4 CMakeFiles/90_FreeRTOS.dir/Src/Init.c.obj
 .debug_macro   0x00001573       0x1c CMakeFiles/90_FreeRTOS.dir/Src/Init.c.obj
 .debug_macro   0x0000158f       0x2e CMakeFiles/90_FreeRTOS.dir/Src/Init.c.obj
 .debug_macro   0x000015bd       0x58 CMakeFiles/90_FreeRTOS.dir/Src/Init.c.obj
 .debug_macro   0x00001615       0x22 CMakeFiles/90_FreeRTOS.dir/Src/Init.c.obj
 .debug_macro   0x00001637      0x286 CMakeFiles/90_FreeRTOS.dir/Src/main.c.obj
 .debug_macro   0x000018bd       0x74 CMakeFiles/90_FreeRTOS.dir/Src/main.c.obj
 .debug_macro   0x00001931       0x2a CMakeFiles/90_FreeRTOS.dir/Src/main.c.obj
 .debug_macro   0x0000195b       0x3c CMakeFiles/90_FreeRTOS.dir/Src/main.c.obj
 .debug_macro   0x00001997       0x34 CMakeFiles/90_FreeRTOS.dir/Src/main.c.obj
 .debug_macro   0x000019cb       0x16 CMakeFiles/90_FreeRTOS.dir/Src/main.c.obj
 .debug_macro   0x000019e1       0x9e CMakeFiles/90_FreeRTOS.dir/Src/main.c.obj
 .debug_macro   0x00001a7f      0x369 CMakeFiles/90_FreeRTOS.dir/Src/main.c.obj
 .debug_macro   0x00001de8      0x10b CMakeFiles/90_FreeRTOS.dir/Src/main.c.obj
 .debug_macro   0x00001ef3       0x10 CMakeFiles/90_FreeRTOS.dir/Src/main.c.obj
 .debug_macro   0x00001f03       0x16 CMakeFiles/90_FreeRTOS.dir/Src/main.c.obj
 .debug_macro   0x00001f19       0x43 CMakeFiles/90_FreeRTOS.dir/Src/main.c.obj
 .debug_macro   0x00001f5c       0x34 CMakeFiles/90_FreeRTOS.dir/Src/main.c.obj
 .debug_macro   0x00001f90       0x10 CMakeFiles/90_FreeRTOS.dir/Src/main.c.obj
 .debug_macro   0x00001fa0       0x58 CMakeFiles/90_FreeRTOS.dir/Src/main.c.obj
 .debug_macro   0x00001ff8      0x1de CMakeFiles/90_FreeRTOS.dir/Src/main.c.obj
 .debug_macro   0x000021d6       0x16 CMakeFiles/90_FreeRTOS.dir/Src/main.c.obj
 .debug_macro   0x000021ec       0x16 CMakeFiles/90_FreeRTOS.dir/Src/main.c.obj
 .debug_macro   0x00002202      0x170 CMakeFiles/90_FreeRTOS.dir/Src/main.c.obj
 .debug_macro   0x00002372      0x106 CMakeFiles/90_FreeRTOS.dir/Src/main.c.obj
 .debug_macro   0x00002478       0x4c CMakeFiles/90_FreeRTOS.dir/Src/main.c.obj
 .debug_macro   0x000024c4       0x46 CMakeFiles/90_FreeRTOS.dir/Src/main.c.obj
 .debug_macro   0x0000250a       0x64 CMakeFiles/90_FreeRTOS.dir/Src/main.c.obj
 .debug_macro   0x0000256e       0x49 CMakeFiles/90_FreeRTOS.dir/Src/main.c.obj
 .debug_macro   0x000025b7       0xc3 CMakeFiles/90_FreeRTOS.dir/Src/main.c.obj
 .debug_macro   0x0000267a      0x204 CMakeFiles/90_FreeRTOS.dir/Src/main.c.obj
 .debug_macro   0x0000287e      0x450 CMakeFiles/90_FreeRTOS.dir/Src/main.c.obj
 .debug_macro   0x00002cce      0x15a CMakeFiles/90_FreeRTOS.dir/Src/main.c.obj
 .debug_macro   0x00002e28       0xea CMakeFiles/90_FreeRTOS.dir/Src/main.c.obj
 .debug_macro   0x00002f12       0x28 CMakeFiles/90_FreeRTOS.dir/Src/main.c.obj
 .debug_macro   0x00002f3a       0x1f CMakeFiles/90_FreeRTOS.dir/Src/main.c.obj
 .debug_macro   0x00002f59       0x12 CMakeFiles/90_FreeRTOS.dir/Src/main.c.obj
 .debug_macro   0x00002f6b      0x400 CMakeFiles/90_FreeRTOS.dir/Src/main.c.obj
 .debug_macro   0x0000336b       0xc3 CMakeFiles/90_FreeRTOS.dir/Src/main.c.obj
 .debug_macro   0x0000342e      0x120 CMakeFiles/90_FreeRTOS.dir/Src/main.c.obj
 .debug_macro   0x0000354e      0x277 CMakeFiles/90_FreeRTOS.dir/Src/syscall.c.obj
 .debug_macro   0x000037c5       0x6e CMakeFiles/90_FreeRTOS.dir/Src/syscall.c.obj
 .debug_macro   0x00003833       0x94 CMakeFiles/90_FreeRTOS.dir/Src/syscall.c.obj
 .debug_macro   0x000038c7       0x57 CMakeFiles/90_FreeRTOS.dir/Src/syscall.c.obj
 .debug_macro   0x0000391e      0x189 CMakeFiles/90_FreeRTOS.dir/Src/syscall.c.obj
 .debug_macro   0x00003aa7       0x10 CMakeFiles/90_FreeRTOS.dir/Src/syscall.c.obj
 .debug_macro   0x00003ab7       0x35 CMakeFiles/90_FreeRTOS.dir/Src/syscall.c.obj
 .debug_macro   0x00003aec       0x10 CMakeFiles/90_FreeRTOS.dir/Src/syscall.c.obj
 .debug_macro   0x00003afc       0x10 CMakeFiles/90_FreeRTOS.dir/Src/syscall.c.obj
 .debug_macro   0x00003b0c       0x10 CMakeFiles/90_FreeRTOS.dir/Src/syscall.c.obj
 .debug_macro   0x00003b1c       0x1c CMakeFiles/90_FreeRTOS.dir/Src/syscall.c.obj
 .debug_macro   0x00003b38       0x52 CMakeFiles/90_FreeRTOS.dir/Src/syscall.c.obj
 .debug_macro   0x00003b8a       0x22 CMakeFiles/90_FreeRTOS.dir/Src/syscall.c.obj
 .debug_macro   0x00003bac       0x10 CMakeFiles/90_FreeRTOS.dir/Src/syscall.c.obj
 .debug_macro   0x00003bbc       0x52 CMakeFiles/90_FreeRTOS.dir/Src/syscall.c.obj
 .debug_macro   0x00003c0e       0xcf CMakeFiles/90_FreeRTOS.dir/Src/syscall.c.obj
 .debug_macro   0x00003cdd       0x1c CMakeFiles/90_FreeRTOS.dir/Src/syscall.c.obj
 .debug_macro   0x00003cf9       0x3d CMakeFiles/90_FreeRTOS.dir/Src/syscall.c.obj
 .debug_macro   0x00003d36       0x35 CMakeFiles/90_FreeRTOS.dir/Src/syscall.c.obj
 .debug_macro   0x00003d6b      0x12c CMakeFiles/90_FreeRTOS.dir/Src/syscall.c.obj
 .debug_macro   0x00003e97       0x16 CMakeFiles/90_FreeRTOS.dir/Src/syscall.c.obj
 .debug_macro   0x00003ead       0x16 CMakeFiles/90_FreeRTOS.dir/Src/syscall.c.obj
 .debug_macro   0x00003ec3       0x29 CMakeFiles/90_FreeRTOS.dir/Src/syscall.c.obj
 .debug_macro   0x00003eec       0x10 CMakeFiles/90_FreeRTOS.dir/Src/syscall.c.obj
 .debug_macro   0x00003efc      0x242 CMakeFiles/90_FreeRTOS.dir/Src/syscall.c.obj
 .debug_macro   0x0000413e       0x1c CMakeFiles/90_FreeRTOS.dir/Src/syscall.c.obj
 .debug_macro   0x0000415a       0x10 CMakeFiles/90_FreeRTOS.dir/Src/syscall.c.obj
 .debug_macro   0x0000416a      0x18a CMakeFiles/90_FreeRTOS.dir/Src/syscall.c.obj
 .debug_macro   0x000042f4       0x16 CMakeFiles/90_FreeRTOS.dir/Src/syscall.c.obj
 .debug_macro   0x0000430a       0xce CMakeFiles/90_FreeRTOS.dir/Src/syscall.c.obj
 .debug_macro   0x000043d8      0x208 CMakeFiles/90_FreeRTOS.dir/ThirdParty/FreeRTOS/portable/GCC/ARM_CM4F/port.c.obj
 .debug_macro   0x000045e0       0x58 CMakeFiles/90_FreeRTOS.dir/ThirdParty/FreeRTOS/portable/GCC/ARM_CM4F/port.c.obj
 .debug_macro   0x00004638       0x49 CMakeFiles/90_FreeRTOS.dir/ThirdParty/FreeRTOS/portable/GCC/ARM_CM4F/port.c.obj
 .debug_macro   0x00004681      0x26b CMakeFiles/90_FreeRTOS.dir/ThirdParty/FreeRTOS/portable/MemMang/heap_4.c.obj
 .debug_macro   0x000048ec      0x11c CMakeFiles/90_FreeRTOS.dir/ThirdParty/FreeRTOS/portable/MemMang/heap_4.c.obj
 .debug_macro   0x00004a08       0x94 CMakeFiles/90_FreeRTOS.dir/ThirdParty/FreeRTOS/portable/MemMang/heap_4.c.obj
 .debug_macro   0x00004a9c       0x16 CMakeFiles/90_FreeRTOS.dir/ThirdParty/FreeRTOS/portable/MemMang/heap_4.c.obj
 .debug_macro   0x00004ab2       0x20 CMakeFiles/90_FreeRTOS.dir/ThirdParty/FreeRTOS/portable/MemMang/heap_4.c.obj
 .debug_macro   0x00004ad2      0x1ea CMakeFiles/90_FreeRTOS.dir/ThirdParty/FreeRTOS/list.c.obj
 .debug_macro   0x00004cbc      0x281 CMakeFiles/90_FreeRTOS.dir/ThirdParty/FreeRTOS/queue.c.obj
 .debug_macro   0x00004f3d       0x80 CMakeFiles/90_FreeRTOS.dir/ThirdParty/FreeRTOS/queue.c.obj
 .debug_macro   0x00004fbd      0x2d0 CMakeFiles/90_FreeRTOS.dir/ThirdParty/FreeRTOS/tasks.c.obj
 .debug_macro   0x0000528d       0x17 CMakeFiles/90_FreeRTOS.dir/ThirdParty/FreeRTOS/tasks.c.obj
 .debug_macro   0x000052a4      0x239 CMakeFiles/90_FreeRTOS.dir/ThirdParty/FreeRTOS/timers.c.obj
 .debug_macro   0x000054dd       0x97 CMakeFiles/90_FreeRTOS.dir/ThirdParty/FreeRTOS/timers.c.obj
 .debug_macro   0x00005574      0x13c CMakeFiles/90_FreeRTOS.dir/ThirdParty/SEGGER/Config/SEGGER_SYSVIEW_Config_FreeRTOS.c.obj
 .debug_macro   0x000056b0      0x1f9 CMakeFiles/90_FreeRTOS.dir/ThirdParty/SEGGER/OS/SEGGER_SYSVIEW_FreeRTOS.c.obj
 .debug_macro   0x000058a9      0x1ae CMakeFiles/90_FreeRTOS.dir/ThirdParty/SEGGER/SEGGER/SEGGER_RTT.c.obj
 .debug_macro   0x00005a57       0x34 CMakeFiles/90_FreeRTOS.dir/ThirdParty/SEGGER/SEGGER/SEGGER_RTT.c.obj
 .debug_macro   0x00005a8b      0x138 CMakeFiles/90_FreeRTOS.dir/ThirdParty/SEGGER/SEGGER/SEGGER_RTT.c.obj
 .debug_macro   0x00005bc3      0x204 CMakeFiles/90_FreeRTOS.dir/ThirdParty/SEGGER/SEGGER/SEGGER_SYSVIEW.c.obj
 .debug_macro   0x00005dc7      0x204 CMakeFiles/90_FreeRTOS.dir/ThirdParty/SEGGER/SEGGER/SEGGER_SYSVIEW.c.obj
 .debug_macro   0x00005fcb      0x16e CMakeFiles/90_FreeRTOS.dir/ThirdParty/SEGGER/SEGGER/SEGGER_SYSVIEW.c.obj

.debug_line     0x00000000    0x10f0c
 .debug_line    0x00000000      0x30f CMakeFiles/90_FreeRTOS.dir/Driver/Src/flash_driver.c.obj
 .debug_line    0x0000030f      0x446 CMakeFiles/90_FreeRTOS.dir/Driver/Src/gpio_driver.c.obj
 .debug_line    0x00000755      0x4db CMakeFiles/90_FreeRTOS.dir/Driver/Src/rcc_driver.c.obj
 .debug_line    0x00000c30      0x3e9 CMakeFiles/90_FreeRTOS.dir/Driver/Src/timer_driver.c.obj
 .debug_line    0x00001019      0x409 CMakeFiles/90_FreeRTOS.dir/Src/Init.c.obj
 .debug_line    0x00001422      0xa3e CMakeFiles/90_FreeRTOS.dir/Src/main.c.obj
 .debug_line    0x00001e60      0x72f CMakeFiles/90_FreeRTOS.dir/Src/syscall.c.obj
 .debug_line    0x0000258f      0xbaf CMakeFiles/90_FreeRTOS.dir/ThirdParty/FreeRTOS/portable/GCC/ARM_CM4F/port.c.obj
 .debug_line    0x0000313e      0xb53 CMakeFiles/90_FreeRTOS.dir/ThirdParty/FreeRTOS/portable/MemMang/heap_4.c.obj
 .debug_line    0x00003c91      0x743 CMakeFiles/90_FreeRTOS.dir/ThirdParty/FreeRTOS/list.c.obj
 .debug_line    0x000043d4     0x2051 CMakeFiles/90_FreeRTOS.dir/ThirdParty/FreeRTOS/queue.c.obj
 .debug_line    0x00006425     0x3343 CMakeFiles/90_FreeRTOS.dir/ThirdParty/FreeRTOS/tasks.c.obj
 .debug_line    0x00009768      0xfd1 CMakeFiles/90_FreeRTOS.dir/ThirdParty/FreeRTOS/timers.c.obj
 .debug_line    0x0000a739      0x52c CMakeFiles/90_FreeRTOS.dir/ThirdParty/SEGGER/Config/SEGGER_SYSVIEW_Config_FreeRTOS.c.obj
 .debug_line    0x0000ac65      0x7e4 CMakeFiles/90_FreeRTOS.dir/ThirdParty/SEGGER/OS/SEGGER_SYSVIEW_FreeRTOS.c.obj
 .debug_line    0x0000b449     0x16f9 CMakeFiles/90_FreeRTOS.dir/ThirdParty/SEGGER/SEGGER/SEGGER_RTT.c.obj
 .debug_line    0x0000cb42       0x86 CMakeFiles/90_FreeRTOS.dir/ThirdParty/SEGGER/SEGGER/SEGGER_RTT_ASM_ARMv7M.S.obj
 .debug_line    0x0000cbc8     0x3f2a CMakeFiles/90_FreeRTOS.dir/ThirdParty/SEGGER/SEGGER/SEGGER_SYSVIEW.c.obj
 .debug_line    0x00010af2       0x7b CMakeFiles/90_FreeRTOS.dir/Startup/startup_stm32f407vgtx.s.obj
 .debug_line    0x00010b6d      0x19d C:/ST/STM32CubeCLT_1.17.0/GNU-tools-for-STM32/bin/../lib/gcc/arm-none-eabi/12.3.1/../../../../arm-none-eabi/lib/thumb/v7e-m+fp/hard\libg.a(libc_a-memcmp.o)
 .debug_line    0x00010d0a      0x202 C:/ST/STM32CubeCLT_1.17.0/GNU-tools-for-STM32/bin/../lib/gcc/arm-none-eabi/12.3.1/../../../../arm-none-eabi/lib/thumb/v7e-m+fp/hard\libg.a(libc_a-memcpy-stub.o)

.debug_str      0x00000000    0x19722
 .debug_str     0x00000000     0x40d3 CMakeFiles/90_FreeRTOS.dir/Driver/Src/flash_driver.c.obj
                               0x426e (size before relaxing)
 .debug_str     0x000040d3      0x126 CMakeFiles/90_FreeRTOS.dir/Driver/Src/gpio_driver.c.obj
                               0x42a1 (size before relaxing)
 .debug_str     0x000041f9      0x24b CMakeFiles/90_FreeRTOS.dir/Driver/Src/rcc_driver.c.obj
                               0x43cf (size before relaxing)
 .debug_str     0x00004444       0xe8 CMakeFiles/90_FreeRTOS.dir/Driver/Src/timer_driver.c.obj
                               0x42ae (size before relaxing)
 .debug_str     0x0000452c      0x330 CMakeFiles/90_FreeRTOS.dir/Src/Init.c.obj
                               0x46a7 (size before relaxing)
 .debug_str     0x0000485c     0xc3db CMakeFiles/90_FreeRTOS.dir/Src/main.c.obj
                              0x109b8 (size before relaxing)
 .debug_str     0x00010c37     0x1ffd CMakeFiles/90_FreeRTOS.dir/Src/syscall.c.obj
                               0x93f0 (size before relaxing)
 .debug_str     0x00012c34      0xaab CMakeFiles/90_FreeRTOS.dir/ThirdParty/FreeRTOS/portable/GCC/ARM_CM4F/port.c.obj
                               0xd8ff (size before relaxing)
 .debug_str     0x000136df      0x6ea CMakeFiles/90_FreeRTOS.dir/ThirdParty/FreeRTOS/portable/MemMang/heap_4.c.obj
                              0x1028a (size before relaxing)
 .debug_str     0x00013dc9      0x13a CMakeFiles/90_FreeRTOS.dir/ThirdParty/FreeRTOS/list.c.obj
                               0xea4f (size before relaxing)
 .debug_str     0x00013f03     0x13f2 CMakeFiles/90_FreeRTOS.dir/ThirdParty/FreeRTOS/queue.c.obj
                              0x111e1 (size before relaxing)
 .debug_str     0x000152f5     0x1b90 CMakeFiles/90_FreeRTOS.dir/ThirdParty/FreeRTOS/tasks.c.obj
                              0x11d16 (size before relaxing)
 .debug_str     0x00016e85      0x558 CMakeFiles/90_FreeRTOS.dir/ThirdParty/FreeRTOS/timers.c.obj
                              0x112ce (size before relaxing)
 .debug_str     0x000173dd      0x1e5 CMakeFiles/90_FreeRTOS.dir/ThirdParty/SEGGER/Config/SEGGER_SYSVIEW_Config_FreeRTOS.c.obj
                               0xb3bf (size before relaxing)
 .debug_str     0x000175c2      0x118 CMakeFiles/90_FreeRTOS.dir/ThirdParty/SEGGER/OS/SEGGER_SYSVIEW_FreeRTOS.c.obj
                               0xfca4 (size before relaxing)
 .debug_str     0x000176da     0x1071 CMakeFiles/90_FreeRTOS.dir/ThirdParty/SEGGER/SEGGER/SEGGER_RTT.c.obj
                               0x75f8 (size before relaxing)
 .debug_str     0x0001874b       0x5f CMakeFiles/90_FreeRTOS.dir/ThirdParty/SEGGER/SEGGER/SEGGER_RTT_ASM_ARMv7M.S.obj
                                 0x8b (size before relaxing)
 .debug_str     0x000187aa      0xd49 CMakeFiles/90_FreeRTOS.dir/ThirdParty/SEGGER/SEGGER/SEGGER_SYSVIEW.c.obj
                               0x95f7 (size before relaxing)
 .debug_str     0x000194f3       0x4e CMakeFiles/90_FreeRTOS.dir/Startup/startup_stm32f407vgtx.s.obj
                                 0x88 (size before relaxing)
 .debug_str     0x00019541      0x169 C:/ST/STM32CubeCLT_1.17.0/GNU-tools-for-STM32/bin/../lib/gcc/arm-none-eabi/12.3.1/../../../../arm-none-eabi/lib/thumb/v7e-m+fp/hard\libg.a(libc_a-memcmp.o)
                                0x20c (size before relaxing)
 .debug_str     0x000196aa       0x78 C:/ST/STM32CubeCLT_1.17.0/GNU-tools-for-STM32/bin/../lib/gcc/arm-none-eabi/12.3.1/../../../../arm-none-eabi/lib/thumb/v7e-m+fp/hard\libg.a(libc_a-memcpy-stub.o)
                                0x22a (size before relaxing)

.comment        0x00000000       0x43
 .comment       0x00000000       0x43 CMakeFiles/90_FreeRTOS.dir/Driver/Src/flash_driver.c.obj
                                 0x44 (size before relaxing)
 .comment       0x00000043       0x44 CMakeFiles/90_FreeRTOS.dir/Driver/Src/gpio_driver.c.obj
 .comment       0x00000043       0x44 CMakeFiles/90_FreeRTOS.dir/Driver/Src/rcc_driver.c.obj
 .comment       0x00000043       0x44 CMakeFiles/90_FreeRTOS.dir/Driver/Src/timer_driver.c.obj
 .comment       0x00000043       0x44 CMakeFiles/90_FreeRTOS.dir/Src/Init.c.obj
 .comment       0x00000043       0x44 CMakeFiles/90_FreeRTOS.dir/Src/main.c.obj
 .comment       0x00000043       0x44 CMakeFiles/90_FreeRTOS.dir/Src/syscall.c.obj
 .comment       0x00000043       0x44 CMakeFiles/90_FreeRTOS.dir/ThirdParty/FreeRTOS/portable/GCC/ARM_CM4F/port.c.obj
 .comment       0x00000043       0x44 CMakeFiles/90_FreeRTOS.dir/ThirdParty/FreeRTOS/portable/MemMang/heap_4.c.obj
 .comment       0x00000043       0x44 CMakeFiles/90_FreeRTOS.dir/ThirdParty/FreeRTOS/list.c.obj
 .comment       0x00000043       0x44 CMakeFiles/90_FreeRTOS.dir/ThirdParty/FreeRTOS/queue.c.obj
 .comment       0x00000043       0x44 CMakeFiles/90_FreeRTOS.dir/ThirdParty/FreeRTOS/tasks.c.obj
 .comment       0x00000043       0x44 CMakeFiles/90_FreeRTOS.dir/ThirdParty/FreeRTOS/timers.c.obj
 .comment       0x00000043       0x44 CMakeFiles/90_FreeRTOS.dir/ThirdParty/SEGGER/Config/SEGGER_SYSVIEW_Config_FreeRTOS.c.obj
 .comment       0x00000043       0x44 CMakeFiles/90_FreeRTOS.dir/ThirdParty/SEGGER/OS/SEGGER_SYSVIEW_FreeRTOS.c.obj
 .comment       0x00000043       0x44 CMakeFiles/90_FreeRTOS.dir/ThirdParty/SEGGER/SEGGER/SEGGER_RTT.c.obj
 .comment       0x00000043       0x44 CMakeFiles/90_FreeRTOS.dir/ThirdParty/SEGGER/SEGGER/SEGGER_SYSVIEW.c.obj
 .comment       0x00000043       0x44 C:/ST/STM32CubeCLT_1.17.0/GNU-tools-for-STM32/bin/../lib/gcc/arm-none-eabi/12.3.1/../../../../arm-none-eabi/lib/thumb/v7e-m+fp/hard\libg.a(libc_a-memcmp.o)
 .comment       0x00000043       0x44 C:/ST/STM32CubeCLT_1.17.0/GNU-tools-for-STM32/bin/../lib/gcc/arm-none-eabi/12.3.1/../../../../arm-none-eabi/lib/thumb/v7e-m+fp/hard\libg.a(libc_a-memcpy-stub.o)

.debug_line_str
                0x00000000       0xbd
 .debug_line_str
                0x00000000       0x7d CMakeFiles/90_FreeRTOS.dir/ThirdParty/SEGGER/SEGGER/SEGGER_RTT_ASM_ARMv7M.S.obj
 .debug_line_str
                0x0000007d       0x40 CMakeFiles/90_FreeRTOS.dir/Startup/startup_stm32f407vgtx.s.obj